[CFG] key='control_style'(13) value='classic'
[CFG] key='invert_controller_y'(19) value='0'
[CFG] key='crosshair'(9) value='1'
[CFG] key='crosshair_style'(15) value='3'
[CFG] key='refresh_rate'(12) value='60'
[CFG] key='retroachievements'(17) value='1'
[CFG] >> retroachievements branch: atoi=1 -> retroAchievements=1
[CFG] key='ra_username'(11) value='KushAstronaut'
[CFG] key='ra_password'(11) value='101F66d283,,'
[CFG] key='use_pgxp'(8) value='0'
[CFG] key='cutscene_line_gap_ms'(20) value='300'
[CFG] key='video_720p'(10) value='1'
[CFG] key='log_diag'(8) value='0control_2d = 1'
[CFG] key='control_2d'(10) value='0'
[SH-XBOX] SEH crash logger installed (frame=0xd0032c60 handler=0x2f1220)
[SH-XBOX] build c341e396e+wt id=0809-041444 (2026-08-09 04:14:44)
[FS] D: -> '\Device\Harddisk0\Partition1\Apps\SH\' (wasMounted=1 remap=ok)
[SH-XBOX] boot: video 1280x720x32 (720p, pillarboxed 4:3)
[GTE] RotTransPers v(64,32,512) -> sx=352 sy=256 sz=128 flag=0x1000 (expect sx=352 sy=256)
[SH-XBOX] pbkit initialised
[CD] xbe dir = '\Device\Harddisk0\Partition1\Apps\SH\' (mounted Q:)
[CD] disc image: Q:\Silent Hill (USA).bin
[CD] BIN: Q:\Silent Hill (USA).bin
[SH-XBOX] NV2A fb 1280x720, content 960x720 at x=160
[SH-XBOX] NV2A backend ready (batch=65536 verts)
[SH-XBOX] USB pad init done
[MCRD] card path = E:\UDATA\SH010000\0.MCD
[SH-XBOX] PSX RAM @ 0xdca11c
[SH-XBOX] game data initialised
[SH-XBOX] subsystems up; entering MainLoop
[RA] init: enabled=1 user='KushAstronaut' token=none passwordLen=12
[NET] up, DHCP IP 192.168.1.123
[RA] syswork native: npcs=0x1A0 bones=0x26A0 tailA=0x91D0 targetNpc=0x92A8 light=0x92B0 sizeof=38588
[FREEZE] target ok: 1280x720 (GPU copy, no CPU readback)
[FOGST-GPU] clear=0xff000000
[SH-XBOX] layout check ok: sizeof(s_SysWork)=38588 sizeof(s_GameWork)=1496
[XA] SetVolume L=0 R=0
[ARENA] buf0=0x7fdd0008 buf1=0x7fbc0008
[SH-XBOX] GameState -> 0 (step 0)
[RA] http POST http://retroachievements.org/dorequest.php
[NET] POST retroachievements.org -> 200 (253 bytes)
[RA] http -> status=200 bodyLen=253 body='{"Success":true,"User":"KushAstronaut","AvatarUrl":"https:\/'
[RA] logged in as KushAstronaut
RA: signed in as KushAstronaut
[RA] disc hash 469d5cf1428d3f6f2234aa5be058f3ec
[MCFSM] state=0 step=0 (was -1/-1 after 0 f)
[OT] DrawOTag head=0xd4cecc (walking; per-node trace off)
[OT] walk done after 2048 nodes (cap hit=0)
[RA] http POST http://retroachievements.org/dorequest.php
[NET] POST retroachievements.org -> 200 (136271 bytes)
[RA] http -> status=200 bodyLen=136271 body='{"Success":true,"GameId":11252,"Title":"Silent Hill","ImageI'
[MCFSM] state=1 step=0 (was 0/0 after 0 f)
[MCRD] card_info chan=0 -> IOE (n=1)
[RA] http POST http://retroachievements.org/dorequest.php
[NET] POST retroachievements.org -> 200 (200 bytes)
[RA] http -> status=200 bodyLen=200 body='{"Success":true,"ServerNow":1786263963,"HardcoreUnlocks":[],'
[RA] set reads 0x800BCAD8 (mapped)
[RA] set reads 0x800BCC7E (mapped)
[RA] set reads 0x800BCBA2 (mapped)
[RA] set reads 0x800BC0C8 (mapped)
[RA] set reads 0x800BC26E (mapped)
[RA] set reads 0x800BC192 (mapped)
[RA] set reads 0x800B2214 (mapped)
[RA] set reads 0x800BC6A8 (mapped)
[RA] achievement read of unmapped PSX address 0x800BCD6C - needs a translation entry
[RA] achievement read of unmapped PSX address 0x800C168C - needs a translation entry
[RA] achievement read of unmapped PSX address 0x800C0C7C - needs a translation entry
[RA] achievement read of unmapped PSX address 0x800C125C - needs a translation entry
[RA] achievement read of unmapped PSX address 0x800C6F2D - needs a translation entry
[RA] achievement read of unmapped PSX address 0x800C651D - needs a translation entry
[RA] achievement read of unmapped PSX address 0x800C6AFD - needs a translation entry
[RA] achievement read of unmapped PSX address 0x800C4476 - needs a translation entry
[RA] matched game 11252 "Silent Hill"
[RA] worklist UNMAPPED 0x800BCD6C (memsize=0)
[RA] worklist UNMAPPED 0x800C168C (memsize=1)
[RA] worklist UNMAPPED 0x800C0C7C (memsize=1)
[RA] worklist UNMAPPED 0x800C125C (memsize=1)
[RA] worklist UNMAPPED 0x800C6F2D (memsize=0)
[RA] worklist UNMAPPED 0x800C651D (memsize=0)
[RA] worklist UNMAPPED 0x800C6AFD (memsize=0)
[RA] worklist UNMAPPED 0x800C4476 (memsize=1)
[RA] worklist UNMAPPED 0x800C4472 (memsize=0)
[RA] worklist UNMAPPED 0x800C4470 (memsize=0)
[RA] worklist: 352 memrefs total, 10 unserved, 10 distinct-unmapped listed
[RA] culprit: achiev id=83576 'Wounds That Won't Heal' reads unmapped 0x800BCD6C
[RA] culprit: achiev id=86517 'What Is Keeping That Child Alive?' reads unmapped 0x800C168C
[RA] culprit: achiev id=86517 'What Is Keeping That Child Alive?' reads unmapped 0x800C0C7C
[RA] culprit: achiev id=86517 'What Is Keeping That Child Alive?' reads unmapped 0x800C125C
[RA] culprit: achiev id=86663 'Scary Harry I' reads unmapped 0x800C6F2D
[RA] culprit: achiev id=86663 'Scary Harry I' reads unmapped 0x800C651D
[RA] culprit: achiev id=86663 'Scary Harry I' reads unmapped 0x800C6AFD
[RA] culprit: achiev id=86664 'Scary Harry II' reads unmapped 0x800C6F2D
[RA] culprit: achiev id=86664 'Scary Harry II' reads unmapped 0x800C651D
[RA] culprit: achiev id=86664 'Scary Harry II' reads unmapped 0x800C6AFD
[RA] culprit: achiev id=86665 'Scary Harry III' reads unmapped 0x800C6F2D
[RA] culprit: achiev id=86665 'Scary Harry III' reads unmapped 0x800C651D
[RA] culprit: achiev id=86665 'Scary Harry III' reads unmapped 0x800C6AFD
[RA] culprit: achiev id=86666 'Scary Harry IV' reads unmapped 0x800C6F2D
[RA] culprit: achiev id=86666 'Scary Harry IV' reads unmapped 0x800C651D
[RA] culprit: achiev id=86666 'Scary Harry IV' reads unmapped 0x800C6AFD
[RA] culprit: achiev id=86667 'Scary Harry V' reads unmapped 0x800C6F2D
[RA] culprit: achiev id=86667 'Scary Harry V' reads unmapped 0x800C651D
[RA] culprit: achiev id=86667 'Scary Harry V' reads unmapped 0x800C6AFD
[RA] culprit: achiev id=86668 'Scary Harry VI' reads unmapped 0x800C6F2D
[RA] culprit: achiev id=86668 'Scary Harry VI' reads unmapped 0x800C651D
[RA] culprit: achiev id=86668 'Scary Harry VI' reads unmapped 0x800C6AFD
[RA] culprit: achiev id=86422 'Harry the Swift' reads unmapped 0x800C4476
[RA] culprit: achiev id=86422 'Harry the Swift' reads unmapped 0x800C4472
[RA] culprit: achiev id=86423 'Daring Harry' reads unmapped 0x800C4470
[RA] culprit: achiev id=86427 'Harry the Best' reads unmapped 0x800C4472
[RA] culprit: achiev id=86427 'Harry the Best' reads unmapped 0x800C4470
[RA] trace 84008: not in runtime (already unlocked?)
[RA] ach lock id=84002 5p 'Keys for Eclipse'
[RA] ach lock id=84005 5p 'Old Man's Hand'
[RA] ach lock id=84007 5p 'Broken Notes'
[RA] ach lock id=85474 5p 'Harry in Wonderland'
[RA] ach lock id=85476 5p 'Loneliness'
[RA] ach lock id=86028 5p 'Sand Castles'
[RA] ach lock id=86080 10p 'I'll Kill You'
[RA] ach lock id=86340 5p 'Eww Eww Eww'
[RA] ach lock id=86506 10p 'Paging Dr. Kaufmann'
[RA] ach lock id=86341 5p 'Our Little Secret'
[RA] ach lock id=86342 10p 'Pour Some Sugar On Me, Baby'
[RA] ach lock id=86343 10p 'Merry-Go-Down'
[RA] ach lock id=86344 5p 'Grim Reaper's List'
[RA] ach lock id=86345 5p 'The Stone of Time'
[RA] ach lock id=83576 10p 'Wounds That Won't Heal'
[RA] ach lock id=86347 5p 'Illuminating the Darkness'
[RA] ach lock id=86517 10p 'What Is Keeping That Child Alive?'
[RA] ach lock id=86348 3p 'What's Going On with That Refrigerator?'
[RA] ach lock id=86428 10p 'My Heaven'
[RA] ach lock id=86518 10p 'Awakening'
[RA] ach lock id=86503 10p 'The Archer and the Beast'
[RA] ach lock id=86504 10p 'The Pit of Calamity'
[RA] ach lock id=86505 10p 'Erratic'
[RA] ach lock id=86513 10p 'Sifod'
[RA] ach lock id=86519 10p 'Thank You...'
[RA] ach lock id=86023 5p 'Target Practice'
[RA] ach lock id=86022 10p 'Triggered'
[RA] ach lock id=86024 25p 'Gun Control: Alessa's New Nightmare'
[RA] ach lock id=86026 10p 'Fa-fa-fa-fa, Fa-fa-fa-fa-fa, Fa, Better'
[RA] ach lock id=86027 25p 'Hammerin' Harry'
[RA] ach lock id=86346 10p 'Doomsday Prepper'
[RA] ach lock id=86349 10p 'Drillin' Like a Villain'
[RA] ach lock id=84003 10p 'Harry the Weeb'
[RA] ach lock id=84004 10p 'Silent Hill Chainsaw Massacre'
[RA] ach lock id=86520 10p 'A Gift from Outer Space'
[RA] ach lock id=86507 10p 'Like the Back of My Hand I'
[RA] ach lock id=86508 10p 'Like the Back of My Hand II'
[RA] ach lock id=86509 10p 'Like the Back of My Hand III'
[RA] ach lock id=86510 10p 'Like the Back of My Hand IV'
[RA] ach lock id=86516 5p 'Like the Back of My Hand V'
[RA] ach lock id=86663 5p 'Scary Harry I'
[RA] ach lock id=86664 10p 'Scary Harry II'
[RA] ach lock id=86665 10p 'Scary Harry III'
[RA] ach lock id=86666 10p 'Scary Harry IV'
[RA] ach lock id=86667 10p 'Scary Harry V'
[RA] ach lock id=86668 10p 'Scary Harry VI'
[RA] ach lock id=86422 25p 'Harry the Swift'
[RA] ach lock id=86423 25p 'Daring Harry'
[RA] ach lock id=86424 5p 'Harry the Okay'
[RA] ach lock id=86425 10p 'Harry the Good'
[RA] ach lock id=86426 25p 'Harry the Great'
[RA] ach lock id=86427 50p 'Harry the Best'
[RA] ach lock id=86662 5p 'That Light...'
[RA] ach lock id=86502 5p 'UFO Sighting I'
[RA] ach lock id=86511 5p 'UFO Sighting II'
[RA] ach lock id=86512 5p 'UFO Sighting III'
[RA] ach lock id=86514 5p 'UFO Sighting IV'
[RA] ach lock id=86515 5p 'UFO Sighting V'
[RA] ach lock id=86429 25p 'Tears of...'
[RA] ach lock id=86430 10p 'Killing Time'
[RA] ach lock id=86431 10p 'She'
[RA] ach lock id=86432 10p 'Esperandote'
[RA] ach lock id=86433 10p 'Ayyy'
[RA] ach UNLK id=101000001 0p 'Warning: Unknown Emulator'
[RA] ach UNLK id=86483 3p 'What a Nightmare...'
[RA] ach UNLK id=84008 10p 'Who's Afraid of a Reptile?'
[RA] ach UNLK id=86025 5p 'Knife to Meet You'
[RA] roster: 63 locked, 4 unlocked (67 total)
RetroAchievements: 3/66 (18 pts)
[MCFSM] state=1 step=2 (was 1/0 after 0 f)
[MCFSM] state=0 step=0 (was 1/2 after 0 f)
[MCFSM] state=1 step=0 (was 0/0 after 0 f)
[MCRD] card_info chan=0 -> IOE (n=2)
[MCFSM] state=1 step=2 (was 1/0 after 0 f)
[MCFSM] state=2 step=0 (was 1/2 after 0 f)
[MCRD] card_clear chan=0 -> IOE (n=1)
[MCFSM] state=2 step=2 (was 2/0 after 0 f)
[MCFSM] state=3 step=0 (was 2/2 after 0 f)
[MCRD] card_load chan=0 -> IOE (n=1)
[MCFSM] state=3 step=2 (was 3/0 after 0 f)
[MCFSM] state=4 step=0 (was 3/2 after 0 f)
[MCRD] dir scan chan=0 (n=1)
[MCFSM] state=0 step=0 (was 4/0 after 0 f)
[MCFSM] state=6 step=0 (was 0/0 after 0 f)
[MCRD] open 'bu00:BASLUS-00707SILENT00' flags=0x8001 -> h=1 dir=1 size=8192
[MCFSM] state=7 step=0 (was 6/0 after 0 f)
[MCFSM] state=7 step=2 (was 7/0 after 0 f)
[MCRD] read h=1 dir=1 ofs=512 len=256 ok
[LOOSE/INIT] allow_loose_files=0  base=gamedata/load/  verbose=no
[MCFSM] state=7 step=3 (was 7/2 after 0 f)
[MCFSM] state=0 step=0 (was 7/3 after 0 f)
[BOOT0/TIM] PostLoadTim file=6 'FONT16.TIM' ss=0x287 img.u=0 img.v=240 tPage=0,16 clutX=304 clutY=511
[BOOT0/TIM] post ReadTIM: prect=0xfac754 caddr=0xfac730 paddr=0xfac75c mode=8
[BOOT0/TIM] pre pixel LoadImage rect=(0,496 256x16)
[FONTCLOB] Load x=0 y=496 w=256 h=16
[BOOT0/TIM] pre CLUT LoadImage rect=(304,511 16x1)
[BOOT0/TIM] PostLoadTim done
[MCFSM] state=1 step=0 (was 0/0 after 0 f)
[MCRD] card_info chan=1 -> IOE (n=3)
[MCFSM] state=1 step=2 (was 1/0 after 0 f)
[BOOT0/TIM] PostLoadTim file=8 'KONAMI.TIM' ss=0x28e img.u=0 img.v=0 tPage=0,12 clutX=0 clutY=0
[BOOT0/TIM] post ReadTIM: prect=0xfac754 caddr=0xfac730 paddr=0xfac75c mode=8
[BOOT0/TIM] pre pixel LoadImage rect=(768,0 96x384)
[BOOT0/TIM] pre CLUT LoadImage rect=(0,0 16x1)
[BOOT0/TIM] PostLoadTim done
[MCFSM] state=0 step=0 (was 1/2 after 0 f)
[MCFSM] state=1 step=0 (was 0/0 after 0 f)
[MCRD] card_info chan=1 -> IOE (n=4)
[MCFSM] state=1 step=2 (was 1/0 after 0 f)
[MCFSM] state=2 step=0 (was 1/2 after 0 f)
[MCRD] card_clear chan=1 -> IOE (n=2)
[MCFSM] state=2 step=2 (was 2/0 after 0 f)
[MCFSM] state=3 step=0 (was 2/2 after 0 f)
[MCRD] card_load chan=1 -> IOE (n=2)
[MCFSM] state=3 step=2 (was 3/0 after 0 f)
[MCFSM] state=4 step=0 (was 3/2 after 0 f)
[MCRD] dir scan chan=1 (n=2)
[SH-XBOX] GameState -> 1 (step 0)
[MCFSM] state=0 step=0 (was 4/0 after 0 f)
[VRAM] texture cache: 29/96 slots (256KB each), free=8424KB after
[VRAM] cache capped by 8MB heap reserve (expect decode thrash)
[VRAM] cache grew to 30 slots (free=8168KB)
[MCFSM] state=1 step=0 (was 0/0 after 0 f)
[MCRD] card_info chan=2 -> IOE (n=5)
[MCFSM] state=1 step=2 (was 1/0 after 0 f)
[BOOT0/TIM] PostLoadTim file=9 'KONAMI2.TIM' ss=0x2b3 img.u=0 img.v=0 tPage=0,14 clutX=0 clutY=1
[BOOT0/TIM] post ReadTIM: prect=0xfac754 caddr=0xfac730 paddr=0xfac75c mode=8
[BOOT0/TIM] pre pixel LoadImage rect=(896,0 104x160)
[BOOT0/TIM] pre CLUT LoadImage rect=(0,1 16x1)
[BOOT0/TIM] PostLoadTim done
[MCFSM] state=0 step=0 (was 1/2 after 0 f)
[MCFSM] state=1 step=0 (was 0/0 after 0 f)
[MCRD] card_info chan=2 -> IOE (n=6)
[MCFSM] state=1 step=2 (was 1/0 after 0 f)
[MCFSM] state=2 step=0 (was 1/2 after 0 f)
[MCRD] card_clear chan=2 -> IOE (n=3)
[MCFSM] state=2 step=2 (was 2/0 after 0 f)
[MCFSM] state=3 step=0 (was 2/2 after 0 f)
[MCRD] card_load chan=2 -> IOE (n=3)
[MCFSM] state=3 step=2 (was 3/0 after 0 f)
[MCFSM] state=4 step=0 (was 3/2 after 0 f)
[MCRD] dir scan chan=2 (n=3)
[MCFSM] state=0 step=0 (was 4/0 after 0 f)
[BOOT0/TIM] PostLoadTim file=1423 'HERO.TIM' ss=0x5a6a img.u=0 img.v=0 tPage=0,27 clutX=736 clutY=480
[BOOT0/TIM] post ReadTIM: prect=0xfac914 caddr=0xfac730 paddr=0xfac91c mode=8
[BOOT0/TIM] pre pixel LoadImage rect=(704,256 64x192)
[BOOT0/TIM] pre CLUT LoadImage rect=(736,480 16x15)
[BOOT0/TIM] PostLoadTim done
[MCFSM] state=1 step=0 (was 0/0 after 0 f)
[MCRD] card_info chan=3 -> IOE (n=7)
[MCFSM] state=1 step=2 (was 1/0 after 0 f)
[MCFSM] state=0 step=0 (was 1/2 after 0 f)
[MCFSM] state=1 step=0 (was 0/0 after 0 f)
[MCRD] card_info chan=3 -> IOE (n=8)
[MCFSM] state=1 step=2 (was 1/0 after 0 f)
[MCFSM] state=2 step=0 (was 1/2 after 0 f)
[MCRD] card_clear chan=3 -> IOE (n=4)
[MCFSM] state=2 step=2 (was 2/0 after 0 f)
[MCFSM] state=3 step=0 (was 2/2 after 0 f)
[MCRD] card_load chan=3 -> IOE (n=4)
[MCFSM] state=3 step=2 (was 3/0 after 0 f)
[BOOT0/TIM] PostLoadTim file=1802 'BLD.TIM' ss=0x795b img.u=0 img.v=0 tPage=0,11 clutX=304 clutY=0
[BOOT0/TIM] post ReadTIM: prect=0xfb7134 caddr=0xfb6f30 paddr=0xfb713c mode=8
[BOOT0/TIM] pre pixel LoadImage rect=(704,0 64x256)
[BOOT0/TIM] pre CLUT LoadImage rect=(304,0 16x16)
[BOOT0/TIM] PostLoadTim done
[MCFSM] state=4 step=0 (was 3/2 after 0 f)
[MCRD] dir scan chan=3 (n=4)
[MCFSM] state=0 step=0 (was 4/0 after 0 f)
[MCFSM] state=1 step=0 (was 0/0 after 0 f)
[MCRD] card_info chan=16 -> IOE (n=9)
[MCFSM] state=1 step=2 (was 1/0 after 0 f)
[MCFSM] state=0 step=0 (was 1/2 after 0 f)
[MCFSM] state=1 step=0 (was 0/0 after 0 f)
[MCRD] card_info chan=16 -> IOE (n=10)
[MCFSM] state=1 step=2 (was 1/0 after 0 f)
[MCFSM] state=2 step=0 (was 1/2 after 0 f)
[MCRD] card_clear chan=16 -> IOE (n=5)
[MCFSM] state=2 step=2 (was 2/0 after 0 f)
[MCFSM] state=3 step=0 (was 2/2 after 0 f)
[MCRD] card_load chan=16 -> IOE (n=5)
[MCFSM] state=3 step=2 (was 3/0 after 0 f)
[MCFSM] state=4 step=0 (was 3/2 after 0 f)
[MCRD] dir scan chan=8 (n=5)
[MCRD] open 'bu10:BASLUS-00707SILENT00' flags=0x8001 -> h=1 dir=1 size=8192
[MCRD] read h=1 dir=1 ofs=512 len=256 ok
[MCRD] card_info chan=17 -> IOE (n=11)
[MCRD] card_info chan=17 -> IOE (n=12)
[MCRD] card_clear chan=17 -> IOE (n=6)
[MCRD] card_load chan=17 -> IOE (n=6)
[MCRD] dir scan chan=9 (n=6)
[MCRD] card_info chan=18 -> IOE (n=13)
[MCRD] card_info chan=18 -> IOE (n=14)
[MCRD] card_clear chan=18 -> IOE (n=7)
[MCRD] card_load chan=18 -> IOE (n=7)
[MCRD] dir scan chan=10 (n=7)
[MCRD] card_info chan=19 -> IOE (n=15)
[MCRD] card_info chan=19 -> IOE (n=16)
[MCRD] card_clear chan=19 -> IOE (n=8)
[MCRD] card_load chan=19 -> IOE (n=8)
[MCRD] dir scan chan=11 (n=8)
[FT] avgMs=27 worstMs=553 swapWait=0ms flushMs=0ms draws=4 decodes=4 decMs=4
[FT] avgMs=16 worstMs=42 swapWait=0ms flushMs=0ms draws=6 decodes=0 decMs=0
[FT] avgMs=16 worstMs=43 swapWait=1ms flushMs=0ms draws=5 decodes=0 decMs=0
[FT] avgMs=16 worstMs=45 swapWait=0ms flushMs=0ms draws=6 decodes=0 decMs=0
[FT] avgMs=16 worstMs=47 swapWait=0ms flushMs=0ms draws=6 decodes=0 decMs=0
[SH-XBOX] vblank 600
[MEM] tick: free=7396KB (1849 pages)
[SH-XBOX] GameState -> 2 (step 0)
[BOOT0/TIM] PostLoadTim file=1799 'BG_ETC.TIM' ss=0x7906 img.u=0 img.v=0 tPage=0,12 clutX=192 clutY=0
[BOOT0/TIM] post ReadTIM: prect=0xfac894 caddr=0xfac730 paddr=0xfac89c mode=8
[BOOT0/TIM] pre pixel LoadImage rect=(768,0 32x256)
[BOOT0/TIM] pre CLUT LoadImage rect=(192,0 16x11)
[BOOT0/TIM] PostLoadTim done
[FT] avgMs=18 worstMs=158 swapWait=0ms flushMs=0ms draws=5 decodes=2 decMs=2
[FT] avgMs=16 worstMs=43 swapWait=0ms flushMs=0ms draws=4 decodes=0 decMs=0
[MCRD] card_info chan=19 -> IOE (n=256)
[FT] avgMs=17 worstMs=48 swapWait=0ms flushMs=0ms draws=4 decodes=0 decMs=0
[MCRD] open 'bu00:BASLUS-00707SILENT00' flags=0x8001 -> h=1 dir=1 size=8192
[MCRD] read h=1 dir=1 ofs=768 len=128 ok
[FT] avgMs=17 worstMs=67 swapWait=0ms flushMs=0ms draws=3 decodes=0 decMs=0
[FT] avgMs=16 worstMs=53 swapWait=0ms flushMs=1ms draws=4 decodes=0 decMs=0
[SH-XBOX] vblank 1200
[MEM] tick: free=6880KB (1720 pages)
[FT] avgMs=17 worstMs=48 swapWait=0ms flushMs=0ms draws=4 decodes=0 decMs=0
[BOOT0/TIM] PostLoadTim file=1980 'TITLE_E.TIM' ss=0x90b7 img.u=32 img.v=0 tPage=1,13 clutX=224 clutY=15
[BOOT0/TIM] post ReadTIM: prect=0xf7c934 caddr=0xf7c730 paddr=0xf7c93c mode=9
[BOOT0/TIM] pre pixel LoadImage rect=(864,0 160x480)
[BOOT0/TIM] pre CLUT LoadImage rect=(224,15 256x1)
[BOOT0/TIM] PostLoadTim done
[SH-XBOX] GameState -> 6 (step 0)
[SH] open_main: playing FMV (file=2053 frames=0)
[FMV] no avi for C1_20670 (checked D:\fmv, D:\gamedata\fmv) -> MDEC
[FMV] start C1_20670 file_idx=2053 base=133127 sectors=20670 maxFrames=0 (15fps)
[XA] fmv stream open: 37800Hz stereo coding=0x01
[FMV] video 320x208, 9 sectors/frame
[mdec] hdr n_bytes=5776 first8=06 e0 38 00 00 01 00 02 qscale=1 version=2 ctx=320x208
[mdec] hdr n_bytes=5776 first8=06 e0 38 00 00 01 00 02 qscale=1 version=2 ctx=320x208
[mdec] hdr n_bytes=5776 first8=06 e0 38 00 00 01 00 02 qscale=1 version=2 ctx=320x208
[FT] avgMs=38 worstMs=181 swapWait=0ms flushMs=0ms draws=0 decodes=2 decMs=2
[FMV] skipped at frame 76
[XA] fmv stream end: 94 sectors fed, 256 ring frames discarded
[FMV] end C1_20670: 76 frames (3 dropped, 0 decode fails, 127 presents)
[SH] open_main: FMV_Play returned
[SH-XBOX] GameState -> 7 (step 0)
[BOOT-STEP] GameStartup step=0 qlen=0
[TRANSITION] GameStartup step=0: processFlags=0x20 (BootDemo) sizeof(s_WorldGfxWork)=11708
[BOOT-STEP] GameStartup step=1 qlen=0
[FT] avgMs=22 worstMs=102 swapWait=0ms flushMs=0ms draws=15 decodes=6 decMs=5
[FT] avgMs=16 worstMs=45 swapWait=0ms flushMs=0ms draws=21 decodes=0 decMs=0
[MCRD] card_info chan=19 -> IOE (n=512)
[FT] avgMs=16 worstMs=53 swapWait=0ms flushMs=0ms draws=21 decodes=0 decMs=0
[SH-XBOX] vblank 1800
[MEM] tick: free=4312KB (1078 pages)
[FT] avgMs=17 worstMs=49 swapWait=0ms flushMs=0ms draws=21 decodes=0 decMs=0
[FT] avgMs=16 worstMs=45 swapWait=0ms flushMs=0ms draws=21 decodes=0 decMs=0
[FT] avgMs=16 worstMs=46 swapWait=0ms flushMs=0ms draws=21 decodes=0 decMs=0
[FT] avgMs=16 worstMs=53 swapWait=0ms flushMs=0ms draws=21 decodes=0 decMs=0
[FT] avgMs=16 worstMs=49 swapWait=0ms flushMs=0ms draws=21 decodes=0 decMs=0
[SH-XBOX] vblank 2400
[MEM] tick: free=4312KB (1078 pages)
[FT] avgMs=17 worstMs=47 swapWait=0ms flushMs=0ms draws=21 decodes=0 decMs=0
[MCRD] card_info chan=19 -> IOE (n=768)
[FT] avgMs=17 worstMs=49 swapWait=0ms flushMs=0ms draws=21 decodes=0 decMs=0
[CHARA-TEX] charaId=1 matCount=1 modelCount=23
[CHARA-TEX] mat[0] name='HERO' field_C=1 E=0x3b F=0x3b clut=0x782e UV=0x0000 tex=0
[CHARA-TEX] prim0: f0=0x135b(UV0) f2=0x7a6e(clut) f4=0x1651(UV1) f6=0x003b(tpage) f8=0x1251(UV2) fA=0x0000(UV3)
[CHARA-TEX] texDesc: tPage=[0,27] u=0 v=0 clutXY=(736,480)
[AUTO-EQUIP-CHECK] mapIdx=10 processFlags=0x20 inventorySlotCount=8 equippedWeapon=160
[MAP-LOAD] GameBoot_MapLoad mapIdx=10 (map2_s00) fileIdx=2005 linked=1 procFlags=0x20
[MAP-LOAD] MapRegistry_Load(10)=map2_s00 linked=1 header=005b2b94
[MEM] after map-load: free=4312KB (1078 pages)
[LANG] USA disc-patch skipped on Xbox (compiled text kept)
[BOOT-STEP] GameStartup step=2 qlen=1
[BOOT-STEP] GameStartup step=3 qlen=1
[BOOT-STEP] GameStartup step=4 qlen=0
[BOOT-STEP] GameStartup step=5 qlen=0
[BOOT-STEP] GameStartup step=6 qlen=6
[BOOT0/TIM] PostLoadTim file=1449 'REBIRD.TIM' ss=0x5b2c img.u=0 img.v=0 tPage=0,28 clutX=704 clutY=464
[BOOT0/TIM] post ReadTIM: prect=0xfac7f4 caddr=0xfac730 paddr=0xfac7fc mode=8
[BOOT0/TIM] pre pixel LoadImage rect=(768,256 32x128)
[BOOT0/TIM] pre CLUT LoadImage rect=(704,464 16x6)
[BOOT0/TIM] PostLoadTim done
[BOOT0/TIM] PostLoadTim file=1415 'DOG.TIM' ss=0x5a47 img.u=0 img.v=128 tPage=0,28 clutX=720 clutY=464
[BOOT0/TIM] post ReadTIM: prect=0xfac7d4 caddr=0xfac730 paddr=0xfac7dc mode=8
[BOOT0/TIM] pre pixel LoadImage rect=(768,384 32x128)
[BOOT0/TIM] pre CLUT LoadImage rect=(720,464 16x5)
[BOOT0/TIM] PostLoadTim done
[BOOT-STEP] GameStartup step=7 qlen=0
[TRANSITION] GameStartup step=7: processFlags=0x20 playerPos=(638949,0,529306) func_80039F90=0x0
[IPD-INIT] Ipd_MapFileInfoSet: mapTag='THR' activeIpdCount=4 isExterior=1 plmIdx=1370 ipdFileIdx=0 textureFileIdx=0 curSize=0 willRebuildGrid=1
[MEM] after chunk-buffers: free=2776KB (694 pages)
[TRANSITION] GameStartup step=7 post-init: playerPos=(638949,0,529306) mapTag='THR'
[BOOT-STEP] GameStartup step=8 qlen=7
[BOOT0/TIM] PostLoadTim file=1073 'THR0001F.TIM' ss=0x45d8 img.u=0 img.v=0 tPage=0,8 clutX=0 clutY=0
[BOOT0/TIM] post ReadTIM: prect=0xfb67f4 caddr=0xfb6730 paddr=0xfb67fc mode=8
[BOOT0/TIM] pre pixel LoadImage rect=(512,0 64x256)
[BOOT0/TIM] pre CLUT LoadImage rect=(0,0 16x6)
[BOOT0/TIM] PostLoadTim done
[POOLSTOMP] upload (512,0 64x256) hits PINNED pool slot 0 'THR0001F' (512,0)
[BOOT0/TIM] PostLoadTim file=1077 'THR0003F.TIM' ss=0x4625 img.u=0 img.v=0 tPage=0,9 clutX=16 clutY=0
[BOOT0/TIM] post ReadTIM: prect=0xfb68f4 caddr=0xfb6730 paddr=0xfb68fc mode=8
[BOOT0/TIM] pre pixel LoadImage rect=(576,0 64x256)
[BOOT0/TIM] pre CLUT LoadImage rect=(16,0 16x14)
[BOOT0/TIM] PostLoadTim done
[POOLSTOMP] upload (576,0 64x256) hits PINNED pool slot 1 'THR0003F' (576,0)
[BOOT0/TIM] PostLoadTim file=1075 'THR0002F.TIM' ss=0x45fe img.u=0 img.v=0 tPage=0,10 clutX=32 clutY=0
[BOOT0/TIM] post ReadTIM: prect=0xfb6874 caddr=0xfb6730 paddr=0xfb687c mode=8
[BOOT0/TIM] pre pixel LoadImage rect=(640,0 64x256)
[BOOT0/TIM] pre CLUT LoadImage rect=(32,0 16x10)
[BOOT0/TIM] PostLoadTim done
[POOLSTOMP] upload (640,0 64x256) hits PINNED pool slot 2 'THR0002F' (640,0)
[BOOT0/TIM] PostLoadTim file=1079 'THR0004F.TIM' ss=0x4644 img.u=0 img.v=0 tPage=0,21 clutX=48 clutY=0
[BOOT0/TIM] post ReadTIM: prect=0xfb6934 caddr=0xfb6730 paddr=0xfb693c mode=8
[BOOT0/TIM] pre pixel LoadImage rect=(320,256 64x256)
[BOOT0/TIM] pre CLUT LoadImage rect=(48,0 16x16)
[BOOT0/TIM] PostLoadTim done
[POOLSTOMP] upload (320,256 64x256) hits PINNED pool slot 3 'THR0004F' (320,256)
[BOOT0/TIM] PostLoadTim file=1171 'THR3901F.TIM' ss=0x4c48 img.u=0 img.v=0 tPage=0,22 clutX=64 clutY=0
[BOOT0/TIM] post ReadTIM: prect=0xfb67b4 caddr=0xfb6730 paddr=0xfb67bc mode=8
[BOOT0/TIM] pre pixel LoadImage rect=(384,256 64x256)
[BOOT0/TIM] pre CLUT LoadImage rect=(64,0 16x4)
[BOOT0/TIM] PostLoadTim done
[POOLSTOMP] upload (384,256 64x256) hits PINNED pool slot 4 'THR3901F' (384,256)
[BOOT0/TIM] PostLoadTim file=1165 'THR3501F.TIM' ss=0x4bf2 img.u=0 img.v=0 tPage=0,23 clutX=80 clutY=0
[BOOT0/TIM] post ReadTIM: prect=0xfb6934 caddr=0xfb6730 paddr=0xfb693c mode=8
[BOOT0/TIM] pre pixel LoadImage rect=(448,256 64x256)
[BOOT0/TIM] pre CLUT LoadImage rect=(80,0 16x16)
[BOOT0/TIM] PostLoadTim done
[POOLSTOMP] upload (448,256 64x256) hits PINNED pool slot 5 'THR3501F' (448,256)
[BOOT0/TIM] PostLoadTim file=1200 'THR6501F.TIM' ss=0x4df5 img.u=0 img.v=0 tPage=0,24 clutX=96 clutY=0
[BOOT0/TIM] post ReadTIM: prect=0xfb67d4 caddr=0xfb6730 paddr=0xfb67dc mode=8
[BOOT0/TIM] pre pixel LoadImage rect=(512,256 64x256)
[BOOT0/TIM] pre CLUT LoadImage rect=(96,0 16x5)
[BOOT0/TIM] PostLoadTim done
[POOLSTOMP] upload (512,256 64x256) hits PINNED pool slot 6 'THR6501F' (512,256)
[TEXVRAM] 'THR0001F' tPage=[0,8] clutXY=(0,0) uv=(0,0)
[TEXVRAM] 'THR0003F' tPage=[0,9] clutXY=(16,0) uv=(0,0)
[TEXVRAM] 'THR0002F' tPage=[0,10] clutXY=(32,0) uv=(0,0)
[TEXVRAM] 'THR0004F' tPage=[0,21] clutXY=(48,0) uv=(0,0)
[TEXVRAM] 'THR3901F' tPage=[0,22] clutXY=(64,0) uv=(0,0)
[TEXVRAM] 'THR3501F' tPage=[0,23] clutXY=(80,0) uv=(0,0)
[TEXVRAM] 'THR6501F' tPage=[0,24] clutXY=(96,0) uv=(0,0)
[BOOT-STEP] GameStartup step=9 qlen=0
[SH-XBOX] GameState -> 10 (step 10)
[BOOT-STEP] GameStartup step=10 qlen=0
[DEMO] start: demoId=0 playFile=1618 interval=0
[SH_AMB] Sd_AmbientSfxSet idx=4 -> loadCmd=204
[SH_AMB] Sd_VabLoad ambient cmd=204 type=2 dedup=0
[BOOT-STEP] GameStartup step=11 qlen=0
[CHARA-TEX] charaId=2 matCount=1 modelCount=16
[CHARA-TEX] mat[0] name='REBIRD' field_C=1 E=0x5c F=0x5c clut=0x742c UV=0x0000 tex=0
[CHARA-TEX] prim0: f0=0x2971(UV0) f2=0x74ac(clut) f4=0x1d6a(UV1) f6=0x005c(tpage) f8=0x2077(UV2) fA=0x0000(UV3)
[CHARA-TEX] texDesc: tPage=[0,28] u=0 v=0 clutXY=(704,464)
[CHARA-TEX] charaId=4 matCount=1 modelCount=22
[CHARA-TEX] mat[0] name='DOG' field_C=1 E=0x5c F=0x5c clut=0x742d UV=0x8000 tex=0
[CHARA-TEX] prim0: f0=0xce2b(UV0) f2=0x742d(clut) f4=0xc02e(UV1) f6=0x005c(tpage) f8=0xcd2f(UV2) fA=0x8000(UV3)
[CHARA-TEX] texDesc: tPage=[0,28] u=0 v=128 clutXY=(720,464)
[SFX] Sd_SfxStop: sfxId=1300 (Sfx_Base+20)
[SFX] Sd_SfxStop: sfxId=1302 (Sfx_Base+22)
[SFX] Sd_SfxStop: sfxId=1301 (Sfx_Base+21)
[SFX] Sd_SfxStop: sfxId=1303 (Sfx_Base+23)
[SFX] Sd_SfxStop: sfxId=1321 (Sfx_Base+41)
[SFX] Sd_SfxStop: sfxId=1322 (Sfx_Base+42)
[WEP_DBG] handgun pre-copy D_800AFBF4[6]: sfx0=1283 sfx2=1284 sfx4=1285 aim6=66 att7=72 hold8=61 f9=37 fA=37 fB=0 sizeof=12
[WEP_DBG] handgun post-copy g_Player_EquippedWeaponInfo: sfx0=1283 sfx2=1284 sfx4=1285 aim6=66 att7=72 hold8=61 f9=37 fA=37 fB=0 sizeof=12
[RELOAD_KF] weap=32 blendStart=-1 blendEnd=605 activeEnd=658
[WEP_LOAD] weaponAttack=32 FS_BUFFER_12=0xeea2d0 — queuing weapon ANM
[WEP_LOAD] post-load FS_BUFFER_12 first 16 bytes: 00 fa 00 7f ff fd 01 7f fe 03 02 7f 7f 01 01 ff
[WEP_LOAD] HARRY_BASE_ANIM_INFOS[56] status=56 hasVar=0 link=57 sk=-1 ek=570
[WEP_LOAD] HARRY_BASE_ANIM_INFOS[57] status=57 hasVar=0 link=57 sk=570 ek=579
[WEP_LOAD] g_Player_EquippedWeaponInfo: attackSfx=1283 animStop=66 animAttack=72 animHold=61 sizeof=12
[FT] avgMs=26 worstMs=643 swapWait=0ms flushMs=0ms draws=15 decodes=4 decMs=7
[BOOT0/TIM] PostLoadTim file=1505 'TIM00.TIM' ss=0x5dcb img.u=0 img.v=0 tPage=0,15 clutX=176 clutY=0
[BOOT0/TIM] post ReadTIM: prect=0xfac934 caddr=0xfac730 paddr=0xfac93c mode=8
[BOOT0/TIM] pre pixel LoadImage rect=(960,0 64x256)
[BOOT0/TIM] pre CLUT LoadImage rect=(176,0 16x16)
[BOOT0/TIM] PostLoadTim done
[BOOT-STEP] GameStartup step=12 qlen=2
[SH-XBOX] GameState -> 11 (step 0)
[BOOT0/TIM] PostLoadTim file=1514 'TIM07.TIM' ss=0x5e64 img.u=32 img.v=0 tPage=0,13 clutX=240 clutY=0
[BOOT0/TIM] post ReadTIM: prect=0xfac834 caddr=0xfac730 paddr=0xfac83c mode=8
[BOOT0/TIM] pre pixel LoadImage rect=(864,0 32x256)
[BOOT0/TIM] pre CLUT LoadImage rect=(240,0 16x8)
[BOOT0/TIM] PostLoadTim done
[FOGST-GPU] clear=0xff6c6474
[BGM] ChannelSet bgmIdx=6 cmd=773
[SH_DRIP] key_on song=0 ch=8 prog=5 note=53 bank=127 vabId=3 tones=1 match=1 vab2match=0
[SH_DRIP] key_on song=0 ch=7 prog=4 note=45 bank=127 vabId=3 tones=1 match=1 vab2match=0
[BOOT0/TIM] PostLoadTim file=1509 'TIM02.TIM' ss=0x5e0f img.u=0 img.v=0 tPage=0,14 clutX=160 clutY=0
[BOOT0/TIM] post ReadTIM: prect=0xfac934 caddr=0xfac730 paddr=0xfac93c mode=8
[BOOT0/TIM] pre pixel LoadImage rect=(896,0 64x256)
[BOOT0/TIM] pre CLUT LoadImage rect=(160,0 16x16)
[BOOT0/TIM] PostLoadTim done
[SH_DRIP] key_on song=0 ch=4 prog=2 note=63 bank=127 vabId=3 tones=1 match=1 vab2match=0
[SH_DRIP] key_on song=0 ch=1 prog=0 note=49 bank=127 vabId=3 tones=1 match=1 vab2match=1
[SH_DRIP] key_on song=0 ch=2 prog=0 note=49 bank=127 vabId=3 tones=1 match=1 vab2match=1
[BOOT0/TIM] PostLoadTim file=1198 'THR6401F.TIM' ss=0x4ddb img.u=0 img.v=0 tPage=0,25 clutX=112 clutY=0
[BOOT0/TIM] post ReadTIM: prect=0xfb68d4 caddr=0xfb6730 paddr=0xfb68dc mode=8
[BOOT0/TIM] pre pixel LoadImage rect=(576,256 64x256)
[BOOT0/TIM] pre CLUT LoadImage rect=(112,0 16x13)
[BOOT0/TIM] PostLoadTim done
[POOLSTOMP] upload (576,256 64x256) hits PINNED pool slot 7 'THR6401F' (576,256)
[TEXVRAM] 'THR6401F' tPage=[0,25] clutXY=(112,0) uv=(0,0)
[BOOT0/TIM] PostLoadTim file=1199 'THR6402H.TIM' ss=0x4dec img.u=0 img.v=0 tPage=0,26 clutX=128 clutY=0
[BOOT0/TIM] post ReadTIM: prect=0xfb6854 caddr=0xfb6730 paddr=0xfb685c mode=8
[BOOT0/TIM] pre pixel LoadImage rect=(640,256 32x256)
[BOOT0/TIM] pre CLUT LoadImage rect=(128,0 16x9)
[BOOT0/TIM] PostLoadTim done
[POOLSTOMP] upload (640,256 32x256) hits PINNED pool slot 8 'THR6402H' (640,256)
[TEXVRAM] 'THR6402H' tPage=[0,26] clutXY=(128,0) uv=(0,0)
[SH_DRIP] key_on song=0 ch=5 prog=3 note=66 bank=127 vabId=3 tones=1 match=1 vab2match=0
[SH-XBOX] vblank 3000
[MEM] tick: free=2776KB (694 pages)
[SPAWN-FIRE?] slot=5 allPass! npcFlags=0x8 flagsId=4 full=0 vblanks=2 ABOUT TO TRY SPAWN
[SPAWN-FIRE!] slot=5 gates passed â†’ entering spawn block, npcIdx will be assigned
[SPAWN] slot=5 -> npc[0] charaId=2 stateStep=3 pos=(186,116)
[SFX] Sd_PlaySfx: sfxId=1321 (Sfx_Base+41) vol=0
[WOBJ] resolved 'BULLET_N' lmIdx=1
[SFX] Sd_PlaySfx: sfxId=1381 (Sfx_Base+101) vol=241
[FT] avgMs=46 worstMs=156 swapWait=0ms flushMs=0ms draws=214 decodes=32 decMs=21
[SFX] Sd_PlaySfx: sfxId=1381 (Sfx_Base+101) vol=229
[SFX] Sd_PlaySfx: sfxId=1381 (Sfx_Base+101) vol=201
[STP] tpage=0x35 clut=0xc3 zero=0 stp1=16
[STP] tpage=0x3a clut=0x208 zero=0 stp1=16
[STP] tpage=0x3a clut=0x8 zero=0 stp1=16
[SFX] Sd_PlaySfx: sfxId=1381 (Sfx_Base+101) vol=179
[STP] tpage=0x3a clut=0x88 zero=0 stp1=16
[STP] tpage=0x29 clut=0x301 zero=0 stp1=16
[SFX] Sd_PlaySfx: sfxId=1378 (Sfx_Base+98) vol=167
[STP] tpage=0x38 clut=0xc6 zero=0 stp1=16
[STP] tpage=0x39 clut=0xc7 zero=0 stp1=16
[STP] tpage=0x3a clut=0xc8 zero=0 stp1=16
[STP] tpage=0x39 clut=0x107 zero=0 stp1=16
[STP] tpage=0x3a clut=0x148 zero=0 stp1=16
[STP] tpage=0x3a clut=0x108 zero=0 stp1=16
[SFX] Sd_PlaySfx: sfxId=1381 (Sfx_Base+101) vol=140
[STP] tpage=0x3b clut=0x78ee zero=0 stp1=0
[SFX] Sd_PlaySfx: sfxId=1283 (Sfx_Base+3) vol=0
[SFX] Sd_PlaySfx: sfxId=1286 (Sfx_Base+6) vol=45
[MUZZLE] depth150=783 size160=4 f158=0 f2C=224 xy=(-4,-28) rgb=(204,13,56) fieldB=0
[MUZZLE] depth150=782 size160=4 f158=0 f2C=224 xy=(-2,-30) rgb=(45,48,51) fieldB=1
[MUZZLE] depth150=780 size160=4 f158=0 f2C=224 xy=(-3,-26) rgb=(45,48,51) fieldB=2
[VRAM] out of slots -> GPU drain #1 (alloc=42 worstPerFrame=1 totalMs=0)
[SFX] Sd_PlaySfx: sfxId=1377 (Sfx_Base+97) vol=47
[MUZZLE] depth150=779 size160=5 f158=166 f2C=224 xy=(-4,-29) rgb=(204,13,56) fieldB=0
[MUZZLE] depth150=778 size160=5 f158=170 f2C=224 xy=(-2,-30) rgb=(93,99,106) fieldB=1
[MUZZLE] depth150=776 size160=5 f158=174 f2C=224 xy=(-3,-27) rgb=(95,101,108) fieldB=2
[MUZZLE] depth150=775 size160=6 f158=401 f2C=224 xy=(-4,-29) rgb=(81,14,8) fieldB=0
[MUZZLE] depth150=774 size160=6 f158=407 f2C=224 xy=(-2,-31) rgb=(86,91,98) fieldB=1
[MUZZLE] depth150=772 size160=6 f158=345 f2C=224 xy=(-3,-27) rgb=(86,91,98) fieldB=2
[SFX] Sd_PlaySfx: sfxId=1377 (Sfx_Base+97) vol=36
[MUZZLE] depth150=771 size160=7 f158=624 f2C=224 xy=(-4,-30) rgb=(231,255,255) fieldB=0
[MUZZLE] depth150=771 size160=7 f158=629 f2C=224 xy=(-1,-31) rgb=(70,75,80) fieldB=1
[MUZZLE] depth150=770 size160=6 f158=514 f2C=224 xy=(-3,-28) rgb=(69,74,79) fieldB=2
[MUZZLE] depth150=767 size160=8 f158=835 f2C=224 xy=(-4,-30) rgb=(230,255,255) fieldB=0
[MUZZLE] depth150=769 size160=8 f158=837 f2C=224 xy=(-1,-31) rgb=(55,59,63) fieldB=1
[MUZZLE] depth150=769 size160=7 f158=680 f2C=224 xy=(-3,-28) rgb=(55,59,63) fieldB=2
[MUZZLE] depth150=764 size160=9 f158=1034 f2C=224 xy=(-4,-30) rgb=(229,255,254) fieldB=0
[ATTACK-DONE] st=61 lookupSt=61 kf=604 -> pcAttackDone
[SFX] Sd_PlaySfx: sfxId=1382 (Sfx_Base+102) vol=39
[SFX] Sd_PlaySfx: sfxId=1382 (Sfx_Base+102) vol=0
[SFX] Sd_PlaySfx: sfxId=1382 (Sfx_Base+102) vol=43
[SFX] Sd_PlaySfx: sfxId=1382 (Sfx_Base+102) vol=107
[SFX] Sd_PlaySfx: sfxId=1382 (Sfx_Base+102) vol=145
[SFX] Sd_PlaySfx: sfxId=1382 (Sfx_Base+102) vol=195
[SFX] Sd_PlaySfx: sfxId=1382 (Sfx_Base+102) vol=215
[SFX] Sd_PlaySfx: sfxId=1382 (Sfx_Base+102) vol=232
[FT] avgMs=64 worstMs=95 swapWait=0ms flushMs=0ms draws=269 decodes=62 decMs=36
[SFX] Sd_PlaySfx: sfxId=1382 (Sfx_Base+102) vol=240
[SFX] Sd_PlaySfx: sfxId=1382 (Sfx_Base+102) vol=242
[SFX] Sd_PlaySfx: sfxId=1382 (Sfx_Base+102) vol=243
[SFX] Sd_PlaySfx: sfxId=1382 (Sfx_Base+102) vol=242
[SFX] Sd_PlaySfx: sfxId=1382 (Sfx_Base+102) vol=241
[SFX] Sd_PlaySfx: sfxId=1382 (Sfx_Base+102) vol=237
[SFX] Sd_PlaySfx: sfxId=1382 (Sfx_Base+102) vol=231
[SFX] Sd_PlaySfx: sfxId=1382 (Sfx_Base+102) vol=223
[SFX] Sd_PlaySfx: sfxId=1382 (Sfx_Base+102) vol=210
[SFX] Sd_PlaySfx: sfxId=1382 (Sfx_Base+102) vol=195
[SFX] Sd_PlaySfx: sfxId=1382 (Sfx_Base+102) vol=172
[SFX] Sd_PlaySfx: sfxId=1382 (Sfx_Base+102) vol=143
[SFX] Sd_PlaySfx: sfxId=1382 (Sfx_Base+102) vol=103
[SFX] Sd_PlaySfx: sfxId=1382 (Sfx_Base+102) vol=64
[SFX] Sd_PlaySfx: sfxId=1379 (Sfx_Base+99) vol=34
[SFX] Sd_PlaySfx: sfxId=1382 (Sfx_Base+102) vol=11
[FT] avgMs=63 worstMs=133 swapWait=0ms flushMs=0ms draws=261 decodes=37 decMs=18
[SFX] Sd_PlaySfx: sfxId=1382 (Sfx_Base+102) vol=83
[SFX] Sd_PlaySfx: sfxId=1382 (Sfx_Base+102) vol=104
[SFX] Sd_PlaySfx: sfxId=1382 (Sfx_Base+102) vol=121
[SFX] Sd_PlaySfx: sfxId=1382 (Sfx_Base+102) vol=153
[SFX] Sd_PlaySfx: sfxId=1382 (Sfx_Base+102) vol=178
[SFX] Sd_PlaySfx: sfxId=1382 (Sfx_Base+102) vol=197
[SFX] Sd_PlaySfx: sfxId=1382 (Sfx_Base+102) vol=197
[SFX] Sd_PlaySfx: sfxId=1382 (Sfx_Base+102) vol=196
[SFX] Sd_PlaySfx: sfxId=1382 (Sfx_Base+102) vol=197
[SFX] Sd_PlaySfx: sfxId=1382 (Sfx_Base+102) vol=197
[SH_DRIP] key_on song=0 ch=6 prog=3 note=70 bank=127 vabId=3 tones=1 match=1 vab2match=0
[SFX] Sd_PlaySfx: sfxId=1382 (Sfx_Base+102) vol=194
[SFX] Sd_PlaySfx: sfxId=1382 (Sfx_Base+102) vol=184
[SFX] Sd_PlaySfx: sfxId=1382 (Sfx_Base+102) vol=169
[SH_DRIP] key_on song=0 ch=3 prog=1 note=73 bank=127 vabId=3 tones=1 match=1 vab2match=0
[SFX] Sd_PlaySfx: sfxId=1382 (Sfx_Base+102) vol=139
[SFX] Sd_PlaySfx: sfxId=1382 (Sfx_Base+102) vol=104
[SFX] Sd_PlaySfx: sfxId=1382 (Sfx_Base+102) vol=48
[SFX] Sd_PlaySfx: sfxId=1379 (Sfx_Base+99) vol=13
[SFX] Sd_PlaySfx: sfxId=1382 (Sfx_Base+102) vol=0
[FT] avgMs=59 worstMs=84 swapWait=0ms flushMs=0ms draws=257 decodes=31 decMs=15
[SFX] Sd_PlaySfx: sfxId=1382 (Sfx_Base+102) vol=94
[SFX] Sd_PlaySfx: sfxId=1382 (Sfx_Base+102) vol=140
[SFX] Sd_PlaySfx: sfxId=1382 (Sfx_Base+102) vol=170
[SFX] Sd_PlaySfx: sfxId=1382 (Sfx_Base+102) vol=195
[SFX] Sd_PlaySfx: sfxId=1382 (Sfx_Base+102) vol=211
[SFX] Sd_PlaySfx: sfxId=1382 (Sfx_Base+102) vol=221
[SFX] Sd_PlaySfx: sfxId=1382 (Sfx_Base+102) vol=227
[SFX] Sd_PlaySfx: sfxId=1382 (Sfx_Base+102) vol=230
[SFX] Sd_PlaySfx: sfxId=1382 (Sfx_Base+102) vol=228
[SFX] Sd_PlaySfx: sfxId=1382 (Sfx_Base+102) vol=222
[SFX] Sd_PlaySfx: sfxId=1382 (Sfx_Base+102) vol=209
[SFX] Sd_PlaySfx: sfxId=1382 (Sfx_Base+102) vol=194
[SFX] Sd_PlaySfx: sfxId=1382 (Sfx_Base+102) vol=167
[SFX] Sd_PlaySfx: sfxId=1382 (Sfx_Base+102) vol=137
[SFX] Sd_PlaySfx: sfxId=1382 (Sfx_Base+102) vol=130
[SFX] Sd_PlaySfx: sfxId=1382 (Sfx_Base+102) vol=116
[SFX] Sd_PlaySfx: sfxId=1382 (Sfx_Base+102) vol=58
[SFX] Sd_PlaySfx: sfxId=1379 (Sfx_Base+99) vol=49
[FT] avgMs=62 worstMs=100 swapWait=0ms flushMs=0ms draws=277 decodes=34 decMs=15
[SFX] Sd_PlaySfx: sfxId=1382 (Sfx_Base+102) vol=17
[CHNK] n=4 s0=3,2,st2 s1=3,3,st2 s2=4,3,st3 s3=4,2,st3
[SFX] Sd_PlaySfx: sfxId=1327 (Sfx_Base+47) vol=191
[SFX] Sd_PlaySfx: sfxId=1316 (Sfx_Base+36) vol=0
[SFX] Sd_PlaySfx: sfxId=1382 (Sfx_Base+102) vol=74
[SFX] Sd_PlaySfx: sfxId=1382 (Sfx_Base+102) vol=101
[SFX] Sd_PlaySfx: sfxId=1382 (Sfx_Base+102) vol=130
[SFX] Sd_PlaySfx: sfxId=1382 (Sfx_Base+102) vol=159
[SFX] Sd_PlaySfx: sfxId=1382 (Sfx_Base+102) vol=165
[SFX] Sd_PlaySfx: sfxId=1382 (Sfx_Base+102) vol=164
[SFX] Sd_PlaySfx: sfxId=1382 (Sfx_Base+102) vol=157
[SFX] Sd_PlaySfx: sfxId=1382 (Sfx_Base+102) vol=124
[SFX] Sd_PlaySfx: sfxId=1382 (Sfx_Base+102) vol=85
[SFX] Sd_PlaySfx: sfxId=1382 (Sfx_Base+102) vol=64
[SFX] Sd_PlaySfx: sfxId=1382 (Sfx_Base+102) vol=59
[SFX] Sd_PlaySfx: sfxId=1382 (Sfx_Base+102) vol=51
[SFX] Sd_PlaySfx: sfxId=1382 (Sfx_Base+102) vol=45
[SFX] Sd_PlaySfx: sfxId=1382 (Sfx_Base+102) vol=94
[SFX] Sd_PlaySfx: sfxId=1382 (Sfx_Base+102) vol=161
[FT] avgMs=62 worstMs=86 swapWait=0ms flushMs=0ms draws=303 decodes=163 decMs=82
[SFX] Sd_PlaySfx: sfxId=1382 (Sfx_Base+102) vol=205
[SFX] Sd_PlaySfx: sfxId=1382 (Sfx_Base+102) vol=226
[SFX] Sd_PlaySfx: sfxId=1382 (Sfx_Base+102) vol=239
[SFX] Sd_PlaySfx: sfxId=1382 (Sfx_Base+102) vol=245
[SFX] Sd_PlaySfx: sfxId=1382 (Sfx_Base+102) vol=249
[SFX] Sd_PlaySfx: sfxId=1382 (Sfx_Base+102) vol=251
[SFX] Sd_PlaySfx: sfxId=1382 (Sfx_Base+102) vol=251
[SFX] Sd_PlaySfx: sfxId=1382 (Sfx_Base+102) vol=251
[SFX] Sd_PlaySfx: sfxId=1382 (Sfx_Base+102) vol=250
[SFX] Sd_PlaySfx: sfxId=1382 (Sfx_Base+102) vol=248
[SFX] Sd_PlaySfx: sfxId=1382 (Sfx_Base+102) vol=245
[SFX] Sd_PlaySfx: sfxId=1382 (Sfx_Base+102) vol=238
[SFX] Sd_PlaySfx: sfxId=1382 (Sfx_Base+102) vol=219
[SFX] Sd_PlaySfx: sfxId=1382 (Sfx_Base+102) vol=206
[SFX] Sd_PlaySfx: sfxId=1382 (Sfx_Base+102) vol=189
[SFX] Sd_PlaySfx: sfxId=1382 (Sfx_Base+102) vol=166
[SFX] Sd_PlaySfx: sfxId=1382 (Sfx_Base+102) vol=130
[SFX] Sd_PlaySfx: sfxId=1382 (Sfx_Base+102) vol=96
[FT] avgMs=58 worstMs=97 swapWait=0ms flushMs=0ms draws=265 decodes=65 decMs=39
[SFX] Sd_PlaySfx: sfxId=1382 (Sfx_Base+102) vol=65
[SFX] Sd_PlaySfx: sfxId=1378 (Sfx_Base+98) vol=64
[SFX] Sd_PlaySfx: sfxId=1382 (Sfx_Base+102) vol=65
[SFX] Sd_PlaySfx: sfxId=1382 (Sfx_Base+102) vol=53
[SFX] Sd_PlaySfx: sfxId=1382 (Sfx_Base+102) vol=79
[SFX] Sd_PlaySfx: sfxId=1382 (Sfx_Base+102) vol=130
[SFX] Sd_PlaySfx: sfxId=1382 (Sfx_Base+102) vol=161
[SFX] Sd_PlaySfx: sfxId=1382 (Sfx_Base+102) vol=186
[SFX] Sd_PlaySfx: sfxId=1382 (Sfx_Base+102) vol=200
[SFX] Sd_PlaySfx: sfxId=1382 (Sfx_Base+102) vol=211
[SH-XBOX] vblank 5400
[MEM] tick: free=2776KB (694 pages)
[SFX] Sd_PlaySfx: sfxId=1382 (Sfx_Base+102) vol=219
[SFX] Sd_PlaySfx: sfxId=1382 (Sfx_Base+102) vol=222
[SFX] Sd_PlaySfx: sfxId=1382 (Sfx_Base+102) vol=222
[SFX] Sd_PlaySfx: sfxId=1382 (Sfx_Base+102) vol=220
[SFX] Sd_PlaySfx: sfxId=1382 (Sfx_Base+102) vol=213
[SFX] Sd_PlaySfx: sfxId=1382 (Sfx_Base+102) vol=202
[SFX] Sd_PlaySfx: sfxId=1382 (Sfx_Base+102) vol=179
[SFX] Sd_PlaySfx: sfxId=1382 (Sfx_Base+102) vol=151
[SFX] Sd_PlaySfx: sfxId=1382 (Sfx_Base+102) vol=110
[SFX] Sd_PlaySfx: sfxId=1382 (Sfx_Base+102) vol=69
[FT] avgMs=57 worstMs=96 swapWait=0ms flushMs=0ms draws=211 decodes=1 decMs=1
[SFX] Sd_PlaySfx: sfxId=1382 (Sfx_Base+102) vol=20
[SFX] Sd_PlaySfx: sfxId=1382 (Sfx_Base+102) vol=12
[SFX] Sd_PlaySfx: sfxId=1382 (Sfx_Base+102) vol=50
[SFX] Sd_PlaySfx: sfxId=1382 (Sfx_Base+102) vol=111
[SFX] Sd_PlaySfx: sfxId=1382 (Sfx_Base+102) vol=165
[SFX] Sd_PlaySfx: sfxId=1382 (Sfx_Base+102) vol=185
[SFX] Sd_PlaySfx: sfxId=1382 (Sfx_Base+102) vol=195
[SFX] Sd_PlaySfx: sfxId=1382 (Sfx_Base+102) vol=201
[SFX] Sd_PlaySfx: sfxId=1382 (Sfx_Base+102) vol=204
[SFX] Sd_PlaySfx: sfxId=1382 (Sfx_Base+102) vol=205
[SFX] Sd_PlaySfx: sfxId=1382 (Sfx_Base+102) vol=199
[SFX] Sd_PlaySfx: sfxId=1382 (Sfx_Base+102) vol=187
[SFX] Sd_PlaySfx: sfxId=1382 (Sfx_Base+102) vol=176
[SFX] Sd_PlaySfx: sfxId=1382 (Sfx_Base+102) vol=167
[SFX] Sd_PlaySfx: sfxId=1382 (Sfx_Base+102) vol=138
[SFX] Sd_PlaySfx: sfxId=1382 (Sfx_Base+102) vol=91
[SFX] Sd_PlaySfx: sfxId=1382 (Sfx_Base+102) vol=29
[SFX] Sd_PlaySfx: sfxId=1382 (Sfx_Base+102) vol=2
[FT] avgMs=55 worstMs=83 swapWait=0ms flushMs=0ms draws=244 decodes=4 decMs=4
[SFX] Sd_PlaySfx: sfxId=1382 (Sfx_Base+102) vol=4
[SFX] Sd_PlaySfx: sfxId=1382 (Sfx_Base+102) vol=55
[SFX] Sd_PlaySfx: sfxId=1382 (Sfx_Base+102) vol=110
[SFX] Sd_PlaySfx: sfxId=1382 (Sfx_Base+102) vol=145
[SFX] Sd_PlaySfx: sfxId=1382 (Sfx_Base+102) vol=171
[SFX] Sd_PlaySfx: sfxId=1382 (Sfx_Base+102) vol=188
[SFX] Sd_PlaySfx: sfxId=1382 (Sfx_Base+102) vol=195
[SFX] Sd_PlaySfx: sfxId=1382 (Sfx_Base+102) vol=192
[SFX] Sd_PlaySfx: sfxId=1381 (Sfx_Base+101) vol=195
[SFX] Sd_PlaySfx: sfxId=1381 (Sfx_Base+101) vol=205
[SFX] Sd_PlaySfx: sfxId=1381 (Sfx_Base+101) vol=204
[SFX] Sd_PlaySfx: sfxId=1381 (Sfx_Base+101) vol=198
[SFX] Sd_PlaySfx: sfxId=1381 (Sfx_Base+101) vol=189
[SFX] Sd_PlaySfx: sfxId=1381 (Sfx_Base+101) vol=170
[FT] avgMs=53 worstMs=100 swapWait=0ms flushMs=0ms draws=210 decodes=14 decMs=8
[CHNK] n=4 s0=3,2,st2 s1=3,3,st2 s2=4,3,st3 s3=4,2,st3
[SFX] Sd_PlaySfx: sfxId=1382 (Sfx_Base+102) vol=149
[SFX] Sd_PlaySfx: sfxId=1382 (Sfx_Base+102) vol=120
[SFX] Sd_PlaySfx: sfxId=1382 (Sfx_Base+102) vol=81
[SFX] Sd_PlaySfx: sfxId=1379 (Sfx_Base+99) vol=67
[SFX] Sd_PlaySfx: sfxId=1382 (Sfx_Base+102) vol=44
[SFX] Sd_PlaySfx: sfxId=1327 (Sfx_Base+47) vol=191
[SFX] Sd_PlaySfx: sfxId=1316 (Sfx_Base+36) vol=34
[SFX] Sd_PlaySfx: sfxId=1382 (Sfx_Base+102) vol=141
[SFX] Sd_PlaySfx: sfxId=1382 (Sfx_Base+102) vol=168
[SFX] Sd_PlaySfx: sfxId=1382 (Sfx_Base+102) vol=183
[SFX] Sd_PlaySfx: sfxId=1382 (Sfx_Base+102) vol=194
[SFX] Sd_PlaySfx: sfxId=1382 (Sfx_Base+102) vol=204
[SFX] Sd_PlaySfx: sfxId=1382 (Sfx_Base+102) vol=214
[SFX] Sd_PlaySfx: sfxId=1382 (Sfx_Base+102) vol=217
[SH-XBOX] vblank 6600
[MEM] tick: free=2776KB (694 pages)
[SFX] Sd_PlaySfx: sfxId=1382 (Sfx_Base+102) vol=217
[SFX] Sd_PlaySfx: sfxId=1382 (Sfx_Base+102) vol=214
[SFX] Sd_PlaySfx: sfxId=1382 (Sfx_Base+102) vol=208
[SFX] Sd_PlaySfx: sfxId=1382 (Sfx_Base+102) vol=194
[FT] avgMs=54 worstMs=84 swapWait=0ms flushMs=0ms draws=227 decodes=9 decMs=4
[SFX] Sd_PlaySfx: sfxId=1382 (Sfx_Base+102) vol=172
[SFX] Sd_PlaySfx: sfxId=1382 (Sfx_Base+102) vol=141
[SFX] Sd_PlaySfx: sfxId=1382 (Sfx_Base+102) vol=105
[SFX] Sd_PlaySfx: sfxId=1382 (Sfx_Base+102) vol=91
[SFX] Sd_PlaySfx: sfxId=1382 (Sfx_Base+102) vol=102
[SFX] Sd_PlaySfx: sfxId=1382 (Sfx_Base+102) vol=87
[SFX] Sd_PlaySfx: sfxId=1382 (Sfx_Base+102) vol=48
[SFX] Sd_PlaySfx: sfxId=1382 (Sfx_Base+102) vol=37
[SFX] Sd_PlaySfx: sfxId=1382 (Sfx_Base+102) vol=37
[SFX] Sd_PlaySfx: sfxId=1381 (Sfx_Base+101) vol=83
[SFX] Sd_PlaySfx: sfxId=1381 (Sfx_Base+101) vol=99
[SFX] Sd_PlaySfx: sfxId=1381 (Sfx_Base+101) vol=96
[SFX] Sd_PlaySfx: sfxId=1381 (Sfx_Base+101) vol=79
[SFX] Sd_PlaySfx: sfxId=1381 (Sfx_Base+101) vol=68
[FT] avgMs=56 worstMs=92 swapWait=0ms flushMs=0ms draws=256 decodes=0 decMs=0
[SFX] Sd_PlaySfx: sfxId=1381 (Sfx_Base+101) vol=43
[SFX] Sd_PlaySfx: sfxId=1381 (Sfx_Base+101) vol=25
[SFX] Sd_PlaySfx: sfxId=1381 (Sfx_Base+101) vol=29
[SFX] Sd_PlaySfx: sfxId=1381 (Sfx_Base+101) vol=32
[SFX] Sd_PlaySfx: sfxId=1381 (Sfx_Base+101) vol=49
[SFX] Sd_PlaySfx: sfxId=1381 (Sfx_Base+101) vol=68
[SFX] Sd_PlaySfx: sfxId=1381 (Sfx_Base+101) vol=41
[SFX] Sd_PlaySfx: sfxId=1381 (Sfx_Base+101) vol=47
[SFX] Sd_PlaySfx: sfxId=1381 (Sfx_Base+101) vol=32
[SFX] Sd_PlaySfx: sfxId=1381 (Sfx_Base+101) vol=22
[SFX] Sd_PlaySfx: sfxId=1381 (Sfx_Base+101) vol=14
[SFX] Sd_PlaySfx: sfxId=1381 (Sfx_Base+101) vol=73
[FT] avgMs=56 worstMs=99 swapWait=0ms flushMs=0ms draws=226 decodes=0 decMs=0
[SFX] Sd_PlaySfx: sfxId=1381 (Sfx_Base+101) vol=123
[SFX] Sd_PlaySfx: sfxId=1381 (Sfx_Base+101) vol=115
[SFX] Sd_PlaySfx: sfxId=1381 (Sfx_Base+101) vol=91
[SFX] Sd_PlaySfx: sfxId=1381 (Sfx_Base+101) vol=22
[SFX] Sd_PlaySfx: sfxId=1381 (Sfx_Base+101) vol=34
[SFX] Sd_PlaySfx: sfxId=1381 (Sfx_Base+101) vol=104
[SFX] Sd_PlaySfx: sfxId=1381 (Sfx_Base+101) vol=122
[SFX] Sd_PlaySfx: sfxId=1381 (Sfx_Base+101) vol=83
[SFX] Sd_PlaySfx: sfxId=1381 (Sfx_Base+101) vol=53
[SFX] Sd_PlaySfx: sfxId=1381 (Sfx_Base+101) vol=67
[SFX] Sd_PlaySfx: sfxId=1381 (Sfx_Base+101) vol=47
[SFX] Sd_PlaySfx: sfxId=1381 (Sfx_Base+101) vol=13
[FT] avgMs=59 worstMs=85 swapWait=0ms flushMs=0ms draws=223 decodes=30 decMs=16
[SFX] Sd_PlaySfx: sfxId=1381 (Sfx_Base+101) vol=11
[SFX] Sd_PlaySfx: sfxId=1381 (Sfx_Base+101) vol=0
[SFX] Sd_PlaySfx: sfxId=1381 (Sfx_Base+101) vol=0
[SFX] Sd_PlaySfx: sfxId=1379 (Sfx_Base+99) vol=0
[SFX] Sd_PlaySfx: sfxId=1329 (Sfx_Base+49) vol=191
[SFX] Sd_PlaySfx: sfxId=1313 (Sfx_Base+33) vol=0
[SFX] Sd_PlaySfx: sfxId=1381 (Sfx_Base+101) vol=0
[SFX] Sd_PlaySfx: sfxId=1381 (Sfx_Base+101) vol=0
[SFX] Sd_PlaySfx: sfxId=1382 (Sfx_Base+102) vol=7
[SFX] Sd_PlaySfx: sfxId=1381 (Sfx_Base+101) vol=40
[SFX] Sd_PlaySfx: sfxId=1381 (Sfx_Base+101) vol=37
[SFX] Sd_PlaySfx: sfxId=1381 (Sfx_Base+101) vol=41
[SFX] Sd_PlaySfx: sfxId=1381 (Sfx_Base+101) vol=19
[FT] avgMs=66 worstMs=98 swapWait=0ms flushMs=0ms draws=328 decodes=5 decMs=1
[SFX] Sd_PlaySfx: sfxId=1381 (Sfx_Base+101) vol=28
[CHNK] n=4 s0=3,2,st2 s1=3,3,st2 s2=4,3,st3 s3=4,2,st3
[SFX] Sd_PlaySfx: sfxId=1381 (Sfx_Base+101) vol=0
[SFX] Sd_PlaySfx: sfxId=1381 (Sfx_Base+101) vol=0
[VRAM] decode #512
[SFX] Sd_PlaySfx: sfxId=1381 (Sfx_Base+101) vol=13
[SFX] Sd_PlaySfx: sfxId=1381 (Sfx_Base+101) vol=52
[SFX] Sd_PlaySfx: sfxId=1381 (Sfx_Base+101) vol=20
[SFX] Sd_PlaySfx: sfxId=1381 (Sfx_Base+101) vol=0
[VRAM] out of slots -> GPU drain #65 (alloc=42 worstPerFrame=1 totalMs=1)
[SFX] Sd_PlaySfx: sfxId=1381 (Sfx_Base+101) vol=14
[SFX] Sd_PlaySfx: sfxId=1381 (Sfx_Base+101) vol=43
[SFX] Sd_PlaySfx: sfxId=1381 (Sfx_Base+101) vol=0
[SH-XBOX] vblank 8400
[MEM] tick: free=2776KB (694 pages)
[SFX] Sd_PlaySfx: sfxId=1381 (Sfx_Base+101) vol=27
[SFX] Sd_PlaySfx: sfxId=1381 (Sfx_Base+101) vol=47
[FT] avgMs=65 worstMs=98 swapWait=0ms flushMs=0ms draws=304 decodes=222 decMs=125
[XA] SetVolume L=0 R=0
[SH_AMB] Sd_AmbientSfxSet idx=1 -> loadCmd=162
[BOOT0/TIM] PostLoadTim file=1980 'TITLE_E.TIM' ss=0x90b7 img.u=32 img.v=0 tPage=1,13 clutX=224 clutY=15
[BOOT0/TIM] post ReadTIM: prect=0xf7c934 caddr=0xf7c730 paddr=0xf7c93c mode=9
[BOOT0/TIM] pre pixel LoadImage rect=(864,0 160x480)
[BOOT0/TIM] pre CLUT LoadImage rect=(224,15 256x1)
[BOOT0/TIM] PostLoadTim done
[SH-XBOX] GameState -> 7 (step 0)
[BOOT-STEP] GameStartup step=0 qlen=0
[TRANSITION] GameStartup step=0: processFlags=0x20 (BootDemo) sizeof(s_WorldGfxWork)=11708
[FOGST-GPU] clear=0xff000000
[BOOT-STEP] GameStartup step=1 qlen=0
[FT] avgMs=20 worstMs=109 swapWait=0ms flushMs=0ms draws=30 decodes=40 decMs=19
[SFX] Sd_PlaySfx: sfxId=1305 (Sfx_Base+25) vol=0
[SFX] Sd_PlaySfx: sfxId=1281 (Sfx_Base+1) vol=0
[BOOT0/TIM] PostLoadTim file=1939 'SAVELOAD.TIM' ss=0x8ced img.u=0 img.v=16 tPage=1,5 clutX=224 clutY=14
[BOOT0/TIM] post ReadTIM: prect=0xfac934 caddr=0xfac730 paddr=0xfac93c mode=9
[BOOT0/TIM] pre pixel LoadImage rect=(320,16 160x240)
[BOOT0/TIM] pre CLUT LoadImage rect=(224,14 256x1)
[BOOT0/TIM] PostLoadTim done
[SH-XBOX] GameState -> 8 (step 0)
[FT] avgMs=18 worstMs=138 swapWait=0ms flushMs=0ms draws=43 decodes=4 decMs=3
[FT] avgMs=16 worstMs=17 swapWait=0ms flushMs=0ms draws=88 decodes=0 decMs=0
[SFX] Sd_PlaySfx: sfxId=1305 (Sfx_Base+25) vol=0
[SFX] Sd_PlaySfx: sfxId=1305 (Sfx_Base+25) vol=0
[FT] avgMs=16 worstMs=45 swapWait=0ms flushMs=0ms draws=88 decodes=0 decMs=0
[SH-XBOX] vblank 9000
[MEM] tick: free=2776KB (694 pages)
[FT] avgMs=17 worstMs=48 swapWait=0ms flushMs=0ms draws=88 decodes=0 decMs=0
[SFX] Sd_PlaySfx: sfxId=1307 (Sfx_Base+27) vol=0
[MCRD] open 'bu00:BASLUS-00707SILENT00' flags=0x8001 -> h=1 dir=1 size=8192
[MCRD] read h=1 dir=1 ofs=896 len=640 ok
[MCRD] open 'bu00:BASLUS-00707SILENT00' flags=0x8001 -> h=1 dir=1 size=8192
[MCRD] read h=1 dir=1 ofs=768 len=128 ok
[AUTO-EQUIP-CHECK] mapIdx=1 processFlags=0x8 inventorySlotCount=8 equippedWeapon=0
[MAP-LOAD] GameBoot_MapLoad mapIdx=1 (map0_s01) fileIdx=1996 linked=1 procFlags=0x8
[MAP-LOAD] MapRegistry_Load(1)=map0_s01 linked=1 header=00596af0
[MEM] after map-load: free=2776KB (694 pages)
[BOOT0/TIM] PostLoadTim file=1849 'GLASS.TIM' ss=0x7ec3 img.u=0 img.v=0 tPage=0,13 clutX=224 clutY=0
[BOOT0/TIM] post ReadTIM: prect=0xfbe754 caddr=0xfbe730 paddr=0xfbe75c mode=8
[BOOT0/TIM] pre pixel LoadImage rect=(832,0 16x64)
[BOOT0/TIM] pre CLUT LoadImage rect=(224,0 16x1)
[BOOT0/TIM] PostLoadTim done
[SH-XBOX] GameState -> 10 (step 0)
[BOOT-STEP] GameStartup step=0 qlen=0
[TRANSITION] GameStartup step=0: processFlags=0x8 (LoadSave) sizeof(s_WorldGfxWork)=11708
[BOOT-STEP] GameStartup step=3 qlen=0
[BOOT-STEP] GameStartup step=4 qlen=0
[BOOT-STEP] GameStartup step=5 qlen=0
[BOOT-STEP] GameStartup step=7 qlen=0
[TRANSITION] GameStartup step=7: processFlags=0x8 playerPos=(18814,819,1088367) func_80039F90=0x0
[IPD-INIT] Ipd_MapFileInfoSet: mapTag='THR' activeIpdCount=4 isExterior=1 plmIdx=1370 ipdFileIdx=0 textureFileIdx=0 curSize=0 willRebuildGrid=1
[MEM] after chunk-buffers: free=2776KB (694 pages)
[TRANSITION] GameStartup step=7 post-init: playerPos=(18814,819,1088367) mapTag='THR'
[BOOT-STEP] GameStartup step=8 qlen=8
[BOOT0/TIM] PostLoadTim file=1073 'THR0001F.TIM' ss=0x45d8 img.u=0 img.v=0 tPage=0,8 clutX=0 clutY=0
[BOOT0/TIM] post ReadTIM: prect=0xfb67f4 caddr=0xfb6730 paddr=0xfb67fc mode=8
[BOOT0/TIM] pre pixel LoadImage rect=(512,0 64x256)
[BOOT0/TIM] pre CLUT LoadImage rect=(0,0 16x6)
[BOOT0/TIM] PostLoadTim done
[POOLSTOMP] upload (512,0 64x256) hits PINNED pool slot 0 'THR0001F' (512,0)
[BOOT0/TIM] PostLoadTim file=1077 'THR0003F.TIM' ss=0x4625 img.u=0 img.v=0 tPage=0,9 clutX=16 clutY=0
[BOOT0/TIM] post ReadTIM: prect=0xfb68f4 caddr=0xfb6730 paddr=0xfb68fc mode=8
[BOOT0/TIM] pre pixel LoadImage rect=(576,0 64x256)
[BOOT0/TIM] pre CLUT LoadImage rect=(16,0 16x14)
[BOOT0/TIM] PostLoadTim done
[POOLSTOMP] upload (576,0 64x256) hits PINNED pool slot 1 'THR0003F' (576,0)
[BOOT0/TIM] PostLoadTim file=1075 'THR0002F.TIM' ss=0x45fe img.u=0 img.v=0 tPage=0,10 clutX=32 clutY=0
[BOOT0/TIM] post ReadTIM: prect=0xfb6874 caddr=0xfb6730 paddr=0xfb687c mode=8
[BOOT0/TIM] pre pixel LoadImage rect=(640,0 64x256)
[BOOT0/TIM] pre CLUT LoadImage rect=(32,0 16x10)
[BOOT0/TIM] PostLoadTim done
[POOLSTOMP] upload (640,0 64x256) hits PINNED pool slot 2 'THR0002F' (640,0)
[BOOT0/TIM] PostLoadTim file=1079 'THR0004F.TIM' ss=0x4644 img.u=0 img.v=0 tPage=0,21 clutX=48 clutY=0
[BOOT0/TIM] post ReadTIM: prect=0xfb6934 caddr=0xfb6730 paddr=0xfb693c mode=8
[BOOT0/TIM] pre pixel LoadImage rect=(320,256 64x256)
[BOOT0/TIM] pre CLUT LoadImage rect=(48,0 16x16)
[BOOT0/TIM] PostLoadTim done
[POOLSTOMP] upload (320,256 64x256) hits PINNED pool slot 3 'THR0004F' (320,256)
[BOOT0/TIM] PostLoadTim file=1269 'THRCF3.TIM' ss=0x51fa img.u=0 img.v=0 tPage=0,22 clutX=64 clutY=0
[BOOT0/TIM] post ReadTIM: prect=0xfb6914 caddr=0xfb6730 paddr=0xfb691c mode=8
[BOOT0/TIM] pre pixel LoadImage rect=(384,256 64x256)
[BOOT0/TIM] pre CLUT LoadImage rect=(64,0 16x15)
[BOOT0/TIM] PostLoadTim done
[POOLSTOMP] upload (384,256 64x256) hits PINNED pool slot 4 'THRCF3' (384,256)
[BOOT0/TIM] PostLoadTim file=1268 'THRCF2.TIM' ss=0x51e9 img.u=0 img.v=0 tPage=0,23 clutX=80 clutY=0
[BOOT0/TIM] post ReadTIM: prect=0xfb6914 caddr=0xfb6730 paddr=0xfb691c mode=8
[BOOT0/TIM] pre pixel LoadImage rect=(448,256 64x256)
[BOOT0/TIM] pre CLUT LoadImage rect=(80,0 16x15)
[BOOT0/TIM] PostLoadTim done
[POOLSTOMP] upload (448,256 64x256) hits PINNED pool slot 5 'THRCF2' (448,256)
[BOOT0/TIM] PostLoadTim file=1270 'THRCF4.TIM' ss=0x520b img.u=0 img.v=0 tPage=0,24 clutX=96 clutY=0
[BOOT0/TIM] post ReadTIM: prect=0xfb67d4 caddr=0xfb6730 paddr=0xfb67dc mode=8
[BOOT0/TIM] pre pixel LoadImage rect=(512,256 64x256)
[BOOT0/TIM] pre CLUT LoadImage rect=(96,0 16x5)
[BOOT0/TIM] PostLoadTim done
[POOLSTOMP] upload (512,256 64x256) hits PINNED pool slot 6 'THRCF4' (512,256)
[BOOT0/TIM] PostLoadTim file=1267 'THRCF1.TIM' ss=0x51d8 img.u=0 img.v=0 tPage=0,25 clutX=112 clutY=0
[BOOT0/TIM] post ReadTIM: prect=0xfb6914 caddr=0xfb6730 paddr=0xfb691c mode=8
[BOOT0/TIM] pre pixel LoadImage rect=(576,256 64x256)
[BOOT0/TIM] pre CLUT LoadImage rect=(112,0 16x15)
[BOOT0/TIM] PostLoadTim done
[POOLSTOMP] upload (576,256 64x256) hits PINNED pool slot 7 'THRCF1' (576,256)
[TEXVRAM] 'THRCF3' tPage=[0,22] clutXY=(64,0) uv=(0,0)
[TEXVRAM] 'THRCF2' tPage=[0,23] clutXY=(80,0) uv=(0,0)
[TEXVRAM] 'THRCF4' tPage=[0,24] clutXY=(96,0) uv=(0,0)
[TEXVRAM] 'THRCF1' tPage=[0,25] clutXY=(112,0) uv=(0,0)
[BOOT-STEP] GameStartup step=9 qlen=0
[BOOT-STEP] GameStartup step=10 qlen=0
[SH_AMB] Sd_AmbientSfxSet idx=3 -> loadCmd=171
[SH_AMB] Sd_VabLoad ambient cmd=171 type=2 dedup=0
[BOOT-STEP] GameStartup step=11 qlen=0
[FT] avgMs=25 worstMs=739 swapWait=0ms flushMs=0ms draws=30 decodes=6 decMs=12
[BOOT0/TIM] PostLoadTim file=1449 'REBIRD.TIM' ss=0x5b2c img.u=0 img.v=0 tPage=0,28 clutX=704 clutY=464
[BOOT0/TIM] post ReadTIM: prect=0xfac7f4 caddr=0xfac730 paddr=0xfac7fc mode=8
[BOOT0/TIM] pre pixel LoadImage rect=(768,256 32x128)
[BOOT0/TIM] pre CLUT LoadImage rect=(704,464 16x6)
[BOOT0/TIM] PostLoadTim done
[CHARA-TEX] charaId=2 matCount=1 modelCount=16
[CHARA-TEX] mat[0] name='REBIRD' field_C=1 E=0x5c F=0x5c clut=0x742c UV=0x0000 tex=0
[CHARA-TEX] prim0: f0=0x2971(UV0) f2=0x74ac(clut) f4=0x1d6a(UV1) f6=0x005c(tpage) f8=0x2077(UV2) fA=0x0000(UV3)
[CHARA-TEX] texDesc: tPage=[0,28] u=0 v=0 clutXY=(704,464)
[MEM] dms-load: free=2776KB (694 pages)
[WOBJ] resolved 'RADIO_HI' lmIdx=3
[WOBJ] resolved 'KNIFE_HI' lmIdx=3
[WOBJ] resolved 'IN1_HIDE' lmIdx=4
[WOBJ] resolved 'IN_BLD1_' lmIdx=4
[WOBJ] resolved 'DRINK_NE' lmIdx=1
[BOOT0/TIM] PostLoadTim file=1505 'TIM00.TIM' ss=0x5dcb img.u=0 img.v=0 tPage=0,15 clutX=176 clutY=0
[BOOT0/TIM] post ReadTIM: prect=0xfac934 caddr=0xfac730 paddr=0xfac93c mode=8
[BOOT0/TIM] pre pixel LoadImage rect=(960,0 64x256)
[BOOT0/TIM] pre CLUT LoadImage rect=(176,0 16x16)
[BOOT0/TIM] PostLoadTim done
[BOOT-STEP] GameStartup step=12 qlen=2
[SH-XBOX] GameState -> 11 (step 0)
[FOGST-GPU] clear=0xff6c6474
[BOOT0/TIM] PostLoadTim file=1514 'TIM07.TIM' ss=0x5e64 img.u=32 img.v=0 tPage=0,13 clutX=240 clutY=0
[BOOT0/TIM] post ReadTIM: prect=0xfac834 caddr=0xfac730 paddr=0xfac83c mode=8
[BOOT0/TIM] pre pixel LoadImage rect=(864,0 32x256)
[BOOT0/TIM] pre CLUT LoadImage rect=(240,0 16x8)
[BOOT0/TIM] PostLoadTim done
[BOOT0/TIM] PostLoadTim file=1509 'TIM02.TIM' ss=0x5e0f img.u=0 img.v=0 tPage=0,14 clutX=160 clutY=0
[BOOT0/TIM] post ReadTIM: prect=0xfac934 caddr=0xfac730 paddr=0xfac93c mode=8
[BOOT0/TIM] pre pixel LoadImage rect=(896,0 64x256)
[BOOT0/TIM] pre CLUT LoadImage rect=(160,0 16x16)
[BOOT0/TIM] PostLoadTim done
[FT] avgMs=19 worstMs=86 swapWait=0ms flushMs=0ms draws=87 decodes=15 decMs=6
[VRAM] decode #1024
[FT] avgMs=23 worstMs=61 swapWait=0ms flushMs=0ms draws=297 decodes=250 decMs=123
[WALLANIM] pathB kf=33 travel=275 intended=474 runStepSfx=10 spdProp=14336 pos=(18808,1123726)
[VRAM] out of slots -> GPU drain #129 (alloc=42 worstPerFrame=1 totalMs=7)
[GP-STATE-TXN] Gameplay -> sysState=7 (param=74)
[SYSSTATE] dispatch sysState=7 mapEventData=0x5969e4
[VRAM] decode #1536
[VRAM] out of slots -> GPU drain #193 (alloc=42 worstPerFrame=2 totalMs=16)
[GP-STATE-TXN] Gameplay -> sysState=10 (param=2)
[SYSSTATE] dispatch sysState=10 mapEventData=0x5968e8
[ITEMPICK] unique-item link: id=0x41 nobj=1 obj=ok
[ITEMPICK] unique-item link: id=0x41 nobj=1 obj=ok
[ITEMPICK] draw SKIPPED: slot=9 reason=scale 0 (arg2=2)
[FT] avgMs=31 worstMs=75 swapWait=1ms flushMs=0ms draws=464 decodes=748 decMs=421
[SFX] Sd_PlaySfx: sfxId=1307 (Sfx_Base+27) vol=64
[SH-XBOX] vblank 9600
[MEM] tick: free=2776KB (694 pages)
[GP-STATE-TXN] Gameplay -> sysState=10 (param=6)
[ITEMPICK] unique-item link: id=0x41 nobj=1 obj=ok
[ITEMPICK] unique-item link: id=0x41 nobj=1 obj=ok
[ITEMPICK] draw SKIPPED: slot=9 reason=scale 0 (arg2=2)
[SFX] Sd_PlaySfx: sfxId=1307 (Sfx_Base+27) vol=64
[FT] avgMs=23 worstMs=78 swapWait=0ms flushMs=0ms draws=222 decodes=102 decMs=58
[VRAM] out of slots -> GPU drain #257 (alloc=42 worstPerFrame=2 totalMs=23)
[VRAM] decode #2048
[GP-STATE-TXN] Gameplay -> sysState=10 (param=5)
[SFX] Sd_PlaySfx: sfxId=1321 (Sfx_Base+41) vol=0
[SFX] Sd_PlaySfx: sfxId=1322 (Sfx_Base+42) vol=0
[VRAM] decode #2560
[CHNK] n=4 s0=-1,6,st3 s1=0,6,st3 s2=0,0,st0 s3=0,0,st0
[XA] Play xaIdx=42 file=1 sector=1889 sectors=21 stereo 37800Hz bits=4 filter=(6,1)
[XA] primed ring=20481 frames
[FT] avgMs=39 worstMs=137 swapWait=0ms flushMs=0ms draws=583 decodes=1022 decMs=551
[VRAM] decode #3072
[XA] channel ended early xaIdx=42 (remaining=1/21)
[VRAM] out of slots -> GPU drain #321 (alloc=42 worstPerFrame=2 totalMs=23)
[XA] finished xaIdx=42 (drained)
[VRAM] decode #3584
[VRAM] decode #4096
[XA] Play xaIdx=4 file=1 sector=3 sectors=78 stereo 37800Hz bits=4 filter=(1,3)
[XA] primed ring=20481 frames
[VRAM] decode #4608
[VRAM] out of slots -> GPU drain #385 (alloc=42 worstPerFrame=2 totalMs=23)
[VRAM] decode #5120
[VRAM] decode #5632
[VRAM] decode #6144
[XA] channel ended early xaIdx=4 (remaining=1/78)
[FT] avgMs=63 worstMs=176 swapWait=0ms flushMs=0ms draws=786 decodes=3639 decMs=1974
[XA] finished xaIdx=4 (drained)
[VRAM] decode #6656
[VRAM] out of slots -> GPU drain #449 (alloc=42 worstPerFrame=2 totalMs=25)
[VRAM] decode #7168
[VRAM] decode #7680
[VRAM] decode #8192
[VRAM] decode #8704
[VRAM] out of slots -> GPU drain #513 (alloc=42 worstPerFrame=2 totalMs=25)
[VRAM] decode #9216
[WOBJ] resolved 'OUT1_HID' lmIdx=3
[WOBJ] resolved 'OUT_BLD_' lmIdx=3
[FT] avgMs=47 worstMs=100 swapWait=0ms flushMs=0ms draws=718 decodes=2835 decMs=1564
[VRAM] decode #9728
[VRAM] decode #10240
[VRAM] decode #10752
[VRAM] out of slots -> GPU drain #577 (alloc=42 worstPerFrame=2 totalMs=25)
[FT] avgMs=41 worstMs=86 swapWait=0ms flushMs=0ms draws=582 decodes=1619 decMs=899
[VRAM] decode #11264
[SFX] Sd_PlaySfx: sfxId=1373 (Sfx_Base+93) vol=127
[COLL-MISS] cell(0,0) pos(0,0) activeCount=4
[COLL-MISS]   slot cell(-1,6) qIdx=51 loadState=2 isLoaded=1
[COLL-MISS]   slot cell(0,6) qIdx=52 loadState=2 isLoaded=1
[COLL-MISS]   slot cell(0,0) qIdx=-1 loadState=0 isLoaded=1
[COLL-MISS]   slot cell(0,0) qIdx=-1 loadState=0 isLoaded=1
[COLL-MISS] cell(0,0) pos(0,0) activeCount=4
[COLL-MISS]   slot cell(-1,6) qIdx=51 loadState=2 isLoaded=1
[COLL-MISS]   slot cell(0,6) qIdx=52 loadState=2 isLoaded=1
[COLL-MISS]   slot cell(0,0) qIdx=-1 loadState=0 isLoaded=1
[COLL-MISS]   slot cell(0,0) qIdx=-1 loadState=0 isLoaded=1
[COLL-MISS] cell(0,-1) pos(0,-1) activeCount=4
[COLL-MISS]   slot cell(-1,6) qIdx=51 loadState=2 isLoaded=1
[COLL-MISS]   slot cell(0,6) qIdx=52 loadState=2 isLoaded=1
[COLL-MISS]   slot cell(0,0) qIdx=-1 loadState=0 isLoaded=1
[COLL-MISS]   slot cell(0,0) qIdx=-1 loadState=0 isLoaded=1
[VRAM] decode #11776
[COLL-MISS] cell(0,0) pos(0,0) activeCount=4
[COLL-MISS]   slot cell(-1,6) qIdx=51 loadState=2 isLoaded=1
[COLL-MISS]   slot cell(0,6) qIdx=52 loadState=2 isLoaded=1
[COLL-MISS]   slot cell(0,0) qIdx=-1 loadState=0 isLoaded=1
[COLL-MISS]   slot cell(0,0) qIdx=-1 loadState=0 isLoaded=1
[COLL-MISS] cell(0,0) pos(1,0) activeCount=4
[COLL-MISS]   slot cell(-1,6) qIdx=51 loadState=2 isLoaded=1
[COLL-MISS]   slot cell(0,6) qIdx=52 loadState=2 isLoaded=1
[COLL-MISS]   slot cell(0,0) qIdx=-1 loadState=0 isLoaded=1
[COLL-MISS]   slot cell(0,0) qIdx=-1 loadState=0 isLoaded=1
[SH-XBOX] vblank 10200
[MEM] tick: free=2776KB (694 pages)
[COLL-MISS] cell(0,0) pos(1,1) activeCount=4
[COLL-MISS]   slot cell(-1,6) qIdx=51 loadState=2 isLoaded=1
[COLL-MISS]   slot cell(0,6) qIdx=52 loadState=2 isLoaded=1
[COLL-MISS]   slot cell(0,0) qIdx=-1 loadState=0 isLoaded=1
[COLL-MISS]   slot cell(0,0) qIdx=-1 loadState=0 isLoaded=1
[VRAM] decode #12288
[VRAM] decode #12800
[VRAM] out of slots -> GPU drain #641 (alloc=42 worstPerFrame=2 totalMs=25)
[SFX] Sd_PlaySfx: sfxId=1374 (Sfx_Base+94) vol=184
[SFX] Sd_PlaySfx: sfxId=1375 (Sfx_Base+95) vol=184
[COLL-MISS] cell(0,-1) pos(0,-1) activeCount=4
[COLL-MISS]   slot cell(-1,6) qIdx=51 loadState=2 isLoaded=1
[COLL-MISS]   slot cell(0,6) qIdx=52 loadState=2 isLoaded=1
[COLL-MISS]   slot cell(0,0) qIdx=-1 loadState=0 isLoaded=1
[COLL-MISS]   slot cell(0,0) qIdx=-1 loadState=0 isLoaded=1
[VRAM] decode #13312
[COLL-MISS] cell(0,-1) pos(0,-1) activeCount=4
[COLL-MISS]   slot cell(-1,6) qIdx=51 loadState=2 isLoaded=1
[COLL-MISS]   slot cell(0,6) qIdx=52 loadState=2 isLoaded=1
[COLL-MISS]   slot cell(0,0) qIdx=-1 loadState=0 isLoaded=1
[COLL-MISS]   slot cell(0,0) qIdx=-1 loadState=0 isLoaded=1
[COLL-MISS] cell(0,-1) pos(0,-1) activeCount=4
[COLL-MISS]   slot cell(-1,6) qIdx=51 loadState=2 isLoaded=1
[COLL-MISS]   slot cell(0,6) qIdx=52 loadState=2 isLoaded=1
[COLL-MISS]   slot cell(0,0) qIdx=-1 loadState=0 isLoaded=1
[COLL-MISS]   slot cell(0,0) qIdx=-1 loadState=0 isLoaded=1
[COLL-MISS] cell(0,-1) pos(0,-1) activeCount=4
[COLL-MISS]   slot cell(-1,6) qIdx=51 loadState=2 isLoaded=1
[COLL-MISS]   slot cell(0,6) qIdx=52 loadState=2 isLoaded=1
[COLL-MISS]   slot cell(0,0) qIdx=-1 loadState=0 isLoaded=1
[COLL-MISS]   slot cell(0,0) qIdx=-1 loadState=0 isLoaded=1
[COLL-MISS] cell(0,-1) pos(1,-1) activeCount=4
[COLL-MISS]   slot cell(-1,6) qIdx=51 loadState=2 isLoaded=1
[COLL-MISS]   slot cell(0,6) qIdx=52 loadState=2 isLoaded=1
[COLL-MISS]   slot cell(0,0) qIdx=-1 loadState=0 isLoaded=1
[COLL-MISS]   slot cell(0,0) qIdx=-1 loadState=0 isLoaded=1
[SFX] Sd_PlaySfx: sfxId=1382 (Sfx_Base+102) vol=0
[COLL-MISS] cell(0,-1) pos(1,-1) activeCount=4
[COLL-MISS]   slot cell(-1,6) qIdx=51 loadState=2 isLoaded=1
[COLL-MISS]   slot cell(0,6) qIdx=52 loadState=2 isLoaded=1
[COLL-MISS]   slot cell(0,0) qIdx=-1 loadState=0 isLoaded=1
[COLL-MISS]   slot cell(0,0) qIdx=-1 loadState=0 isLoaded=1
[WOBJ] resolved 'BRK_BLD1' lmIdx=4
[WOBJ] resolved 'BRK_GLS1' lmIdx=4
[WOBJ] resolved 'BRK_GLS2' lmIdx=4
[BGM] ChannelSet bgmIdx=30 cmd=798
[SFX] Sd_PlaySfx: sfxId=1317 (Sfx_Base+37) vol=191
[COLL-MISS] cell(0,-1) pos(0,-1) activeCount=4
[COLL-MISS]   slot cell(-1,6) qIdx=51 loadState=2 isLoaded=1
[COLL-MISS]   slot cell(0,6) qIdx=52 loadState=2 isLoaded=1
[COLL-MISS]   slot cell(0,0) qIdx=-1 loadState=0 isLoaded=1
[COLL-MISS]   slot cell(0,0) qIdx=-1 loadState=0 isLoaded=1
[VRAM] decode #13824
[SH_DRIP] key_on song=0 ch=2 prog=1 note=70 bank=127 vabId=3 tones=1 match=1 vab2match=0
[SH_DRIP] key_on song=0 ch=3 prog=4 note=60 bank=127 vabId=3 tones=1 match=1 vab2match=0
[SH_DRIP] key_on song=0 ch=5 prog=2 note=55 bank=127 vabId=3 tones=1 match=1 vab2match=1
[SFX] Sd_PlaySfx: sfxId=1379 (Sfx_Base+99) vol=44
[COLL-MISS] cell(0,0) pos(1,0) activeCount=4
[COLL-MISS]   slot cell(-1,6) qIdx=51 loadState=2 isLoaded=1
[COLL-MISS]   slot cell(0,6) qIdx=52 loadState=2 isLoaded=1
[COLL-MISS]   slot cell(0,0) qIdx=-1 loadState=0 isLoaded=1
[COLL-MISS]   slot cell(0,0) qIdx=-1 loadState=0 isLoaded=1
[SH_DRIP] key_on song=0 ch=6 prog=1 note=70 bank=127 vabId=3 tones=1 match=1 vab2match=0
[COLL-MISS] cell(0,0) pos(1,0) activeCount=4
[COLL-MISS]   slot cell(-1,6) qIdx=51 loadState=2 isLoaded=1
[COLL-MISS]   slot cell(0,6) qIdx=52 loadState=2 isLoaded=1
[COLL-MISS]   slot cell(0,0) qIdx=-1 loadState=0 isLoaded=1
[COLL-MISS]   slot cell(0,0) qIdx=-1 loadState=0 isLoaded=1
[COLL-MISS] cell(0,-1) pos(1,-1) activeCount=4
[COLL-MISS]   slot cell(-1,6) qIdx=51 loadState=2 isLoaded=1
[COLL-MISS]   slot cell(0,6) qIdx=52 loadState=2 isLoaded=1
[COLL-MISS]   slot cell(0,0) qIdx=-1 loadState=0 isLoaded=1
[COLL-MISS]   slot cell(0,0) qIdx=-1 loadState=0 isLoaded=1
[SFX] Sd_PlaySfx: sfxId=1381 (Sfx_Base+101) vol=62
[VRAM] decode #14336
[VRAM] decode #14848
[SFX] Sd_PlaySfx: sfxId=1381 (Sfx_Base+101) vol=93
[FT] avgMs=59 worstMs=120 swapWait=0ms flushMs=0ms draws=798 decodes=3914 decMs=2128
[VRAM] out of slots -> GPU drain #705 (alloc=42 worstPerFrame=3 totalMs=29)
[SFX] Sd_PlaySfx: sfxId=1381 (Sfx_Base+101) vol=84
[VRAM] decode #15360
[SFX] Sd_PlaySfx: sfxId=1381 (Sfx_Base+101) vol=87
[VRAM] decode #15872
[SFX] Sd_PlaySfx: sfxId=1381 (Sfx_Base+101) vol=89
[VRAM] decode #16384
[SFX] Sd_PlaySfx: sfxId=1381 (Sfx_Base+101) vol=100
[VRAM] decode #16896
[VRAM] out of slots -> GPU drain #769 (alloc=42 worstPerFrame=3 totalMs=29)
[SFX] Sd_PlaySfx: sfxId=1381 (Sfx_Base+101) vol=107
[VRAM] decode #17408
[SFX] Sd_PlaySfx: sfxId=1381 (Sfx_Base+101) vol=115
[SFX] Sd_PlaySfx: sfxId=1381 (Sfx_Base+101) vol=138
[SFX] Sd_PlaySfx: sfxId=1378 (Sfx_Base+98) vol=140
[SYSSTATE] dispatch sysState=2 mapEventData=0
[FOGST-GPU] clear=0xff000000
[SH-XBOX] GameState -> 19 (step 0)
[BOOT0/TIM] PostLoadTim file=1485 'HEROPIC2.TIM' ss=0x5bb6 img.u=12 img.v=103 tPage=1,31 clutX=224 clutY=13
[BOOT0/TIM] post ReadTIM: prect=0xfac934 caddr=0xfac730 paddr=0xfac93c mode=9
[BOOT0/TIM] pre pixel LoadImage rect=(972,359 52x152)
[BOOT0/TIM] pre CLUT LoadImage rect=(224,13 256x1)
[BOOT0/TIM] PostLoadTim done
[SH-XBOX] GameState -> 14 (step 0)
[ITEMPICK] map-pack link: slot=3 loadableIdx=0 nobj=34 obj=ok
[ITEMPICK] map-pack link: slot=4 loadableIdx=8 nobj=34 obj=ok
[ITEMPICK] map-pack link: slot=5 loadableIdx=3 nobj=34 obj=ok
[ITEMPICK] map-pack link: slot=6 loadableIdx=15 nobj=34 obj=ok
[FT] avgMs=58 worstMs=119 swapWait=0ms flushMs=0ms draws=697 decodes=2873 decMs=1620
[SFX] Sd_PlaySfx: sfxId=1305 (Sfx_Base+25) vol=64
[SFX] Sd_PlaySfx: sfxId=1307 (Sfx_Base+27) vol=64
[FT] avgMs=16 worstMs=53 swapWait=0ms flushMs=0ms draws=79 decodes=0 decMs=0
[SFX] Sd_PlaySfx: sfxId=1307 (Sfx_Base+27) vol=64
[ITEMPICK] map-pack link: slot=7 loadableIdx=8 nobj=34 obj=ok
[SFX] Sd_PlaySfx: sfxId=1306 (Sfx_Base+26) vol=64
[SFX] Sd_PlaySfx: sfxId=1306 (Sfx_Base+26) vol=64
[WEP_DBG] handgun pre-copy D_800AFBF4[6]: sfx0=1283 sfx2=1284 sfx4=1285 aim6=66 att7=72 hold8=61 f9=37 fA=37 fB=0 sizeof=12
[WEP_DBG] handgun post-copy g_Player_EquippedWeaponInfo: sfx0=1283 sfx2=1284 sfx4=1285 aim6=66 att7=72 hold8=61 f9=37 fA=37 fB=0 sizeof=12
[RELOAD_KF] weap=32 blendStart=-1 blendEnd=605 activeEnd=658
[WEP_LOAD] weaponAttack=32 FS_BUFFER_12=0xeea2d0 — queuing weapon ANM
[WEP_LOAD] post-load FS_BUFFER_12 first 16 bytes: 00 fa 00 7f ff fd 01 7f fe 03 02 7f 7f 01 01 ff
[WEP_LOAD] HARRY_BASE_ANIM_INFOS[56] status=56 hasVar=0 link=57 sk=-1 ek=570
[WEP_LOAD] HARRY_BASE_ANIM_INFOS[57] status=57 hasVar=0 link=57 sk=570 ek=579
[WEP_LOAD] g_Player_EquippedWeaponInfo: attackSfx=1283 animStop=66 animAttack=72 animHold=61 sizeof=12
[SH-XBOX] GameState -> 11 (step 0)
[SFX] Sd_PlaySfx: sfxId=1321 (Sfx_Base+41) vol=0
[SFX] Sd_PlaySfx: sfxId=1322 (Sfx_Base+42) vol=0
[CHNK] n=4 s0=-1,6,st3 s1=0,6,st3 s2=0,0,st0 s3=0,0,st0
[SFX] Sd_PlaySfx: sfxId=1381 (Sfx_Base+101) vol=131
[FOGST-GPU] clear=0xff6c6474
[SFX] Sd_PlaySfx: sfxId=1381 (Sfx_Base+101) vol=102
[FT] avgMs=24 worstMs=120 swapWait=1ms flushMs=0ms draws=194 decodes=19 decMs=8
[SFX] Sd_PlaySfx: sfxId=1283 (Sfx_Base+3) vol=0
[SFX] Sd_PlaySfx: sfxId=1381 (Sfx_Base+101) vol=74
[ATTACK-DONE] st=73 lookupSt=73 kf=604 -> pcAttackDone
[SFX] Sd_PlaySfx: sfxId=1381 (Sfx_Base+101) vol=42
[SFX] Sd_PlaySfx: sfxId=1381 (Sfx_Base+101) vol=17
[VRAM] decode #17920
[SFX] Sd_PlaySfx: sfxId=1283 (Sfx_Base+3) vol=0
[SFX] Sd_PlaySfx: sfxId=1286 (Sfx_Base+6) vol=0
[SFX] Sd_PlaySfx: sfxId=1377 (Sfx_Base+97) vol=0
[SFX] Sd_PlaySfx: sfxId=1377 (Sfx_Base+97) vol=0
[SFX] Sd_PlaySfx: sfxId=1381 (Sfx_Base+101) vol=9
[VRAM] decode #18432
[ATTACK-DONE] st=61 lookupSt=61 kf=604 -> pcAttackDone
[SFX] Sd_PlaySfx: sfxId=1283 (Sfx_Base+3) vol=0
[SFX] Sd_PlaySfx: sfxId=1286 (Sfx_Base+6) vol=0
[VRAM] out of slots -> GPU drain #833 (alloc=42 worstPerFrame=3 totalMs=30)
[VRAM] decode #18944
[ATTACK-DONE] st=61 lookupSt=61 kf=604 -> pcAttackDone
[SFX] Sd_PlaySfx: sfxId=1381 (Sfx_Base+101) vol=3
[VRAM] decode #19456
[SFX] Sd_PlaySfx: sfxId=1283 (Sfx_Base+3) vol=0
[SFX] Sd_PlaySfx: sfxId=1286 (Sfx_Base+6) vol=0
[SFX] Sd_PlaySfx: sfxId=1377 (Sfx_Base+97) vol=0
[SFX] Sd_PlaySfx: sfxId=1377 (Sfx_Base+97) vol=0
[VRAM] decode #19968
[SFX] Sd_PlaySfx: sfxId=1381 (Sfx_Base+101) vol=36
[ATTACK-DONE] st=61 lookupSt=61 kf=604 -> pcAttackDone
[SFX] Sd_PlaySfx: sfxId=1283 (Sfx_Base+3) vol=0
[SFX] Sd_PlaySfx: sfxId=1286 (Sfx_Base+6) vol=0
[VRAM] decode #20480
[ATTACK-DONE] st=61 lookupSt=61 kf=604 -> pcAttackDone
[SFX] Sd_PlaySfx: sfxId=1283 (Sfx_Base+3) vol=0
[SFX] Sd_PlaySfx: sfxId=1286 (Sfx_Base+6) vol=0
[SFX] Sd_SfxStop: sfxId=1376 (Sfx_Base+96)
[SFX] Sd_PlaySfx: sfxId=1380 (Sfx_Base+100) vol=0
[FT] avgMs=57 worstMs=98 swapWait=0ms flushMs=0ms draws=682 decodes=3121 decMs=1691
[VRAM] decode #20992
[VRAM] out of slots -> GPU drain #897 (alloc=42 worstPerFrame=3 totalMs=31)
[ATTACK-DONE] st=61 lookupSt=61 kf=604 -> pcAttackDone
[SFX] Sd_PlaySfx: sfxId=1283 (Sfx_Base+3) vol=0
[SFX] Sd_PlaySfx: sfxId=1286 (Sfx_Base+6) vol=0
[VRAM] decode #21504
[SFX] Sd_PlaySfx: sfxId=1381 (Sfx_Base+101) vol=32
[ATTACK-DONE] st=61 lookupSt=61 kf=604 -> pcAttackDone
[VRAM] decode #22016
[SFX] Sd_PlaySfx: sfxId=1316 (Sfx_Base+36) vol=0
[SH-XBOX] vblank 10800
[MEM] tick: free=2584KB (646 pages)
[VRAM] decode #22528
[FOGST-GPU] clear=0xff000000
[SH-XBOX] GameState -> 19 (step 0)
[BOOT0/TIM] PostLoadTim file=1485 'HEROPIC2.TIM' ss=0x5bb6 img.u=12 img.v=103 tPage=1,31 clutX=224 clutY=13
[BOOT0/TIM] post ReadTIM: prect=0xfac934 caddr=0xfac730 paddr=0xfac93c mode=9
[BOOT0/TIM] pre pixel LoadImage rect=(972,359 52x152)
[BOOT0/TIM] pre CLUT LoadImage rect=(224,13 256x1)
[BOOT0/TIM] PostLoadTim done
[SH-XBOX] GameState -> 14 (step 0)
[ITEMPICK] map-pack link: slot=2 loadableIdx=0 nobj=34 obj=ok
[ITEMPICK] map-pack link: slot=3 loadableIdx=8 nobj=34 obj=ok
[ITEMPICK] map-pack link: slot=4 loadableIdx=3 nobj=34 obj=ok
[ITEMPICK] map-pack link: slot=5 loadableIdx=15 nobj=34 obj=ok
[ITEMPICK] map-pack link: slot=7 loadableIdx=8 nobj=34 obj=ok
[SFX] Sd_PlaySfx: sfxId=1305 (Sfx_Base+25) vol=64
[FT] avgMs=36 worstMs=128 swapWait=0ms flushMs=0ms draws=310 decodes=1752 decMs=959
[SFX] Sd_PlaySfx: sfxId=1306 (Sfx_Base+26) vol=64
[WEP_DBG] handgun pre-copy D_800AFBF4[6]: sfx0=1283 sfx2=1284 sfx4=1285 aim6=66 att7=72 hold8=61 f9=37 fA=37 fB=0 sizeof=12
[WEP_DBG] handgun post-copy g_Player_EquippedWeaponInfo: sfx0=1283 sfx2=1284 sfx4=1285 aim6=66 att7=72 hold8=61 f9=37 fA=37 fB=0 sizeof=12
[RELOAD_KF] weap=32 blendStart=-1 blendEnd=605 activeEnd=658
[SH-XBOX] GameState -> 11 (step 0)
[SFX] Sd_PlaySfx: sfxId=1321 (Sfx_Base+41) vol=0
[SFX] Sd_PlaySfx: sfxId=1322 (Sfx_Base+42) vol=0
[GP-STATE-TXN] Gameplay -> sysState=10 (param=11)
[VRAM] decode #23040
[SYSSTATE] dispatch sysState=10 mapEventData=0x596924
[XA] Play xaIdx=5 file=1 sector=4 sectors=77 stereo 37800Hz bits=4 filter=(1,4)
[XA] primed ring=20481 frames
[VRAM] out of slots -> GPU drain #961 (alloc=42 worstPerFrame=3 totalMs=33)
[VRAM] decode #23552
[VRAM] decode #24064
[VRAM] decode #24576
[FT] avgMs=48 worstMs=185 swapWait=0ms flushMs=0ms draws=400 decodes=2365 decMs=1304
[XA] channel ended early xaIdx=5 (remaining=1/77)
[VRAM] decode #25088
[XA] finished xaIdx=5 (drained)
[VRAM] out of slots -> GPU drain #1025 (alloc=42 worstPerFrame=3 totalMs=34)
[VRAM] decode #25600
[FOGST-GPU] clear=0xff6c6474
[SYSSTATE] dispatch sysState=2 mapEventData=0
[FOGST-GPU] clear=0xff000000
[SH-XBOX] GameState -> 19 (step 0)
[BOOT0/TIM] PostLoadTim file=1485 'HEROPIC2.TIM' ss=0x5bb6 img.u=12 img.v=103 tPage=1,31 clutX=224 clutY=13
[BOOT0/TIM] post ReadTIM: prect=0xfac934 caddr=0xfac730 paddr=0xfac93c mode=9
[BOOT0/TIM] pre pixel LoadImage rect=(972,359 52x152)
[BOOT0/TIM] pre CLUT LoadImage rect=(224,13 256x1)
[BOOT0/TIM] PostLoadTim done
[SH-XBOX] GameState -> 14 (step 0)
[ITEMPICK] map-pack link: slot=2 loadableIdx=0 nobj=34 obj=ok
[ITEMPICK] map-pack link: slot=3 loadableIdx=8 nobj=34 obj=ok
[ITEMPICK] map-pack link: slot=4 loadableIdx=3 nobj=34 obj=ok
[ITEMPICK] map-pack link: slot=5 loadableIdx=15 nobj=34 obj=ok
[ITEMPICK] map-pack link: slot=7 loadableIdx=8 nobj=34 obj=ok
[SFX] Sd_PlaySfx: sfxId=1305 (Sfx_Base+25) vol=64
[SFX] Sd_PlaySfx: sfxId=1305 (Sfx_Base+25) vol=64
[SFX] Sd_PlaySfx: sfxId=1307 (Sfx_Base+27) vol=64
[BOOT0/TIM] PostLoadTim file=1919 'OPTION.TIM' ss=0x8a38 img.u=0 img.v=16 tPage=1,5 clutX=224 clutY=14
[BOOT0/TIM] post ReadTIM: prect=0xfac934 caddr=0xfac730 paddr=0xfac93c mode=9
[BOOT0/TIM] pre pixel LoadImage rect=(320,16 160x240)
[BOOT0/TIM] pre CLUT LoadImage rect=(224,14 256x1)
[BOOT0/TIM] PostLoadTim done
[FT] avgMs=29 worstMs=114 swapWait=1ms flushMs=0ms draws=258 decodes=1023 decMs=596
[SH-XBOX] GameState -> 18 (step 0)
[SFX] Sd_PlaySfx: sfxId=1305 (Sfx_Base+25) vol=64
[SFX] Sd_PlaySfx: sfxId=1305 (Sfx_Base+25) vol=64
[SFX] Sd_PlaySfx: sfxId=1305 (Sfx_Base+25) vol=64
[SFX] Sd_PlaySfx: sfxId=1307 (Sfx_Base+27) vol=64
[FT] avgMs=18 worstMs=136 swapWait=0ms flushMs=0ms draws=62 decodes=2 decMs=2
[SFX] Sd_PlaySfx: sfxId=1305 (Sfx_Base+25) vol=64
[SFX] Sd_PlaySfx: sfxId=1305 (Sfx_Base+25) vol=64
[SFX] Sd_PlaySfx: sfxId=1305 (Sfx_Base+25) vol=64
[SFX] Sd_PlaySfx: sfxId=1305 (Sfx_Base+25) vol=64
[SFX] Sd_PlaySfx: sfxId=1305 (Sfx_Base+25) vol=64
[SFX] Sd_PlaySfx: sfxId=1305 (Sfx_Base+25) vol=64
[SFX] Sd_PlaySfx: sfxId=1305 (Sfx_Base+25) vol=64
[SFX] Sd_PlaySfx: sfxId=1305 (Sfx_Base+25) vol=64
[SFX] Sd_PlaySfx: sfxId=1305 (Sfx_Base+25) vol=64
[FT] avgMs=17 worstMs=47 swapWait=0ms flushMs=0ms draws=100 decodes=0 decMs=0
[SH-XBOX] vblank 11400
[MEM] tick: free=2584KB (646 pages)
[EXITMENU] pressed gameStatePrev=14 gameState=18
[SFX] Sd_PlaySfx: sfxId=1307 (Sfx_Base+27) vol=64
[XA] SetVolume L=0 R=0
[SH_AMB] Sd_AmbientSfxSet idx=1 -> loadCmd=162
[BOOT0/TIM] PostLoadTim file=1980 'TITLE_E.TIM' ss=0x90b7 img.u=32 img.v=0 tPage=1,13 clutX=224 clutY=15
[BOOT0/TIM] post ReadTIM: prect=0xf7c934 caddr=0xf7c730 paddr=0xf7c93c mode=9
[BOOT0/TIM] pre pixel LoadImage rect=(864,0 160x480)
[BOOT0/TIM] pre CLUT LoadImage rect=(224,15 256x1)
[BOOT0/TIM] PostLoadTim done
[SH-XBOX] GameState -> 7 (step 0)
[BOOT-STEP] GameStartup step=0 qlen=0
[TRANSITION] GameStartup step=0: processFlags=0x20 (BootDemo) sizeof(s_WorldGfxWork)=11708
[BOOT-STEP] GameStartup step=1 qlen=0
[MCRD] card_info chan=2 -> IOE (n=1024)
[FT] avgMs=18 worstMs=101 swapWait=0ms flushMs=0ms draws=36 decodes=10 decMs=8
[FT] avgMs=16 worstMs=49 swapWait=0ms flushMs=0ms draws=22 decodes=0 decMs=0
[FT] avgMs=16 worstMs=45 swapWait=0ms flushMs=0ms draws=22 decodes=0 decMs=0
[FT] avgMs=16 worstMs=18 swapWait=0ms flushMs=0ms draws=22 decodes=0 decMs=0
[FT] avgMs=16 worstMs=53 swapWait=0ms flushMs=0ms draws=22 decodes=0 decMs=0
[SH-XBOX] vblank 12000
[MEM] tick: free=2584KB (646 pages)
[FT] avgMs=17 worstMs=49 swapWait=0ms flushMs=0ms draws=22 decodes=0 decMs=0
[RA] http POST http://retroachievements.org/dorequest.php
[NET] POST retroachievements.org -> 200 (16 bytes)
[RA] http -> status=200 bodyLen=16 body='{"Success":true}'
[FT] avgMs=21 worstMs=501 swapWait=0ms flushMs=0ms draws=22 decodes=0 decMs=0
[MCRD] card_info chan=2 -> IOE (n=1280)
[FT] avgMs=16 worstMs=45 swapWait=0ms flushMs=0ms draws=22 decodes=0 decMs=0
[FT] avgMs=16 worstMs=46 swapWait=0ms flushMs=0ms draws=22 decodes=0 decMs=0
[FT] avgMs=16 worstMs=52 swapWait=0ms flushMs=0ms draws=22 decodes=0 decMs=0
[SH-XBOX] vblank 12600
[MEM] tick: free=2584KB (646 pages)
[AUTO-EQUIP-CHECK] mapIdx=10 processFlags=0x20 inventorySlotCount=8 equippedWeapon=160
[MAP-LOAD] GameBoot_MapLoad mapIdx=10 (map2_s00) fileIdx=2005 linked=1 procFlags=0x20
[MAP-LOAD] MapRegistry_Load(10)=map2_s00 linked=1 header=005b2b94
[MEM] after map-load: free=2584KB (646 pages)
[BOOT-STEP] GameStartup step=2 qlen=1
[BOOT-STEP] GameStartup step=3 qlen=1
[BOOT-STEP] GameStartup step=4 qlen=0
[BOOT-STEP] GameStartup step=5 qlen=0
[BOOT-STEP] GameStartup step=6 qlen=4
[BOOT0/TIM] PostLoadTim file=1449 'REBIRD.TIM' ss=0x5b2c img.u=0 img.v=0 tPage=0,28 clutX=704 clutY=464
[BOOT0/TIM] post ReadTIM: prect=0xfac7f4 caddr=0xfac730 paddr=0xfac7fc mode=8
[BOOT0/TIM] pre pixel LoadImage rect=(768,256 32x128)
[BOOT0/TIM] pre CLUT LoadImage rect=(704,464 16x6)
[BOOT0/TIM] PostLoadTim done
[BOOT0/TIM] PostLoadTim file=1415 'DOG.TIM' ss=0x5a47 img.u=0 img.v=128 tPage=0,28 clutX=720 clutY=464
[BOOT0/TIM] post ReadTIM: prect=0xfac7d4 caddr=0xfac730 paddr=0xfac7dc mode=8
[BOOT0/TIM] pre pixel LoadImage rect=(768,384 32x128)
[BOOT0/TIM] pre CLUT LoadImage rect=(720,464 16x5)
[BOOT0/TIM] PostLoadTim done
[BOOT-STEP] GameStartup step=7 qlen=0
[TRANSITION] GameStartup step=7: processFlags=0x20 playerPos=(-915223,0,-577439) func_80039F90=0x0
[IPD-INIT] Ipd_MapFileInfoSet: mapTag='THR' activeIpdCount=4 isExterior=1 plmIdx=1370 ipdFileIdx=0 textureFileIdx=0 curSize=0 willRebuildGrid=1
[MEM] after chunk-buffers: free=2584KB (646 pages)
[TRANSITION] GameStartup step=7 post-init: playerPos=(-915223,0,-577439) mapTag='THR'
[BOOT-STEP] GameStartup step=8 qlen=5
[BOOT0/TIM] PostLoadTim file=1073 'THR0001F.TIM' ss=0x45d8 img.u=0 img.v=0 tPage=0,8 clutX=0 clutY=0
[BOOT0/TIM] post ReadTIM: prect=0xfb67f4 caddr=0xfb6730 paddr=0xfb67fc mode=8
[BOOT0/TIM] pre pixel LoadImage rect=(512,0 64x256)
[BOOT0/TIM] pre CLUT LoadImage rect=(0,0 16x6)
[BOOT0/TIM] PostLoadTim done
[POOLSTOMP] upload (512,0 64x256) hits PINNED pool slot 0 'THR0001F' (512,0)
[BOOT0/TIM] PostLoadTim file=1077 'THR0003F.TIM' ss=0x4625 img.u=0 img.v=0 tPage=0,9 clutX=16 clutY=0
[BOOT0/TIM] post ReadTIM: prect=0xfb68f4 caddr=0xfb6730 paddr=0xfb68fc mode=8
[BOOT0/TIM] pre pixel LoadImage rect=(576,0 64x256)
[BOOT0/TIM] pre CLUT LoadImage rect=(16,0 16x14)
[BOOT0/TIM] PostLoadTim done
[POOLSTOMP] upload (576,0 64x256) hits PINNED pool slot 1 'THR0003F' (576,0)
[BOOT0/TIM] PostLoadTim file=1075 'THR0002F.TIM' ss=0x45fe img.u=0 img.v=0 tPage=0,10 clutX=32 clutY=0
[BOOT0/TIM] post ReadTIM: prect=0xfb6874 caddr=0xfb6730 paddr=0xfb687c mode=8
[BOOT0/TIM] pre pixel LoadImage rect=(640,0 64x256)
[BOOT0/TIM] pre CLUT LoadImage rect=(32,0 16x10)
[BOOT0/TIM] PostLoadTim done
[POOLSTOMP] upload (640,0 64x256) hits PINNED pool slot 2 'THR0002F' (640,0)
[BOOT0/TIM] PostLoadTim file=1079 'THR0004F.TIM' ss=0x4644 img.u=0 img.v=0 tPage=0,21 clutX=48 clutY=0
[BOOT0/TIM] post ReadTIM: prect=0xfb6934 caddr=0xfb6730 paddr=0xfb693c mode=8
[BOOT0/TIM] pre pixel LoadImage rect=(320,256 64x256)
[BOOT0/TIM] pre CLUT LoadImage rect=(48,0 16x16)
[BOOT0/TIM] PostLoadTim done
[POOLSTOMP] upload (320,256 64x256) hits PINNED pool slot 3 'THR0004F' (320,256)
[BOOT0/TIM] PostLoadTim file=1217 'THR7501F.TIM' ss=0x4ede img.u=0 img.v=0 tPage=0,22 clutX=64 clutY=0
[BOOT0/TIM] post ReadTIM: prect=0xfb68d4 caddr=0xfb6730 paddr=0xfb68dc mode=8
[BOOT0/TIM] pre pixel LoadImage rect=(384,256 64x256)
[BOOT0/TIM] pre CLUT LoadImage rect=(64,0 16x13)
[BOOT0/TIM] PostLoadTim done
[POOLSTOMP] upload (384,256 64x256) hits PINNED pool slot 4 'THR7501F' (384,256)
[TEXVRAM] 'THR7501F' tPage=[0,22] clutXY=(64,0) uv=(0,0)
[BOOT-STEP] GameStartup step=9 qlen=0
[FT] avgMs=22 worstMs=391 swapWait=0ms flushMs=0ms draws=19 decodes=0 decMs=0
[SH-XBOX] GameState -> 10 (step 10)
[BOOT-STEP] GameStartup step=10 qlen=0
[DEMO] start: demoId=2 playFile=1612 interval=3
[SH_AMB] Sd_AmbientSfxSet idx=4 -> loadCmd=204
[SH_AMB] Sd_VabLoad ambient cmd=204 type=2 dedup=0
[BOOT-STEP] GameStartup step=11 qlen=0
[CHARA-TEX] charaId=2 matCount=1 modelCount=16
[CHARA-TEX] mat[0] name='REBIRD' field_C=1 E=0x5c F=0x5c clut=0x742c UV=0x0000 tex=0
[CHARA-TEX] prim0: f0=0x2971(UV0) f2=0x74ac(clut) f4=0x1d6a(UV1) f6=0x005c(tpage) f8=0x2077(UV2) fA=0x0000(UV3)
[CHARA-TEX] texDesc: tPage=[0,28] u=0 v=0 clutXY=(704,464)
[CHARA-TEX] charaId=4 matCount=1 modelCount=22
[CHARA-TEX] mat[0] name='DOG' field_C=1 E=0x5c F=0x5c clut=0x742d UV=0x8000 tex=0
[CHARA-TEX] prim0: f0=0xce2b(UV0) f2=0x742d(clut) f4=0xc02e(UV1) f6=0x005c(tpage) f8=0xcd2f(UV2) fA=0x8000(UV3)
[CHARA-TEX] texDesc: tPage=[0,28] u=0 v=128 clutXY=(720,464)
[SPAWN-FIRE?] slot=9 allPass! npcFlags=0x8 flagsId=4 full=0 vblanks=1 ABOUT TO TRY SPAWN
[SPAWN-FIRE!] slot=9 gates passed â†’ entering spawn block, npcIdx will be assigned
[SPAWN] slot=9 -> npc[0] charaId=2 stateStep=1 pos=(-217,-148)
[WEP_DBG] handgun pre-copy D_800AFBF4[6]: sfx0=1283 sfx2=1284 sfx4=1285 aim6=66 att7=72 hold8=61 f9=37 fA=37 fB=0 sizeof=12
[WEP_DBG] handgun post-copy g_Player_EquippedWeaponInfo: sfx0=1283 sfx2=1284 sfx4=1285 aim6=66 att7=72 hold8=61 f9=37 fA=37 fB=0 sizeof=12
[RELOAD_KF] weap=32 blendStart=-1 blendEnd=605 activeEnd=658
[WEP_LOAD] weaponAttack=32 FS_BUFFER_12=0xeea2d0 — queuing weapon ANM
[WEP_LOAD] post-load FS_BUFFER_12 first 16 bytes: 00 fa 00 7f ff fd 01 7f fe 03 02 7f 7f 01 01 ff
[WEP_LOAD] HARRY_BASE_ANIM_INFOS[56] status=56 hasVar=0 link=57 sk=-1 ek=570
[WEP_LOAD] HARRY_BASE_ANIM_INFOS[57] status=57 hasVar=0 link=57 sk=570 ek=579
[WEP_LOAD] g_Player_EquippedWeaponInfo: attackSfx=1283 animStop=66 animAttack=72 animHold=61 sizeof=12
[BOOT0/TIM] PostLoadTim file=1505 'TIM00.TIM' ss=0x5dcb img.u=0 img.v=0 tPage=0,15 clutX=176 clutY=0
[BOOT0/TIM] post ReadTIM: prect=0xfac934 caddr=0xfac730 paddr=0xfac93c mode=8
[BOOT0/TIM] pre pixel LoadImage rect=(960,0 64x256)
[BOOT0/TIM] pre CLUT LoadImage rect=(176,0 16x16)
[BOOT0/TIM] PostLoadTim done
[BOOT-STEP] GameStartup step=12 qlen=2
[SH-XBOX] GameState -> 11 (step 0)
[SFX] Sd_PlaySfx: sfxId=1321 (Sfx_Base+41) vol=0
[VRAM] decode #26112
[BGM] ChannelSet bgmIdx=6 cmd=773
[BOOT0/TIM] PostLoadTim file=1514 'TIM07.TIM' ss=0x5e64 img.u=32 img.v=0 tPage=0,13 clutX=240 clutY=0
[BOOT0/TIM] post ReadTIM: prect=0xfac834 caddr=0xfac730 paddr=0xfac83c mode=8
[BOOT0/TIM] pre pixel LoadImage rect=(864,0 32x256)
[BOOT0/TIM] pre CLUT LoadImage rect=(240,0 16x8)
[BOOT0/TIM] PostLoadTim done
[BOOT0/TIM] PostLoadTim file=1509 'TIM02.TIM' ss=0x5e0f img.u=0 img.v=0 tPage=0,14 clutX=160 clutY=0
[BOOT0/TIM] post ReadTIM: prect=0xfac934 caddr=0xfac730 paddr=0xfac93c mode=8
[BOOT0/TIM] pre pixel LoadImage rect=(896,0 64x256)
[BOOT0/TIM] pre CLUT LoadImage rect=(160,0 16x16)
[BOOT0/TIM] PostLoadTim done
[BOOT0/TIM] PostLoadTim file=1255 'THRA701F.TIM' ss=0x5124 img.u=0 img.v=0 tPage=0,23 clutX=80 clutY=0
[BOOT0/TIM] post ReadTIM: prect=0xfb6934 caddr=0xfb6730 paddr=0xfb693c mode=8
[BOOT0/TIM] pre pixel LoadImage rect=(448,256 64x256)
[BOOT0/TIM] pre CLUT LoadImage rect=(80,0 16x16)
[BOOT0/TIM] PostLoadTim done
[POOLSTOMP] upload (448,256 64x256) hits PINNED pool slot 5 'THRA701F' (448,256)
[TEXVRAM] 'THRA701F' tPage=[0,23] clutXY=(80,0) uv=(0,0)
[BOOT0/TIM] PostLoadTim file=1253 'THRA601F.TIM' ss=0x510a img.u=0 img.v=0 tPage=0,24 clutX=96 clutY=0
[BOOT0/TIM] post ReadTIM: prect=0xfb6874 caddr=0xfb6730 paddr=0xfb687c mode=8
[BOOT0/TIM] pre pixel LoadImage rect=(512,256 64x256)
[BOOT0/TIM] pre CLUT LoadImage rect=(96,0 16x10)
[BOOT0/TIM] PostLoadTim done
[POOLSTOMP] upload (512,256 64x256) hits PINNED pool slot 6 'THRA601F' (512,256)
[TEXVRAM] 'THRA601F' tPage=[0,24] clutXY=(96,0) uv=(0,0)
[BOOT0/TIM] PostLoadTim file=1254 'THRA601H.TIM' ss=0x511b img.u=0 img.v=0 tPage=0,26 clutX=128 clutY=0
[BOOT0/TIM] post ReadTIM: prect=0xfb6834 caddr=0xfb6730 paddr=0xfb683c mode=8
[BOOT0/TIM] pre pixel LoadImage rect=(640,256 32x256)
[BOOT0/TIM] pre CLUT LoadImage rect=(128,0 16x8)
[BOOT0/TIM] PostLoadTim done
[POOLSTOMP] upload (640,256 32x256) hits PINNED pool slot 8 'THRA601H' (640,256)
[TEXVRAM] 'THRA601H' tPage=[0,26] clutXY=(128,0) uv=(0,0)
[FT] avgMs=64 worstMs=196 swapWait=0ms flushMs=0ms draws=311 decodes=47 decMs=33
[SFX] Sd_PlaySfx: sfxId=1378 (Sfx_Base+98) vol=158
[SFX] Sd_PlaySfx: sfxId=1381 (Sfx_Base+101) vol=156
[SFX] Sd_PlaySfx: sfxId=1381 (Sfx_Base+101) vol=163
[SFX] Sd_PlaySfx: sfxId=1381 (Sfx_Base+101) vol=180
[SFX] Sd_PlaySfx: sfxId=1381 (Sfx_Base+101) vol=175
[SFX] Sd_PlaySfx: sfxId=1381 (Sfx_Base+101) vol=176
[SFX] Sd_PlaySfx: sfxId=1381 (Sfx_Base+101) vol=186
[SFX] Sd_PlaySfx: sfxId=1381 (Sfx_Base+101) vol=191
[SFX] Sd_PlaySfx: sfxId=1283 (Sfx_Base+3) vol=0
[SFX] Sd_PlaySfx: sfxId=1286 (Sfx_Base+6) vol=141
[FT] avgMs=69 worstMs=93 swapWait=0ms flushMs=0ms draws=325 decodes=1 decMs=0
[SFX] Sd_PlaySfx: sfxId=1377 (Sfx_Base+97) vol=141
[SFX] Sd_PlaySfx: sfxId=1377 (Sfx_Base+97) vol=126
[ATTACK-DONE] st=61 lookupSt=61 kf=604 -> pcAttackDone
[SFX] Sd_PlaySfx: sfxId=1283 (Sfx_Base+3) vol=0
[SFX] Sd_PlaySfx: sfxId=1286 (Sfx_Base+6) vol=104
[SFX] Sd_PlaySfx: sfxId=1382 (Sfx_Base+102) vol=148
[ATTACK-DONE] st=61 lookupSt=61 kf=604 -> pcAttackDone
[SFX] Sd_PlaySfx: sfxId=1283 (Sfx_Base+3) vol=0
[SFX] Sd_PlaySfx: sfxId=1286 (Sfx_Base+6) vol=54
[SFX] Sd_PlaySfx: sfxId=1377 (Sfx_Base+97) vol=50
[SFX] Sd_PlaySfx: sfxId=1382 (Sfx_Base+102) vol=121
[SFX] Sd_PlaySfx: sfxId=1377 (Sfx_Base+97) vol=35
[ATTACK-DONE] st=61 lookupSt=61 kf=604 -> pcAttackDone
[SFX] Sd_PlaySfx: sfxId=1382 (Sfx_Base+102) vol=81
[SFX] Sd_PlaySfx: sfxId=1382 (Sfx_Base+102) vol=78
[SFX] Sd_PlaySfx: sfxId=1283 (Sfx_Base+3) vol=0
[SFX] Sd_PlaySfx: sfxId=1382 (Sfx_Base+102) vol=108
[ATTACK-DONE] st=73 lookupSt=73 kf=604 -> pcAttackDone
[SFX] Sd_PlaySfx: sfxId=1382 (Sfx_Base+102) vol=149
[SFX] Sd_PlaySfx: sfxId=1382 (Sfx_Base+102) vol=171
[SFX] Sd_PlaySfx: sfxId=1382 (Sfx_Base+102) vol=195
[SFX] Sd_PlaySfx: sfxId=1382 (Sfx_Base+102) vol=214
[SFX] Sd_PlaySfx: sfxId=1382 (Sfx_Base+102) vol=227
[SFX] Sd_PlaySfx: sfxId=1382 (Sfx_Base+102) vol=235
[SFX] Sd_PlaySfx: sfxId=1382 (Sfx_Base+102) vol=241
[SFX] Sd_PlaySfx: sfxId=1382 (Sfx_Base+102) vol=245
[CHNK] n=4 s0=-6,-4,st3 s1=-6,-5,st3 s2=-7,-4,st2 s3=0,0,st0
[SFX] Sd_PlaySfx: sfxId=1382 (Sfx_Base+102) vol=248
[SFX] Sd_PlaySfx: sfxId=1283 (Sfx_Base+3) vol=0
[SFX] Sd_PlaySfx: sfxId=1382 (Sfx_Base+102) vol=250
[ATTACK-DONE] st=73 lookupSt=73 kf=604 -> pcAttackDone
[SFX] Sd_PlaySfx: sfxId=1382 (Sfx_Base+102) vol=252
[COLL-MISS] cell(-7,-5) pos(-244,-176) activeCount=4
[COLL-MISS]   slot cell(-6,-4) qIdx=90 loadState=2 isLoaded=1
[COLL-MISS]   slot cell(-6,-5) qIdx=100 loadState=2 isLoaded=1
[COLL-MISS]   slot cell(-7,-4) qIdx=102 loadState=2 isLoaded=1
[COLL-MISS]   slot cell(0,0) qIdx=-1 loadState=0 isLoaded=1
[SFX] Sd_PlaySfx: sfxId=1382 (Sfx_Base+102) vol=252
[FT] avgMs=82 worstMs=108 swapWait=0ms flushMs=0ms draws=427 decodes=40 decMs=20
[SFX] Sd_PlaySfx: sfxId=1381 (Sfx_Base+101) vol=252
[SFX] Sd_PlaySfx: sfxId=1382 (Sfx_Base+102) vol=250
[BOOT0/TIM] PostLoadTim file=1252 'THRA501F.TIM' ss=0x50f9 img.u=0 img.v=0 tPage=0,25 clutX=112 clutY=0
[BOOT0/TIM] post ReadTIM: prect=0xfb6834 caddr=0xfb6730 paddr=0xfb683c mode=8
[BOOT0/TIM] pre pixel LoadImage rect=(576,256 64x256)
[BOOT0/TIM] pre CLUT LoadImage rect=(112,0 16x8)
[BOOT0/TIM] PostLoadTim done
[POOLSTOMP] upload (576,256 64x256) hits PINNED pool slot 7 'THRA501F' (576,256)
[TEXVRAM] 'THRA501F' tPage=[0,25] clutXY=(112,0) uv=(0,0)
[SFX] Sd_PlaySfx: sfxId=1381 (Sfx_Base+101) vol=249
[SFX] Sd_PlaySfx: sfxId=1382 (Sfx_Base+102) vol=248
[SFX] Sd_PlaySfx: sfxId=1382 (Sfx_Base+102) vol=247
[SFX] Sd_PlaySfx: sfxId=1382 (Sfx_Base+102) vol=247
[SFX] Sd_PlaySfx: sfxId=1382 (Sfx_Base+102) vol=248
[SFX] Sd_PlaySfx: sfxId=1382 (Sfx_Base+102) vol=249
[SFX] Sd_PlaySfx: sfxId=1382 (Sfx_Base+102) vol=250
[SFX] Sd_PlaySfx: sfxId=1382 (Sfx_Base+102) vol=251
[SFX] Sd_PlaySfx: sfxId=1382 (Sfx_Base+102) vol=252
[SFX] Sd_PlaySfx: sfxId=1382 (Sfx_Base+102) vol=252
[SFX] Sd_PlaySfx: sfxId=1382 (Sfx_Base+102) vol=253
[WALLANIM] pathB kf=34 travel=550 intended=1014 runStepSfx=15 spdProp=20480 pos=(-938377,-709847)
[SFX] Sd_PlaySfx: sfxId=1382 (Sfx_Base+102) vol=253
[SFX] Sd_PlaySfx: sfxId=1382 (Sfx_Base+102) vol=254
[SFX] Sd_PlaySfx: sfxId=1382 (Sfx_Base+102) vol=254
[FT] avgMs=67 worstMs=116 swapWait=0ms flushMs=0ms draws=304 decodes=9 decMs=2
[SFX] Sd_PlaySfx: sfxId=1382 (Sfx_Base+102) vol=254
[SFX] Sd_PlaySfx: sfxId=1382 (Sfx_Base+102) vol=255
[SFX] Sd_PlaySfx: sfxId=1382 (Sfx_Base+102) vol=255
[SFX] Sd_PlaySfx: sfxId=1382 (Sfx_Base+102) vol=255
[SFX] Sd_PlaySfx: sfxId=1382 (Sfx_Base+102) vol=255
[SFX] Sd_PlaySfx: sfxId=1382 (Sfx_Base+102) vol=255
[BOOT0/TIM] PostLoadTim file=1248 'THRA301F.TIM' ss=0x50c5 img.u=0 img.v=0 tPage=0,22 clutX=64 clutY=0
[BOOT0/TIM] post ReadTIM: prect=0xfb6834 caddr=0xfb6730 paddr=0xfb683c mode=8
[BOOT0/TIM] pre pixel LoadImage rect=(384,256 64x256)
[BOOT0/TIM] pre CLUT LoadImage rect=(64,0 16x8)
[BOOT0/TIM] PostLoadTim done
[POOLSTOMP] upload (384,256 64x256) hits PINNED pool slot 4 'THRA301F' (384,256)
[TEXVRAM] 'THRA301F' tPage=[0,22] clutXY=(64,0) uv=(0,0)
[BOOT0/TIM] PostLoadTim file=1249 'THRA301H.TIM' ss=0x50d6 img.u=32 img.v=0 tPage=0,26 clutX=144 clutY=0
[BOOT0/TIM] post ReadTIM: prect=0xfb6834 caddr=0xfb6730 paddr=0xfb683c mode=8
[BOOT0/TIM] pre pixel LoadImage rect=(672,256 32x256)
[BOOT0/TIM] pre CLUT LoadImage rect=(144,0 16x8)
[BOOT0/TIM] PostLoadTim done
[POOLSTOMP] upload (672,256 32x256) hits PINNED pool slot 9 'THRA301H' (672,256)
[TEXVRAM] 'THRA301H' tPage=[0,26] clutXY=(144,0) uv=(32,0)
[SFX] Sd_PlaySfx: sfxId=1381 (Sfx_Base+101) vol=255
[SFX] Sd_PlaySfx: sfxId=1382 (Sfx_Base+102) vol=255
[SFX] Sd_PlaySfx: sfxId=1381 (Sfx_Base+101) vol=254
[SFX] Sd_PlaySfx: sfxId=1321 (Sfx_Base+41) vol=0
[FT] avgMs=53 worstMs=116 swapWait=0ms flushMs=0ms draws=352 decodes=13 decMs=8
[SFX] Sd_PlaySfx: sfxId=1382 (Sfx_Base+102) vol=254
[SFX] Sd_PlaySfx: sfxId=1381 (Sfx_Base+101) vol=254
[COLL-MISS] cell(-7,-6) pos(-264,-205) activeCount=4
[COLL-MISS]   slot cell(-6,-4) qIdx=90 loadState=2 isLoaded=1
[COLL-MISS]   slot cell(-6,-5) qIdx=100 loadState=2 isLoaded=1
[COLL-MISS]   slot cell(-6,-6) qIdx=107 loadState=2 isLoaded=1
[COLL-MISS]   slot cell(-7,-5) qIdx=105 loadState=2 isLoaded=1
[BOOT0/TIM] PostLoadTim file=1250 'THRA401F.TIM' ss=0x50df img.u=0 img.v=0 tPage=0,24 clutX=96 clutY=0
[BOOT0/TIM] post ReadTIM: prect=0xfb67f4 caddr=0xfb6730 paddr=0xfb67fc mode=8
[BOOT0/TIM] pre pixel LoadImage rect=(512,256 64x256)
[BOOT0/TIM] pre CLUT LoadImage rect=(96,0 16x6)
[BOOT0/TIM] PostLoadTim done
[POOLSTOMP] upload (512,256 64x256) hits PINNED pool slot 6 'THRA401F' (512,256)
[TEXVRAM] 'THRA401F' tPage=[0,24] clutXY=(96,0) uv=(0,0)
[BOOT0/TIM] PostLoadTim file=1251 'THRA401H.TIM' ss=0x50f0 img.u=0 img.v=0 tPage=0,26 clutX=128 clutY=0
[BOOT0/TIM] post ReadTIM: prect=0xfb67f4 caddr=0xfb6730 paddr=0xfb67fc mode=8
[BOOT0/TIM] pre pixel LoadImage rect=(640,256 32x256)
[BOOT0/TIM] pre CLUT LoadImage rect=(128,0 16x6)
[BOOT0/TIM] PostLoadTim done
[POOLSTOMP] upload (640,256 32x256) hits PINNED pool slot 8 'THRA401H' (640,256)
[TEXVRAM] 'THRA401H' tPage=[0,26] clutXY=(128,0) uv=(0,0)
[SFX] Sd_PlaySfx: sfxId=1382 (Sfx_Base+102) vol=254
[SFX] Sd_PlaySfx: sfxId=1381 (Sfx_Base+101) vol=254
[SFX] Sd_PlaySfx: sfxId=1382 (Sfx_Base+102) vol=255
[SFX] Sd_PlaySfx: sfxId=1382 (Sfx_Base+102) vol=255
[SFX] Sd_PlaySfx: sfxId=1382 (Sfx_Base+102) vol=255
[SFX] Sd_PlaySfx: sfxId=1382 (Sfx_Base+102) vol=255
[SFX] Sd_PlaySfx: sfxId=1382 (Sfx_Base+102) vol=255
[SFX] Sd_PlaySfx: sfxId=1382 (Sfx_Base+102) vol=255
[SFX] Sd_PlaySfx: sfxId=1382 (Sfx_Base+102) vol=255
[FT] avgMs=63 worstMs=113 swapWait=0ms flushMs=0ms draws=264 decodes=22 decMs=13
[SFX] Sd_PlaySfx: sfxId=1320 (Sfx_Base+40) vol=191
[SFX] Sd_PlaySfx: sfxId=1320 (Sfx_Base+40) vol=191
[FT] avgMs=64 worstMs=113 swapWait=0ms flushMs=0ms draws=339 decodes=7 decMs=2
