[CFG] key='control_style'(13) value='classic'
[CFG] key='invert_controller_y'(19) value='0'
[CFG] key='crosshair'(9) value='1'
[CFG] key='crosshair_style'(15) value='3'
[CFG] key='refresh_rate'(12) value='60'
[CFG] key='retroachievements'(17) value='1'
[CFG] >> retroachievements branch: atoi=1 -> retroAchievements=1
[CFG] key='ra_username'(11) value='KushAstronaut'
[CFG] key='ra_password'(11) value='101F66d283,,'
[CFG] key='use_pgxp'(8) value='0'
[CFG] key='cutscene_line_gap_ms'(20) value='300'
[CFG] key='video_720p'(10) value='1'
[CFG] key='log_diag'(8) value='0control_2d = 1'
[CFG] key='control_2d'(10) value='0'
[SH-XBOX] SEH crash logger installed (frame=0xd0032c60 handler=0x2f1220)
[SH-XBOX] build 927524ef6+wt id=0809-043938 (2026-08-09 04:39:38)
[FS] D: -> '\Device\Harddisk0\Partition1\Apps\SH\' (wasMounted=1 remap=ok)
[SH-XBOX] boot: video 1280x720x32 (720p, pillarboxed 4:3)
[GTE] RotTransPers v(64,32,512) -> sx=352 sy=256 sz=128 flag=0x1000 (expect sx=352 sy=256)
[SH-XBOX] pbkit initialised
[CD] xbe dir = '\Device\Harddisk0\Partition1\Apps\SH\' (mounted Q:)
[CD] disc image: Q:\Silent Hill (USA).bin
[CD] BIN: Q:\Silent Hill (USA).bin
[SH-XBOX] NV2A fb 1280x720, content 960x720 at x=160
[SH-XBOX] NV2A backend ready (batch=65536 verts)
[SH-XBOX] USB pad init done
[MCRD] card path = E:\UDATA\SH010000\0.MCD
[SH-XBOX] PSX RAM @ 0xdca134
[SH-XBOX] game data initialised
[SH-XBOX] subsystems up; entering MainLoop
[RA] init: enabled=1 user='KushAstronaut' token=none passwordLen=12
[NET] up, DHCP IP 192.168.1.123
[RA] syswork native: npcs=0x1A0 bones=0x26A0 tailA=0x91D0 targetNpc=0x92A8 light=0x92B0 sizeof=38588
[FREEZE] target ok: 1280x720 (GPU copy, no CPU readback)
[FOGST-GPU] clear=0xff000000
[SH-XBOX] layout check ok: sizeof(s_SysWork)=38588 sizeof(s_GameWork)=1496
[XA] SetVolume L=0 R=0
[ARENA] buf0=0x7fdd0008 buf1=0x7fbc0008
[SH-XBOX] GameState -> 0 (step 0)
[RA] http POST http://retroachievements.org/dorequest.php
[NET] POST retroachievements.org -> 200 (253 bytes)
[RA] http -> status=200 bodyLen=253 body='{"Success":true,"User":"KushAstronaut","AvatarUrl":"https:\/'
[RA] logged in as KushAstronaut
RA: signed in as KushAstronaut
[RA] disc hash 469d5cf1428d3f6f2234aa5be058f3ec
[MCFSM] state=0 step=0 (was -1/-1 after 0 f)
[OT] DrawOTag head=0xd4cee4 (walking; per-node trace off)
[OT] walk done after 2048 nodes (cap hit=0)
[RA] http POST http://retroachievements.org/dorequest.php
[NET] POST retroachievements.org -> 200 (136272 bytes)
[RA] http -> status=200 bodyLen=136272 body='{"Success":true,"GameId":11252,"Title":"Silent Hill","ImageI'
[MCFSM] state=1 step=0 (was 0/0 after 0 f)
[MCRD] card_info chan=0 -> IOE (n=1)
[RA] http POST http://retroachievements.org/dorequest.php
[NET] POST retroachievements.org -> 200 (200 bytes)
[RA] http -> status=200 bodyLen=200 body='{"Success":true,"ServerNow":1786266930,"HardcoreUnlocks":[],'
[RA] set reads 0x800BCAD8 (mapped)
[RA] set reads 0x800BCC7E (mapped)
[RA] set reads 0x800BCBA2 (mapped)
[RA] set reads 0x800BC0C8 (mapped)
[RA] set reads 0x800BC26E (mapped)
[RA] set reads 0x800BC192 (mapped)
[RA] set reads 0x800B2214 (mapped)
[RA] set reads 0x800BC6A8 (mapped)
[RA] achievement read of unmapped PSX address 0x800BCD6C - needs a translation entry
[RA] achievement read of unmapped PSX address 0x800C168C - needs a translation entry
[RA] achievement read of unmapped PSX address 0x800C0C7C - needs a translation entry
[RA] achievement read of unmapped PSX address 0x800C125C - needs a translation entry
[RA] achievement read of unmapped PSX address 0x800C6F2D - needs a translation entry
[RA] achievement read of unmapped PSX address 0x800C651D - needs a translation entry
[RA] achievement read of unmapped PSX address 0x800C6AFD - needs a translation entry
[RA] achievement read of unmapped PSX address 0x800C4476 - needs a translation entry
[RA] matched game 11252 "Silent Hill"
[RA] worklist UNMAPPED 0x800BCD6C (memsize=0)
[RA] worklist UNMAPPED 0x800C168C (memsize=1)
[RA] worklist UNMAPPED 0x800C0C7C (memsize=1)
[RA] worklist UNMAPPED 0x800C125C (memsize=1)
[RA] worklist UNMAPPED 0x800C6F2D (memsize=0)
[RA] worklist UNMAPPED 0x800C651D (memsize=0)
[RA] worklist UNMAPPED 0x800C6AFD (memsize=0)
[RA] worklist UNMAPPED 0x800C4476 (memsize=1)
[RA] worklist UNMAPPED 0x800C4472 (memsize=0)
[RA] worklist UNMAPPED 0x800C4470 (memsize=0)
[RA] worklist: 352 memrefs total, 10 unserved, 10 distinct-unmapped listed
[RA] culprit: achiev id=83576 'Wounds That Won't Heal' reads unmapped 0x800BCD6C
[RA] culprit: achiev id=86517 'What Is Keeping That Child Alive?' reads unmapped 0x800C168C
[RA] culprit: achiev id=86517 'What Is Keeping That Child Alive?' reads unmapped 0x800C0C7C
[RA] culprit: achiev id=86517 'What Is Keeping That Child Alive?' reads unmapped 0x800C125C
[RA] culprit: achiev id=86663 'Scary Harry I' reads unmapped 0x800C6F2D
[RA] culprit: achiev id=86663 'Scary Harry I' reads unmapped 0x800C651D
[RA] culprit: achiev id=86663 'Scary Harry I' reads unmapped 0x800C6AFD
[RA] culprit: achiev id=86664 'Scary Harry II' reads unmapped 0x800C6F2D
[RA] culprit: achiev id=86664 'Scary Harry II' reads unmapped 0x800C651D
[RA] culprit: achiev id=86664 'Scary Harry II' reads unmapped 0x800C6AFD
[RA] culprit: achiev id=86665 'Scary Harry III' reads unmapped 0x800C6F2D
[RA] culprit: achiev id=86665 'Scary Harry III' reads unmapped 0x800C651D
[RA] culprit: achiev id=86665 'Scary Harry III' reads unmapped 0x800C6AFD
[RA] culprit: achiev id=86666 'Scary Harry IV' reads unmapped 0x800C6F2D
[RA] culprit: achiev id=86666 'Scary Harry IV' reads unmapped 0x800C651D
[RA] culprit: achiev id=86666 'Scary Harry IV' reads unmapped 0x800C6AFD
[RA] culprit: achiev id=86667 'Scary Harry V' reads unmapped 0x800C6F2D
[RA] culprit: achiev id=86667 'Scary Harry V' reads unmapped 0x800C651D
[RA] culprit: achiev id=86667 'Scary Harry V' reads unmapped 0x800C6AFD
[RA] culprit: achiev id=86668 'Scary Harry VI' reads unmapped 0x800C6F2D
[RA] culprit: achiev id=86668 'Scary Harry VI' reads unmapped 0x800C651D
[RA] culprit: achiev id=86668 'Scary Harry VI' reads unmapped 0x800C6AFD
[RA] culprit: achiev id=86422 'Harry the Swift' reads unmapped 0x800C4476
[RA] culprit: achiev id=86422 'Harry the Swift' reads unmapped 0x800C4472
[RA] culprit: achiev id=86423 'Daring Harry' reads unmapped 0x800C4470
[RA] culprit: achiev id=86427 'Harry the Best' reads unmapped 0x800C4472
[RA] culprit: achiev id=86427 'Harry the Best' reads unmapped 0x800C4470
[RA] trace 84008: not in runtime (already unlocked?)
[RA] ach lock id=84002 5p 'Keys for Eclipse'
[RA] ach lock id=84005 5p 'Old Man's Hand'
[RA] ach lock id=84007 5p 'Broken Notes'
[RA] ach lock id=85474 5p 'Harry in Wonderland'
[RA] ach lock id=85476 5p 'Loneliness'
[RA] ach lock id=86028 5p 'Sand Castles'
[RA] ach lock id=86080 10p 'I'll Kill You'
[RA] ach lock id=86340 5p 'Eww Eww Eww'
[RA] ach lock id=86506 10p 'Paging Dr. Kaufmann'
[RA] ach lock id=86341 5p 'Our Little Secret'
[RA] ach lock id=86342 10p 'Pour Some Sugar On Me, Baby'
[RA] ach lock id=86343 10p 'Merry-Go-Down'
[RA] ach lock id=86344 5p 'Grim Reaper's List'
[RA] ach lock id=86345 5p 'The Stone of Time'
[RA] ach lock id=83576 10p 'Wounds That Won't Heal'
[RA] ach lock id=86347 5p 'Illuminating the Darkness'
[RA] ach lock id=86517 10p 'What Is Keeping That Child Alive?'
[RA] ach lock id=86348 3p 'What's Going On with That Refrigerator?'
[RA] ach lock id=86428 10p 'My Heaven'
[RA] ach lock id=86518 10p 'Awakening'
[RA] ach lock id=86503 10p 'The Archer and the Beast'
[RA] ach lock id=86504 10p 'The Pit of Calamity'
[RA] ach lock id=86505 10p 'Erratic'
[RA] ach lock id=86513 10p 'Sifod'
[RA] ach lock id=86519 10p 'Thank You...'
[RA] ach lock id=86023 5p 'Target Practice'
[RA] ach lock id=86022 10p 'Triggered'
[RA] ach lock id=86024 25p 'Gun Control: Alessa's New Nightmare'
[RA] ach lock id=86026 10p 'Fa-fa-fa-fa, Fa-fa-fa-fa-fa, Fa, Better'
[RA] ach lock id=86027 25p 'Hammerin' Harry'
[RA] ach lock id=86346 10p 'Doomsday Prepper'
[RA] ach lock id=86349 10p 'Drillin' Like a Villain'
[RA] ach lock id=84003 10p 'Harry the Weeb'
[RA] ach lock id=84004 10p 'Silent Hill Chainsaw Massacre'
[RA] ach lock id=86520 10p 'A Gift from Outer Space'
[RA] ach lock id=86507 10p 'Like the Back of My Hand I'
[RA] ach lock id=86508 10p 'Like the Back of My Hand II'
[RA] ach lock id=86509 10p 'Like the Back of My Hand III'
[RA] ach lock id=86510 10p 'Like the Back of My Hand IV'
[RA] ach lock id=86516 5p 'Like the Back of My Hand V'
[RA] ach lock id=86663 5p 'Scary Harry I'
[RA] ach lock id=86664 10p 'Scary Harry II'
[RA] ach lock id=86665 10p 'Scary Harry III'
[RA] ach lock id=86666 10p 'Scary Harry IV'
[RA] ach lock id=86667 10p 'Scary Harry V'
[RA] ach lock id=86668 10p 'Scary Harry VI'
[RA] ach lock id=86422 25p 'Harry the Swift'
[RA] ach lock id=86423 25p 'Daring Harry'
[RA] ach lock id=86424 5p 'Harry the Okay'
[RA] ach lock id=86425 10p 'Harry the Good'
[RA] ach lock id=86426 25p 'Harry the Great'
[RA] ach lock id=86427 50p 'Harry the Best'
[RA] ach lock id=86662 5p 'That Light...'
[RA] ach lock id=86502 5p 'UFO Sighting I'
[RA] ach lock id=86511 5p 'UFO Sighting II'
[RA] ach lock id=86512 5p 'UFO Sighting III'
[RA] ach lock id=86514 5p 'UFO Sighting IV'
[RA] ach lock id=86515 5p 'UFO Sighting V'
[RA] ach lock id=86429 25p 'Tears of...'
[RA] ach lock id=86430 10p 'Killing Time'
[RA] ach lock id=86431 10p 'She'
[RA] ach lock id=86432 10p 'Esperandote'
[RA] ach lock id=86433 10p 'Ayyy'
[RA] ach UNLK id=101000001 0p 'Warning: Unknown Emulator'
[RA] ach UNLK id=86483 3p 'What a Nightmare...'
[RA] ach UNLK id=84008 10p 'Who's Afraid of a Reptile?'
[RA] ach UNLK id=86025 5p 'Knife to Meet You'
[RA] roster: 63 locked, 4 unlocked (67 total)
RetroAchievements: 3/66 (18 pts)
[MCFSM] state=1 step=2 (was 1/0 after 0 f)
[MCFSM] state=0 step=0 (was 1/2 after 0 f)
[MCFSM] state=1 step=0 (was 0/0 after 0 f)
[MCRD] card_info chan=0 -> IOE (n=2)
[MCFSM] state=1 step=2 (was 1/0 after 0 f)
[MCFSM] state=2 step=0 (was 1/2 after 0 f)
[MCRD] card_clear chan=0 -> IOE (n=1)
[MCFSM] state=2 step=2 (was 2/0 after 0 f)
[MCFSM] state=3 step=0 (was 2/2 after 0 f)
[MCRD] card_load chan=0 -> IOE (n=1)
[MCFSM] state=3 step=2 (was 3/0 after 0 f)
[MCFSM] state=4 step=0 (was 3/2 after 0 f)
[MCRD] dir scan chan=0 (n=1)
[MCFSM] state=0 step=0 (was 4/0 after 0 f)
[MCFSM] state=6 step=0 (was 0/0 after 0 f)
[MCRD] open 'bu00:BASLUS-00707SILENT00' flags=0x8001 -> h=1 dir=1 size=8192
[MCFSM] state=7 step=0 (was 6/0 after 0 f)
[MCFSM] state=7 step=2 (was 7/0 after 0 f)
[MCRD] read h=1 dir=1 ofs=512 len=256 ok
[LOOSE/INIT] allow_loose_files=0  base=gamedata/load/  verbose=no
[MCFSM] state=7 step=3 (was 7/2 after 0 f)
[MCFSM] state=0 step=0 (was 7/3 after 0 f)
[BOOT0/TIM] PostLoadTim file=6 'FONT16.TIM' ss=0x287 img.u=0 img.v=240 tPage=0,16 clutX=304 clutY=511
[BOOT0/TIM] post ReadTIM: prect=0xfac76c caddr=0xfac748 paddr=0xfac774 mode=8
[BOOT0/TIM] pre pixel LoadImage rect=(0,496 256x16)
[FONTCLOB] Load x=0 y=496 w=256 h=16
[BOOT0/TIM] pre CLUT LoadImage rect=(304,511 16x1)
[BOOT0/TIM] PostLoadTim done
[MCFSM] state=1 step=0 (was 0/0 after 0 f)
[MCRD] card_info chan=1 -> IOE (n=3)
[MCFSM] state=1 step=2 (was 1/0 after 0 f)
[BOOT0/TIM] PostLoadTim file=8 'KONAMI.TIM' ss=0x28e img.u=0 img.v=0 tPage=0,12 clutX=0 clutY=0
[BOOT0/TIM] post ReadTIM: prect=0xfac76c caddr=0xfac748 paddr=0xfac774 mode=8
[BOOT0/TIM] pre pixel LoadImage rect=(768,0 96x384)
[BOOT0/TIM] pre CLUT LoadImage rect=(0,0 16x1)
[BOOT0/TIM] PostLoadTim done
[MCFSM] state=0 step=0 (was 1/2 after 0 f)
[MCFSM] state=1 step=0 (was 0/0 after 0 f)
[MCRD] card_info chan=1 -> IOE (n=4)
[MCFSM] state=1 step=2 (was 1/0 after 0 f)
[MCFSM] state=2 step=0 (was 1/2 after 0 f)
[MCRD] card_clear chan=1 -> IOE (n=2)
[MCFSM] state=2 step=2 (was 2/0 after 0 f)
[MCFSM] state=3 step=0 (was 2/2 after 0 f)
[MCRD] card_load chan=1 -> IOE (n=2)
[MCFSM] state=3 step=2 (was 3/0 after 0 f)
[MCFSM] state=4 step=0 (was 3/2 after 0 f)
[MCRD] dir scan chan=1 (n=2)
[SH-XBOX] GameState -> 1 (step 0)
[MCFSM] state=0 step=0 (was 4/0 after 0 f)
[VRAM] texture cache: 29/96 slots (256KB each), free=8424KB after
[VRAM] cache capped by 8MB heap reserve (expect decode thrash)
[VRAM] cache grew to 30 slots (free=8168KB)
[MCFSM] state=1 step=0 (was 0/0 after 0 f)
[MCRD] card_info chan=2 -> IOE (n=5)
[MCFSM] state=1 step=2 (was 1/0 after 0 f)
[BOOT0/TIM] PostLoadTim file=9 'KONAMI2.TIM' ss=0x2b3 img.u=0 img.v=0 tPage=0,14 clutX=0 clutY=1
[BOOT0/TIM] post ReadTIM: prect=0xfac76c caddr=0xfac748 paddr=0xfac774 mode=8
[BOOT0/TIM] pre pixel LoadImage rect=(896,0 104x160)
[BOOT0/TIM] pre CLUT LoadImage rect=(0,1 16x1)
[BOOT0/TIM] PostLoadTim done
[MCFSM] state=0 step=0 (was 1/2 after 0 f)
[MCFSM] state=1 step=0 (was 0/0 after 0 f)
[MCRD] card_info chan=2 -> IOE (n=6)
[MCFSM] state=1 step=2 (was 1/0 after 0 f)
[MCFSM] state=2 step=0 (was 1/2 after 0 f)
[MCRD] card_clear chan=2 -> IOE (n=3)
[MCFSM] state=2 step=2 (was 2/0 after 0 f)
[MCFSM] state=3 step=0 (was 2/2 after 0 f)
[MCRD] card_load chan=2 -> IOE (n=3)
[MCFSM] state=3 step=2 (was 3/0 after 0 f)
[MCFSM] state=4 step=0 (was 3/2 after 0 f)
[MCRD] dir scan chan=2 (n=3)
[MCFSM] state=0 step=0 (was 4/0 after 0 f)
[BOOT0/TIM] PostLoadTim file=1423 'HERO.TIM' ss=0x5a6a img.u=0 img.v=0 tPage=0,27 clutX=736 clutY=480
[BOOT0/TIM] post ReadTIM: prect=0xfac92c caddr=0xfac748 paddr=0xfac934 mode=8
[BOOT0/TIM] pre pixel LoadImage rect=(704,256 64x192)
[BOOT0/TIM] pre CLUT LoadImage rect=(736,480 16x15)
[BOOT0/TIM] PostLoadTim done
[MCFSM] state=1 step=0 (was 0/0 after 0 f)
[MCRD] card_info chan=3 -> IOE (n=7)
[MCFSM] state=1 step=2 (was 1/0 after 0 f)
[MCFSM] state=0 step=0 (was 1/2 after 0 f)
[MCFSM] state=1 step=0 (was 0/0 after 0 f)
[MCRD] card_info chan=3 -> IOE (n=8)
[MCFSM] state=1 step=2 (was 1/0 after 0 f)
[MCFSM] state=2 step=0 (was 1/2 after 0 f)
[MCRD] card_clear chan=3 -> IOE (n=4)
[MCFSM] state=2 step=2 (was 2/0 after 0 f)
[MCFSM] state=3 step=0 (was 2/2 after 0 f)
[MCRD] card_load chan=3 -> IOE (n=4)
[MCFSM] state=3 step=2 (was 3/0 after 0 f)
[BOOT0/TIM] PostLoadTim file=1802 'BLD.TIM' ss=0x795b img.u=0 img.v=0 tPage=0,11 clutX=304 clutY=0
[BOOT0/TIM] post ReadTIM: prect=0xfb714c caddr=0xfb6f48 paddr=0xfb7154 mode=8
[BOOT0/TIM] pre pixel LoadImage rect=(704,0 64x256)
[BOOT0/TIM] pre CLUT LoadImage rect=(304,0 16x16)
[BOOT0/TIM] PostLoadTim done
[MCFSM] state=4 step=0 (was 3/2 after 0 f)
[MCRD] dir scan chan=3 (n=4)
[MCFSM] state=0 step=0 (was 4/0 after 0 f)
[MCFSM] state=1 step=0 (was 0/0 after 0 f)
[MCRD] card_info chan=16 -> IOE (n=9)
[MCFSM] state=1 step=2 (was 1/0 after 0 f)
[MCFSM] state=0 step=0 (was 1/2 after 0 f)
[MCFSM] state=1 step=0 (was 0/0 after 0 f)
[MCRD] card_info chan=16 -> IOE (n=10)
[MCFSM] state=1 step=2 (was 1/0 after 0 f)
[MCFSM] state=2 step=0 (was 1/2 after 0 f)
[MCRD] card_clear chan=16 -> IOE (n=5)
[MCFSM] state=2 step=2 (was 2/0 after 0 f)
[MCFSM] state=3 step=0 (was 2/2 after 0 f)
[MCRD] card_load chan=16 -> IOE (n=5)
[MCFSM] state=3 step=2 (was 3/0 after 0 f)
[MCFSM] state=4 step=0 (was 3/2 after 0 f)
[MCRD] dir scan chan=8 (n=5)
[MCRD] open 'bu10:BASLUS-00707SILENT00' flags=0x8001 -> h=1 dir=1 size=8192
[MCRD] read h=1 dir=1 ofs=512 len=256 ok
[MCRD] card_info chan=17 -> IOE (n=11)
[MCRD] card_info chan=17 -> IOE (n=12)
[MCRD] card_clear chan=17 -> IOE (n=6)
[MCRD] card_load chan=17 -> IOE (n=6)
[MCRD] dir scan chan=9 (n=6)
[MCRD] card_info chan=18 -> IOE (n=13)
[MCRD] card_info chan=18 -> IOE (n=14)
[MCRD] card_clear chan=18 -> IOE (n=7)
[MCRD] card_load chan=18 -> IOE (n=7)
[MCRD] dir scan chan=10 (n=7)
[MCRD] card_info chan=19 -> IOE (n=15)
[MCRD] card_info chan=19 -> IOE (n=16)
[MCRD] card_clear chan=19 -> IOE (n=8)
[MCRD] card_load chan=19 -> IOE (n=8)
[MCRD] dir scan chan=11 (n=8)
[FT] avgMs=27 worstMs=666 gameMs=13 drawMs=18 swapWait=0ms draws=4 decodes=4 decMs=0
[FT] avgMs=16 worstMs=34 gameMs=15 drawMs=1 swapWait=0ms draws=6 decodes=0 decMs=0
[FT] avgMs=16 worstMs=46 gameMs=15 drawMs=1 swapWait=0ms draws=5 decodes=0 decMs=0
[FT] avgMs=16 worstMs=48 gameMs=15 drawMs=1 swapWait=0ms draws=6 decodes=0 decMs=0
[FT] avgMs=16 worstMs=43 gameMs=15 drawMs=1 swapWait=0ms draws=6 decodes=0 decMs=0
[SH-XBOX] vblank 600
[MEM] tick: free=7392KB (1848 pages)
[SH-XBOX] GameState -> 2 (step 0)
[BOOT0/TIM] PostLoadTim file=1799 'BG_ETC.TIM' ss=0x7906 img.u=0 img.v=0 tPage=0,12 clutX=192 clutY=0
[BOOT0/TIM] post ReadTIM: prect=0xfac8ac caddr=0xfac748 paddr=0xfac8b4 mode=8
[BOOT0/TIM] pre pixel LoadImage rect=(768,0 32x256)
[BOOT0/TIM] pre CLUT LoadImage rect=(192,0 16x11)
[BOOT0/TIM] PostLoadTim done
[FT] avgMs=17 worstMs=118 gameMs=14 drawMs=2 swapWait=0ms draws=5 decodes=2 decMs=0
[FT] avgMs=16 worstMs=18 gameMs=14 drawMs=1 swapWait=0ms draws=4 decodes=0 decMs=0
[MCRD] card_info chan=19 -> IOE (n=256)
[FT] avgMs=17 worstMs=53 gameMs=15 drawMs=1 swapWait=0ms draws=4 decodes=0 decMs=0
[MCRD] open 'bu00:BASLUS-00707SILENT00' flags=0x8001 -> h=1 dir=1 size=8192
[MCRD] read h=1 dir=1 ofs=768 len=128 ok
[FT] avgMs=17 worstMs=67 gameMs=15 drawMs=2 swapWait=0ms draws=3 decodes=0 decMs=0
[FT] avgMs=16 worstMs=44 gameMs=15 drawMs=1 swapWait=0ms draws=4 decodes=0 decMs=0
[SH-XBOX] vblank 1200
[MEM] tick: free=6880KB (1720 pages)
[FT] avgMs=17 worstMs=49 gameMs=15 drawMs=1 swapWait=0ms draws=4 decodes=0 decMs=0
[BOOT0/TIM] PostLoadTim file=1980 'TITLE_E.TIM' ss=0x90b7 img.u=32 img.v=0 tPage=1,13 clutX=224 clutY=15
[BOOT0/TIM] post ReadTIM: prect=0xf7c94c caddr=0xf7c748 paddr=0xf7c954 mode=9
[BOOT0/TIM] pre pixel LoadImage rect=(864,0 160x480)
[BOOT0/TIM] pre CLUT LoadImage rect=(224,15 256x1)
[BOOT0/TIM] PostLoadTim done
[SH-XBOX] GameState -> 6 (step 0)
[SH] open_main: playing FMV (file=2053 frames=0)
[FMV] no avi for C1_20670 (checked D:\fmv, D:\gamedata\fmv) -> MDEC
[FMV] start C1_20670 file_idx=2053 base=133127 sectors=20670 maxFrames=0 (15fps)
[XA] fmv stream open: 37800Hz stereo coding=0x01
[FMV] video 320x208, 9 sectors/frame
[mdec] hdr n_bytes=5776 first8=06 e0 38 00 00 01 00 02 qscale=1 version=2 ctx=320x208
[mdec] hdr n_bytes=5776 first8=06 e0 38 00 00 01 00 02 qscale=1 version=2 ctx=320x208
[mdec] hdr n_bytes=5776 first8=06 e0 38 00 00 01 00 02 qscale=1 version=2 ctx=320x208
[FT] avgMs=38 worstMs=191 gameMs=11 drawMs=26 swapWait=0ms draws=0 decodes=2 decMs=2
[FMV] skipped at frame 99
[XA] fmv stream end: 123 sectors fed, 1408 ring frames discarded
[FMV] end C1_20670: 99 frames (3 dropped, 0 decode fails, 169 presents)
[SH] open_main: FMV_Play returned
[SH-XBOX] GameState -> 7 (step 0)
[BOOT-STEP] GameStartup step=0 qlen=0
[TRANSITION] GameStartup step=0: processFlags=0x20 (BootDemo) sizeof(s_WorldGfxWork)=11708
[SFX] Sd_PlaySfx: sfxId=1305 (Sfx_Base+25) vol=0
[BOOT-STEP] GameStartup step=1 qlen=0
[SFX] Sd_PlaySfx: sfxId=1305 (Sfx_Base+25) vol=0
[SFX] Sd_PlaySfx: sfxId=1305 (Sfx_Base+25) vol=0
[SFX] Sd_PlaySfx: sfxId=1305 (Sfx_Base+25) vol=0
[SFX] Sd_PlaySfx: sfxId=1305 (Sfx_Base+25) vol=0
[SFX] Sd_PlaySfx: sfxId=1305 (Sfx_Base+25) vol=0
[FT] avgMs=29 worstMs=92 gameMs=11 drawMs=17 swapWait=0ms draws=8 decodes=6 decMs=4
[SFX] Sd_PlaySfx: sfxId=1305 (Sfx_Base+25) vol=0
[SFX] Sd_PlaySfx: sfxId=1305 (Sfx_Base+25) vol=0
[SFX] Sd_PlaySfx: sfxId=1305 (Sfx_Base+25) vol=0
[SFX] Sd_PlaySfx: sfxId=1305 (Sfx_Base+25) vol=0
[SFX] Sd_PlaySfx: sfxId=1305 (Sfx_Base+25) vol=0
[SFX] Sd_PlaySfx: sfxId=1305 (Sfx_Base+25) vol=0
[SFX] Sd_PlaySfx: sfxId=1305 (Sfx_Base+25) vol=0
[SFX] Sd_PlaySfx: sfxId=1305 (Sfx_Base+25) vol=0
[SFX] Sd_PlaySfx: sfxId=1305 (Sfx_Base+25) vol=0
[SFX] Sd_PlaySfx: sfxId=1305 (Sfx_Base+25) vol=0
[SFX] Sd_PlaySfx: sfxId=1305 (Sfx_Base+25) vol=0
[SFX] Sd_PlaySfx: sfxId=1305 (Sfx_Base+25) vol=0
[SFX] Sd_PlaySfx: sfxId=1305 (Sfx_Base+25) vol=0
[SFX] Sd_PlaySfx: sfxId=1305 (Sfx_Base+25) vol=0
[FT] avgMs=17 worstMs=61 gameMs=12 drawMs=4 swapWait=1ms draws=20 decodes=0 decMs=0
[SFX] Sd_PlaySfx: sfxId=1305 (Sfx_Base+25) vol=0
[SFX] Sd_PlaySfx: sfxId=1305 (Sfx_Base+25) vol=0
[SFX] Sd_PlaySfx: sfxId=1305 (Sfx_Base+25) vol=0
[SFX] Sd_PlaySfx: sfxId=1281 (Sfx_Base+1) vol=0
[BOOT0/TIM] PostLoadTim file=1939 'SAVELOAD.TIM' ss=0x8ced img.u=0 img.v=16 tPage=1,5 clutX=224 clutY=14
[BOOT0/TIM] post ReadTIM: prect=0xfac94c caddr=0xfac748 paddr=0xfac954 mode=9
[BOOT0/TIM] pre pixel LoadImage rect=(320,16 160x240)
[BOOT0/TIM] pre CLUT LoadImage rect=(224,14 256x1)
[BOOT0/TIM] PostLoadTim done
[FT] avgMs=17 worstMs=48 gameMs=12 drawMs=5 swapWait=0ms draws=21 decodes=0 decMs=0
[SH-XBOX] vblank 1800
[MEM] tick: free=4312KB (1078 pages)
[SH-XBOX] GameState -> 8 (step 0)
[MCRD] card_info chan=2 -> IOE (n=512)
[SFX] Sd_PlaySfx: sfxId=1307 (Sfx_Base+27) vol=0
[MCRD] open 'bu00:BASLUS-00707SILENT00' flags=0x8001 -> h=1 dir=1 size=8192
[MCRD] read h=1 dir=1 ofs=896 len=640 ok
[MCRD] open 'bu00:BASLUS-00707SILENT00' flags=0x8001 -> h=1 dir=1 size=8192
[MCRD] read h=1 dir=1 ofs=768 len=128 ok
[CHARA-TEX] charaId=1 matCount=1 modelCount=23
[CHARA-TEX] mat[0] name='HERO' field_C=1 E=0x3b F=0x3b clut=0x782e UV=0x0000 tex=0
[CHARA-TEX] prim0: f0=0x135b(UV0) f2=0x7a6e(clut) f4=0x1651(UV1) f6=0x003b(tpage) f8=0x1251(UV2) fA=0x0000(UV3)
[CHARA-TEX] texDesc: tPage=[0,27] u=0 v=0 clutXY=(736,480)
[AUTO-EQUIP-CHECK] mapIdx=1 processFlags=0x8 inventorySlotCount=8 equippedWeapon=0
[MAP-LOAD] GameBoot_MapLoad mapIdx=1 (map0_s01) fileIdx=1996 linked=1 procFlags=0x8
[MAP-LOAD] MapRegistry_Load(1)=map0_s01 linked=1 header=00596af0
[MEM] after map-load: free=4312KB (1078 pages)
[LANG] USA disc-patch skipped on Xbox (compiled text kept)
[BOOT0/TIM] PostLoadTim file=1849 'GLASS.TIM' ss=0x7ec3 img.u=0 img.v=0 tPage=0,13 clutX=224 clutY=0
[BOOT0/TIM] post ReadTIM: prect=0xfbe76c caddr=0xfbe748 paddr=0xfbe774 mode=8
[BOOT0/TIM] pre pixel LoadImage rect=(832,0 16x64)
[BOOT0/TIM] pre CLUT LoadImage rect=(224,0 16x1)
[BOOT0/TIM] PostLoadTim done
[SH-XBOX] GameState -> 10 (step 0)
[BOOT-STEP] GameStartup step=0 qlen=0
[TRANSITION] GameStartup step=0: processFlags=0x8 (LoadSave) sizeof(s_WorldGfxWork)=11708
[BOOT-STEP] GameStartup step=3 qlen=0
[BOOT-STEP] GameStartup step=4 qlen=0
[BOOT-STEP] GameStartup step=5 qlen=0
[BOOT-STEP] GameStartup step=7 qlen=0
[TRANSITION] GameStartup step=7: processFlags=0x8 playerPos=(18814,819,1088367) func_80039F90=0x0
[IPD-INIT] Ipd_MapFileInfoSet: mapTag='THR' activeIpdCount=4 isExterior=1 plmIdx=1370 ipdFileIdx=0 textureFileIdx=0 curSize=0 willRebuildGrid=1
[MEM] after chunk-buffers: free=2776KB (694 pages)
[TRANSITION] GameStartup step=7 post-init: playerPos=(18814,819,1088367) mapTag='THR'
[BOOT-STEP] GameStartup step=8 qlen=8
[BOOT0/TIM] PostLoadTim file=1073 'THR0001F.TIM' ss=0x45d8 img.u=0 img.v=0 tPage=0,8 clutX=0 clutY=0
[BOOT0/TIM] post ReadTIM: prect=0xfb680c caddr=0xfb6748 paddr=0xfb6814 mode=8
[BOOT0/TIM] pre pixel LoadImage rect=(512,0 64x256)
[BOOT0/TIM] pre CLUT LoadImage rect=(0,0 16x6)
[BOOT0/TIM] PostLoadTim done
[POOLSTOMP] upload (512,0 64x256) hits PINNED pool slot 0 'THR0001F' (512,0)
[BOOT0/TIM] PostLoadTim file=1077 'THR0003F.TIM' ss=0x4625 img.u=0 img.v=0 tPage=0,9 clutX=16 clutY=0
[BOOT0/TIM] post ReadTIM: prect=0xfb690c caddr=0xfb6748 paddr=0xfb6914 mode=8
[BOOT0/TIM] pre pixel LoadImage rect=(576,0 64x256)
[BOOT0/TIM] pre CLUT LoadImage rect=(16,0 16x14)
[BOOT0/TIM] PostLoadTim done
[POOLSTOMP] upload (576,0 64x256) hits PINNED pool slot 1 'THR0003F' (576,0)
[BOOT0/TIM] PostLoadTim file=1075 'THR0002F.TIM' ss=0x45fe img.u=0 img.v=0 tPage=0,10 clutX=32 clutY=0
[BOOT0/TIM] post ReadTIM: prect=0xfb688c caddr=0xfb6748 paddr=0xfb6894 mode=8
[BOOT0/TIM] pre pixel LoadImage rect=(640,0 64x256)
[BOOT0/TIM] pre CLUT LoadImage rect=(32,0 16x10)
[BOOT0/TIM] PostLoadTim done
[POOLSTOMP] upload (640,0 64x256) hits PINNED pool slot 2 'THR0002F' (640,0)
[BOOT0/TIM] PostLoadTim file=1079 'THR0004F.TIM' ss=0x4644 img.u=0 img.v=0 tPage=0,21 clutX=48 clutY=0
[BOOT0/TIM] post ReadTIM: prect=0xfb694c caddr=0xfb6748 paddr=0xfb6954 mode=8
[BOOT0/TIM] pre pixel LoadImage rect=(320,256 64x256)
[BOOT0/TIM] pre CLUT LoadImage rect=(48,0 16x16)
[BOOT0/TIM] PostLoadTim done
[POOLSTOMP] upload (320,256 64x256) hits PINNED pool slot 3 'THR0004F' (320,256)
[BOOT0/TIM] PostLoadTim file=1269 'THRCF3.TIM' ss=0x51fa img.u=0 img.v=0 tPage=0,22 clutX=64 clutY=0
[BOOT0/TIM] post ReadTIM: prect=0xfb692c caddr=0xfb6748 paddr=0xfb6934 mode=8
[BOOT0/TIM] pre pixel LoadImage rect=(384,256 64x256)
[BOOT0/TIM] pre CLUT LoadImage rect=(64,0 16x15)
[BOOT0/TIM] PostLoadTim done
[POOLSTOMP] upload (384,256 64x256) hits PINNED pool slot 4 'THRCF3' (384,256)
[BOOT0/TIM] PostLoadTim file=1268 'THRCF2.TIM' ss=0x51e9 img.u=0 img.v=0 tPage=0,23 clutX=80 clutY=0
[BOOT0/TIM] post ReadTIM: prect=0xfb692c caddr=0xfb6748 paddr=0xfb6934 mode=8
[BOOT0/TIM] pre pixel LoadImage rect=(448,256 64x256)
[BOOT0/TIM] pre CLUT LoadImage rect=(80,0 16x15)
[BOOT0/TIM] PostLoadTim done
[POOLSTOMP] upload (448,256 64x256) hits PINNED pool slot 5 'THRCF2' (448,256)
[BOOT0/TIM] PostLoadTim file=1270 'THRCF4.TIM' ss=0x520b img.u=0 img.v=0 tPage=0,24 clutX=96 clutY=0
[BOOT0/TIM] post ReadTIM: prect=0xfb67ec caddr=0xfb6748 paddr=0xfb67f4 mode=8
[BOOT0/TIM] pre pixel LoadImage rect=(512,256 64x256)
[BOOT0/TIM] pre CLUT LoadImage rect=(96,0 16x5)
[BOOT0/TIM] PostLoadTim done
[POOLSTOMP] upload (512,256 64x256) hits PINNED pool slot 6 'THRCF4' (512,256)
[BOOT0/TIM] PostLoadTim file=1267 'THRCF1.TIM' ss=0x51d8 img.u=0 img.v=0 tPage=0,25 clutX=112 clutY=0
[BOOT0/TIM] post ReadTIM: prect=0xfb692c caddr=0xfb6748 paddr=0xfb6934 mode=8
[BOOT0/TIM] pre pixel LoadImage rect=(576,256 64x256)
[BOOT0/TIM] pre CLUT LoadImage rect=(112,0 16x15)
[BOOT0/TIM] PostLoadTim done
[POOLSTOMP] upload (576,256 64x256) hits PINNED pool slot 7 'THRCF1' (576,256)
[TEXVRAM] 'THR0001F' tPage=[0,8] clutXY=(0,0) uv=(0,0)
[TEXVRAM] 'THR0003F' tPage=[0,9] clutXY=(16,0) uv=(0,0)
[TEXVRAM] 'THR0002F' tPage=[0,10] clutXY=(32,0) uv=(0,0)
[TEXVRAM] 'THR0004F' tPage=[0,21] clutXY=(48,0) uv=(0,0)
[TEXVRAM] 'THRCF3' tPage=[0,22] clutXY=(64,0) uv=(0,0)
[TEXVRAM] 'THRCF2' tPage=[0,23] clutXY=(80,0) uv=(0,0)
[TEXVRAM] 'THRCF4' tPage=[0,24] clutXY=(96,0) uv=(0,0)
[TEXVRAM] 'THRCF1' tPage=[0,25] clutXY=(112,0) uv=(0,0)
[BOOT-STEP] GameStartup step=9 qlen=0
[BOOT-STEP] GameStartup step=10 qlen=0
[SH_AMB] Sd_AmbientSfxSet idx=3 -> loadCmd=171
[SH_AMB] Sd_VabLoad ambient cmd=171 type=2 dedup=0
[FT] avgMs=26 worstMs=663 gameMs=13 drawMs=12 swapWait=0ms draws=55 decodes=16 decMs=17
[BOOT-STEP] GameStartup step=11 qlen=0
[BOOT0/TIM] PostLoadTim file=1449 'REBIRD.TIM' ss=0x5b2c img.u=0 img.v=0 tPage=0,28 clutX=704 clutY=464
[BOOT0/TIM] post ReadTIM: prect=0xfac80c caddr=0xfac748 paddr=0xfac814 mode=8
[BOOT0/TIM] pre pixel LoadImage rect=(768,256 32x128)
[BOOT0/TIM] pre CLUT LoadImage rect=(704,464 16x6)
[BOOT0/TIM] PostLoadTim done
[CHARA-TEX] charaId=2 matCount=1 modelCount=16
[CHARA-TEX] mat[0] name='REBIRD' field_C=1 E=0x5c F=0x5c clut=0x742c UV=0x0000 tex=0
[CHARA-TEX] prim0: f0=0x2971(UV0) f2=0x74ac(clut) f4=0x1d6a(UV1) f6=0x005c(tpage) f8=0x2077(UV2) fA=0x0000(UV3)
[CHARA-TEX] texDesc: tPage=[0,28] u=0 v=0 clutXY=(704,464)
[MEM] dms-load: free=2776KB (694 pages)
[SFX] Sd_SfxStop: sfxId=1300 (Sfx_Base+20)
[SFX] Sd_SfxStop: sfxId=1302 (Sfx_Base+22)
[SFX] Sd_SfxStop: sfxId=1301 (Sfx_Base+21)
[SFX] Sd_SfxStop: sfxId=1303 (Sfx_Base+23)
[SFX] Sd_SfxStop: sfxId=1321 (Sfx_Base+41)
[SFX] Sd_SfxStop: sfxId=1322 (Sfx_Base+42)
[WOBJ] resolved 'RADIO_HI' lmIdx=3
[WOBJ] resolved 'KNIFE_HI' lmIdx=3
[WOBJ] resolved 'IN1_HIDE' lmIdx=4
[WOBJ] resolved 'IN_BLD1_' lmIdx=4
[WOBJ] resolved 'DRINK_NE' lmIdx=1
[BOOT0/TIM] PostLoadTim file=1505 'TIM00.TIM' ss=0x5dcb img.u=0 img.v=0 tPage=0,15 clutX=176 clutY=0
[BOOT0/TIM] post ReadTIM: prect=0xfac94c caddr=0xfac748 paddr=0xfac954 mode=8
[BOOT0/TIM] pre pixel LoadImage rect=(960,0 64x256)
[BOOT0/TIM] pre CLUT LoadImage rect=(176,0 16x16)
[BOOT0/TIM] PostLoadTim done
[BOOT-STEP] GameStartup step=12 qlen=2
[SH-XBOX] GameState -> 11 (step 0)
[FOGST-GPU] clear=0xff6c6474
[BOOT0/TIM] PostLoadTim file=1514 'TIM07.TIM' ss=0x5e64 img.u=32 img.v=0 tPage=0,13 clutX=240 clutY=0
[BOOT0/TIM] post ReadTIM: prect=0xfac84c caddr=0xfac748 paddr=0xfac854 mode=8
[BOOT0/TIM] pre pixel LoadImage rect=(864,0 32x256)
[BOOT0/TIM] pre CLUT LoadImage rect=(240,0 16x8)
[BOOT0/TIM] PostLoadTim done
[BOOT0/TIM] PostLoadTim file=1509 'TIM02.TIM' ss=0x5e0f img.u=0 img.v=0 tPage=0,14 clutX=160 clutY=0
[BOOT0/TIM] post ReadTIM: prect=0xfac94c caddr=0xfac748 paddr=0xfac954 mode=8
[BOOT0/TIM] pre pixel LoadImage rect=(896,0 64x256)
[BOOT0/TIM] pre CLUT LoadImage rect=(160,0 16x16)
[BOOT0/TIM] PostLoadTim done
[FT] avgMs=19 worstMs=87 gameMs=11 drawMs=8 swapWait=0ms draws=41 decodes=18 decMs=11
[FT] avgMs=16 worstMs=47 gameMs=5 drawMs=11 swapWait=0ms draws=107 decodes=2 decMs=2
[FT] avgMs=16 worstMs=43 gameMs=5 drawMs=11 swapWait=0ms draws=114 decodes=1 decMs=1
[SH-XBOX] vblank 2400
[MEM] tick: free=2776KB (694 pages)
[FT] avgMs=16 worstMs=51 gameMs=5 drawMs=11 swapWait=0ms draws=106 decodes=0 decMs=0
[FT] avgMs=16 worstMs=45 gameMs=5 drawMs=11 swapWait=0ms draws=106 decodes=0 decMs=0
[CHNK] n=4 s0=-1,6,st3 s1=0,6,st3 s2=0,0,st0 s3=0,0,st0
[FT] avgMs=17 worstMs=53 gameMs=6 drawMs=11 swapWait=0ms draws=120 decodes=1 decMs=0
[FT] avgMs=16 worstMs=48 gameMs=5 drawMs=11 swapWait=0ms draws=126 decodes=0 decMs=0
[FT] avgMs=16 worstMs=44 gameMs=5 drawMs=11 swapWait=0ms draws=118 decodes=0 decMs=0
[SH-XBOX] vblank 3000
[MEM] tick: free=2776KB (694 pages)
[FT] avgMs=16 worstMs=51 gameMs=5 drawMs=11 swapWait=0ms draws=107 decodes=0 decMs=0
[FT] avgMs=16 worstMs=47 gameMs=5 drawMs=11 swapWait=0ms draws=100 decodes=0 decMs=0
[CHNK] n=4 s0=-1,6,st3 s1=0,6,st3 s2=0,0,st0 s3=0,0,st0
[FT] avgMs=17 worstMs=51 gameMs=6 drawMs=11 swapWait=0ms draws=119 decodes=0 decMs=0
[FT] avgMs=16 worstMs=49 gameMs=5 drawMs=11 swapWait=0ms draws=121 decodes=0 decMs=0
[FT] avgMs=16 worstMs=45 gameMs=5 drawMs=11 swapWait=0ms draws=123 decodes=0 decMs=0
[SH-XBOX] vblank 3600
[MEM] tick: free=2776KB (694 pages)
[FT] avgMs=16 worstMs=52 gameMs=5 drawMs=11 swapWait=0ms draws=107 decodes=0 decMs=0
[FT] avgMs=16 worstMs=48 gameMs=5 drawMs=11 swapWait=0ms draws=101 decodes=0 decMs=0
[RA] watch 84008: state=2 unlocked=1786116799 flags[4B4]=00 flags[4A1]=00 word4=0x00000000 setbits=35 map=1/36
[CHNK] n=4 s0=-1,6,st3 s1=0,6,st3 s2=0,0,st0 s3=0,0,st0
[FT] avgMs=17 worstMs=53 gameMs=6 drawMs=11 swapWait=0ms draws=117 decodes=0 decMs=0
[FT] avgMs=16 worstMs=50 gameMs=5 drawMs=11 swapWait=0ms draws=120 decodes=0 decMs=0
[FT] avgMs=16 worstMs=45 gameMs=5 drawMs=11 swapWait=0ms draws=120 decodes=0 decMs=0
[SH-XBOX] vblank 4200
[MEM] tick: free=2776KB (694 pages)
[FT] avgMs=16 worstMs=53 gameMs=5 drawMs=11 swapWait=0ms draws=112 decodes=0 decMs=0
[FT] avgMs=16 worstMs=49 gameMs=5 drawMs=11 swapWait=0ms draws=102 decodes=0 decMs=0
[CHNK] n=4 s0=-1,6,st3 s1=0,6,st3 s2=0,0,st0 s3=0,0,st0
[FT] avgMs=17 worstMs=54 gameMs=6 drawMs=11 swapWait=0ms draws=116 decodes=0 decMs=0
[FT] avgMs=16 worstMs=51 gameMs=5 drawMs=11 swapWait=0ms draws=122 decodes=0 decMs=0
[FT] avgMs=16 worstMs=47 gameMs=5 drawMs=11 swapWait=0ms draws=124 decodes=0 decMs=0
[SH-XBOX] vblank 4800
[MEM] tick: free=2776KB (694 pages)
[FT] avgMs=16 worstMs=43 gameMs=5 drawMs=11 swapWait=0ms draws=112 decodes=0 decMs=0
[FT] avgMs=16 worstMs=50 gameMs=5 drawMs=11 swapWait=1ms draws=100 decodes=0 decMs=0
[CHNK] n=4 s0=-1,6,st3 s1=0,6,st3 s2=0,0,st0 s3=0,0,st0
[FT] avgMs=17 worstMs=45 gameMs=6 drawMs=11 swapWait=0ms draws=113 decodes=0 decMs=0
[FT] avgMs=16 worstMs=52 gameMs=5 drawMs=11 swapWait=0ms draws=120 decodes=0 decMs=0
[FT] avgMs=16 worstMs=48 gameMs=5 drawMs=11 swapWait=0ms draws=126 decodes=0 decMs=0
[SH-XBOX] vblank 5400
[MEM] tick: free=2776KB (694 pages)
[FT] avgMs=16 worstMs=44 gameMs=5 drawMs=11 swapWait=0ms draws=116 decodes=0 decMs=0
[FT] avgMs=16 worstMs=50 gameMs=5 drawMs=11 swapWait=0ms draws=101 decodes=0 decMs=0
[RA] watch 84008: state=2 unlocked=1786116799 flags[4B4]=00 flags[4A1]=00 word4=0x00000000 setbits=35 map=1/36
[CHNK] n=4 s0=-1,6,st3 s1=0,6,st3 s2=0,0,st0 s3=0,0,st0
[FT] avgMs=17 worstMs=46 gameMs=6 drawMs=11 swapWait=0ms draws=107 decodes=0 decMs=0
[FT] avgMs=16 worstMs=53 gameMs=5 drawMs=11 swapWait=0ms draws=119 decodes=0 decMs=0
[FT] avgMs=16 worstMs=49 gameMs=5 drawMs=11 swapWait=0ms draws=125 decodes=0 decMs=0
[SH-XBOX] vblank 6000
[MEM] tick: free=2776KB (694 pages)
[FT] avgMs=16 worstMs=45 gameMs=5 drawMs=11 swapWait=0ms draws=116 decodes=0 decMs=0
[FT] avgMs=16 worstMs=52 gameMs=5 drawMs=11 swapWait=0ms draws=100 decodes=0 decMs=0
[CHNK] n=4 s0=-1,6,st3 s1=0,6,st3 s2=0,0,st0 s3=0,0,st0
[FT] avgMs=17 worstMs=48 gameMs=6 drawMs=11 swapWait=0ms draws=104 decodes=0 decMs=0
[FT] avgMs=16 worstMs=43 gameMs=5 drawMs=11 swapWait=0ms draws=119 decodes=0 decMs=0
[FT] avgMs=16 worstMs=49 gameMs=5 drawMs=11 swapWait=0ms draws=126 decodes=0 decMs=0
[SH-XBOX] vblank 6600
[MEM] tick: free=2776KB (694 pages)
[FT] avgMs=16 worstMs=45 gameMs=5 drawMs=11 swapWait=0ms draws=117 decodes=0 decMs=0
[FT] avgMs=17 worstMs=87 gameMs=6 drawMs=11 swapWait=0ms draws=106 decodes=0 decMs=0
[CHNK] n=4 s0=-1,6,st3 s1=0,6,st3 s2=0,0,st0 s3=0,0,st0
[FT] avgMs=16 worstMs=46 gameMs=5 drawMs=11 swapWait=0ms draws=104 decodes=0 decMs=0
[FT] avgMs=16 worstMs=43 gameMs=5 drawMs=11 swapWait=0ms draws=123 decodes=0 decMs=0
[FT] avgMs=16 worstMs=51 gameMs=5 drawMs=11 swapWait=0ms draws=124 decodes=0 decMs=0
[SH-XBOX] vblank 7200
[MEM] tick: free=2776KB (694 pages)
[FT] avgMs=16 worstMs=46 gameMs=5 drawMs=11 swapWait=0ms draws=118 decodes=0 decMs=0
[FT] avgMs=16 worstMs=54 gameMs=5 drawMs=11 swapWait=0ms draws=105 decodes=0 decMs=0
[RA] watch 84008: state=2 unlocked=1786116799 flags[4B4]=00 flags[4A1]=00 word4=0x00000000 setbits=35 map=1/36
[CHNK] n=4 s0=-1,6,st3 s1=0,6,st3 s2=0,0,st0 s3=0,0,st0
[FT] avgMs=17 worstMs=49 gameMs=6 drawMs=11 swapWait=0ms draws=104 decodes=0 decMs=0
[FT] avgMs=16 worstMs=45 gameMs=5 drawMs=11 swapWait=0ms draws=116 decodes=0 decMs=0
[FT] avgMs=16 worstMs=52 gameMs=5 drawMs=11 swapWait=0ms draws=122 decodes=0 decMs=0
[SH-XBOX] vblank 7800
[MEM] tick: free=2776KB (694 pages)
[FT] avgMs=16 worstMs=48 gameMs=5 drawMs=11 swapWait=0ms draws=126 decodes=0 decMs=0
[FT] avgMs=16 worstMs=43 gameMs=5 drawMs=11 swapWait=0ms draws=109 decodes=0 decMs=0
[CHNK] n=4 s0=-1,6,st3 s1=0,6,st3 s2=0,0,st0 s3=0,0,st0
[FT] avgMs=17 worstMs=50 gameMs=6 drawMs=11 swapWait=0ms draws=100 decodes=0 decMs=0
[FT] avgMs=16 worstMs=46 gameMs=5 drawMs=11 swapWait=0ms draws=117 decodes=0 decMs=0
[FT] avgMs=16 worstMs=53 gameMs=5 drawMs=11 swapWait=0ms draws=121 decodes=0 decMs=0
[SH-XBOX] vblank 8400
[MEM] tick: free=2776KB (694 pages)
[FT] avgMs=16 worstMs=49 gameMs=5 drawMs=11 swapWait=0ms draws=123 decodes=0 decMs=0
[RA] http POST http://retroachievements.org/dorequest.php
[NET] POST retroachievements.org -> 200 (16 bytes)
[RA] http -> status=200 bodyLen=16 body='{"Success":true}'
[FT] avgMs=20 worstMs=432 gameMs=6 drawMs=14 swapWait=0ms draws=109 decodes=0 decMs=0
[CHNK] n=4 s0=-1,6,st3 s1=0,6,st3 s2=0,0,st0 s3=0,0,st0
[FT] avgMs=17 worstMs=45 gameMs=6 drawMs=11 swapWait=0ms draws=100 decodes=0 decMs=0
[FT] avgMs=16 worstMs=52 gameMs=5 drawMs=11 swapWait=0ms draws=117 decodes=0 decMs=0
[FT] avgMs=16 worstMs=47 gameMs=5 drawMs=11 swapWait=0ms draws=121 decodes=0 decMs=0
[SH-XBOX] vblank 9000
[MEM] tick: free=2776KB (694 pages)
[FT] avgMs=16 worstMs=43 gameMs=5 drawMs=11 swapWait=0ms draws=122 decodes=0 decMs=0
[FT] avgMs=16 worstMs=49 gameMs=5 drawMs=11 swapWait=1ms draws=112 decodes=0 decMs=0
[RA] watch 84008: state=2 unlocked=1786116799 flags[4B4]=00 flags[4A1]=00 word4=0x00000000 setbits=35 map=1/36
[CHNK] n=4 s0=-1,6,st3 s1=0,6,st3 s2=0,0,st0 s3=0,0,st0
[FT] avgMs=17 worstMs=45 gameMs=6 drawMs=11 swapWait=0ms draws=101 decodes=0 decMs=0
[FT] avgMs=16 worstMs=52 gameMs=5 drawMs=11 swapWait=0ms draws=113 decodes=0 decMs=0
[FT] avgMs=16 worstMs=48 gameMs=5 drawMs=11 swapWait=0ms draws=122 decodes=0 decMs=0
[SH-XBOX] vblank 9600
[MEM] tick: free=2776KB (694 pages)
[FT] avgMs=16 worstMs=43 gameMs=5 drawMs=11 swapWait=1ms draws=125 decodes=0 decMs=0
[FT] avgMs=16 worstMs=51 gameMs=5 drawMs=11 swapWait=0ms draws=116 decodes=0 decMs=0
[CHNK] n=4 s0=-1,6,st3 s1=0,6,st3 s2=0,0,st0 s3=0,0,st0
[FT] avgMs=17 worstMs=46 gameMs=6 drawMs=11 swapWait=0ms draws=101 decodes=0 decMs=0
[FT] avgMs=16 worstMs=53 gameMs=5 drawMs=11 swapWait=0ms draws=109 decodes=0 decMs=0
[FT] avgMs=16 worstMs=49 gameMs=5 drawMs=11 swapWait=0ms draws=122 decodes=0 decMs=0
[SH-XBOX] vblank 10200
[MEM] tick: free=2776KB (694 pages)
[FT] avgMs=16 worstMs=45 gameMs=5 drawMs=11 swapWait=0ms draws=125 decodes=0 decMs=0
[FT] avgMs=16 worstMs=51 gameMs=5 drawMs=11 swapWait=0ms draws=116 decodes=0 decMs=0
[CHNK] n=4 s0=-1,6,st3 s1=0,6,st3 s2=0,0,st0 s3=0,0,st0
[FT] avgMs=17 worstMs=48 gameMs=6 drawMs=11 swapWait=0ms draws=103 decodes=0 decMs=0
[FT] avgMs=16 worstMs=43 gameMs=5 drawMs=11 swapWait=0ms draws=107 decodes=0 decMs=0
[FT] avgMs=16 worstMs=51 gameMs=5 drawMs=11 swapWait=0ms draws=119 decodes=0 decMs=0
[SH-XBOX] vblank 10800
[MEM] tick: free=2776KB (694 pages)
[FT] avgMs=16 worstMs=46 gameMs=5 drawMs=11 swapWait=0ms draws=125 decodes=0 decMs=0
[FT] avgMs=16 worstMs=17 gameMs=5 drawMs=11 swapWait=0ms draws=117 decodes=0 decMs=0
[RA] watch 84008: state=2 unlocked=1786116799 flags[4B4]=00 flags[4A1]=00 word4=0x00000000 setbits=35 map=1/36
[CHNK] n=4 s0=-1,6,st3 s1=0,6,st3 s2=0,0,st0 s3=0,0,st0
[FT] avgMs=17 worstMs=49 gameMs=6 drawMs=11 swapWait=1ms draws=107 decodes=0 decMs=0
[FT] avgMs=16 worstMs=43 gameMs=5 drawMs=11 swapWait=0ms draws=103 decodes=0 decMs=0
[FT] avgMs=16 worstMs=51 gameMs=5 drawMs=11 swapWait=0ms draws=119 decodes=0 decMs=0
[SH-XBOX] vblank 11400
[MEM] tick: free=2776KB (694 pages)
[FT] avgMs=16 worstMs=47 gameMs=5 drawMs=11 swapWait=0ms draws=122 decodes=0 decMs=0
[FT] avgMs=16 worstMs=42 gameMs=5 drawMs=11 swapWait=0ms draws=116 decodes=0 decMs=0
[CHNK] n=4 s0=-1,6,st3 s1=0,6,st3 s2=0,0,st0 s3=0,0,st0
[FT] avgMs=17 worstMs=50 gameMs=6 drawMs=11 swapWait=1ms draws=109 decodes=0 decMs=0
[FT] avgMs=16 worstMs=45 gameMs=5 drawMs=11 swapWait=0ms draws=102 decodes=0 decMs=0
[FT] avgMs=16 worstMs=53 gameMs=5 drawMs=11 swapWait=0ms draws=120 decodes=0 decMs=0
[SH-XBOX] vblank 12000
[MEM] tick: free=2776KB (694 pages)
[FT] avgMs=16 worstMs=48 gameMs=5 drawMs=11 swapWait=0ms draws=120 decodes=0 decMs=0
[FT] avgMs=16 worstMs=43 gameMs=5 drawMs=11 swapWait=0ms draws=121 decodes=0 decMs=0
[CHNK] n=4 s0=-1,6,st3 s1=0,6,st3 s2=0,0,st0 s3=0,0,st0
[FT] avgMs=17 worstMs=51 gameMs=6 drawMs=11 swapWait=0ms draws=111 decodes=0 decMs=0
[FT] avgMs=16 worstMs=46 gameMs=5 drawMs=11 swapWait=0ms draws=98 decodes=0 decMs=0
[FT] avgMs=16 worstMs=53 gameMs=5 drawMs=11 swapWait=0ms draws=113 decodes=0 decMs=0
[SH-XBOX] vblank 12600
[MEM] tick: free=2776KB (694 pages)
[FT] avgMs=16 worstMs=49 gameMs=5 drawMs=11 swapWait=0ms draws=119 decodes=0 decMs=0
[FT] avgMs=16 worstMs=45 gameMs=5 drawMs=11 swapWait=0ms draws=121 decodes=0 decMs=0
[RA] watch 84008: state=2 unlocked=1786116799 flags[4B4]=00 flags[4A1]=00 word4=0x00000000 setbits=35 map=1/36
[CHNK] n=4 s0=-1,6,st3 s1=0,6,st3 s2=0,0,st0 s3=0,0,st0
[FT] avgMs=17 worstMs=51 gameMs=6 drawMs=11 swapWait=0ms draws=111 decodes=0 decMs=0
[FT] avgMs=16 worstMs=48 gameMs=5 drawMs=11 swapWait=0ms draws=101 decodes=0 decMs=0
[FT] avgMs=16 worstMs=42 gameMs=5 drawMs=11 swapWait=0ms draws=114 decodes=0 decMs=0
[SH-XBOX] vblank 13200
[MEM] tick: free=2776KB (694 pages)
[FT] avgMs=16 worstMs=50 gameMs=5 drawMs=11 swapWait=0ms draws=120 decodes=0 decMs=0
[FT] avgMs=16 worstMs=45 gameMs=5 drawMs=11 swapWait=0ms draws=121 decodes=0 decMs=0
[CHNK] n=4 s0=-1,6,st3 s1=0,6,st3 s2=0,0,st0 s3=0,0,st0
[FT] avgMs=17 worstMs=53 gameMs=6 drawMs=11 swapWait=0ms draws=114 decodes=0 decMs=0
[FT] avgMs=16 worstMs=47 gameMs=5 drawMs=10 swapWait=1ms draws=100 decodes=0 decMs=0
[FT] avgMs=16 worstMs=44 gameMs=5 drawMs=11 swapWait=0ms draws=107 decodes=0 decMs=0
[SH-XBOX] vblank 13800
[MEM] tick: free=2776KB (694 pages)
[FT] avgMs=16 worstMs=51 gameMs=5 drawMs=11 swapWait=0ms draws=118 decodes=0 decMs=0
[FT] avgMs=16 worstMs=46 gameMs=5 drawMs=11 swapWait=0ms draws=124 decodes=0 decMs=0
[CHNK] n=4 s0=-1,6,st3 s1=0,6,st3 s2=0,0,st0 s3=0,0,st0
[FT] avgMs=17 worstMs=51 gameMs=6 drawMs=11 swapWait=0ms draws=115 decodes=0 decMs=0
[FT] avgMs=16 worstMs=49 gameMs=5 drawMs=11 swapWait=0ms draws=106 decodes=0 decMs=0
[FT] avgMs=16 worstMs=45 gameMs=5 drawMs=11 swapWait=0ms draws=111 decodes=0 decMs=0
[SH-XBOX] vblank 14400
[MEM] tick: free=2776KB (694 pages)
[FT] avgMs=16 worstMs=51 gameMs=5 drawMs=11 swapWait=0ms draws=120 decodes=0 decMs=0
[FT] avgMs=16 worstMs=48 gameMs=5 drawMs=11 swapWait=0ms draws=125 decodes=0 decMs=0
[RA] watch 84008: state=2 unlocked=1786116799 flags[4B4]=00 flags[4A1]=00 word4=0x00000000 setbits=35 map=1/36
[CHNK] n=4 s0=-1,6,st3 s1=0,6,st3 s2=0,0,st0 s3=0,0,st0
[FT] avgMs=17 worstMs=52 gameMs=5 drawMs=11 swapWait=0ms draws=117 decodes=0 decMs=0
[FT] avgMs=16 worstMs=50 gameMs=5 drawMs=11 swapWait=0ms draws=101 decodes=0 decMs=0
[FT] avgMs=16 worstMs=46 gameMs=5 drawMs=11 swapWait=0ms draws=103 decodes=0 decMs=0
[SH-XBOX] vblank 15000
[MEM] tick: free=2776KB (694 pages)
[FT] avgMs=16 worstMs=53 gameMs=5 drawMs=11 swapWait=0ms draws=120 decodes=0 decMs=0
[FT] avgMs=16 worstMs=17 gameMs=5 drawMs=11 swapWait=0ms draws=124 decodes=0 decMs=0
[CHNK] n=4 s0=-1,6,st3 s1=0,6,st3 s2=0,0,st0 s3=0,0,st0
[FT] avgMs=17 worstMs=54 gameMs=6 drawMs=11 swapWait=0ms draws=116 decodes=0 decMs=0
[FT] avgMs=16 worstMs=51 gameMs=5 drawMs=11 swapWait=0ms draws=108 decodes=0 decMs=0
[FT] avgMs=16 worstMs=47 gameMs=5 drawMs=11 swapWait=0ms draws=104 decodes=0 decMs=0
[RA] http POST http://retroachievements.org/dorequest.php
[NET] POST retroachievements.org -> 200 (16 bytes)
[RA] http -> status=200 bodyLen=16 body='{"Success":true}'
[SH-XBOX] vblank 15600
[MEM] tick: free=2776KB (694 pages)
[FT] avgMs=19 worstMs=325 gameMs=5 drawMs=13 swapWait=0ms draws=122 decodes=0 decMs=0
[FT] avgMs=16 worstMs=43 gameMs=5 drawMs=11 swapWait=0ms draws=125 decodes=0 decMs=0
[CHNK] n=4 s0=-1,6,st3 s1=0,6,st3 s2=0,0,st0 s3=0,0,st0
[FT] avgMs=17 worstMs=50 gameMs=6 drawMs=11 swapWait=1ms draws=118 decodes=0 decMs=0
[FT] avgMs=16 worstMs=46 gameMs=5 drawMs=11 swapWait=0ms draws=107 decodes=0 decMs=0
[FT] avgMs=16 worstMs=53 gameMs=5 drawMs=11 swapWait=0ms draws=101 decodes=0 decMs=0
[SH-XBOX] vblank 16200
[MEM] tick: free=2776KB (694 pages)
[FT] avgMs=16 worstMs=48 gameMs=5 drawMs=11 swapWait=0ms draws=118 decodes=0 decMs=0
[FT] avgMs=16 worstMs=44 gameMs=5 drawMs=11 swapWait=0ms draws=121 decodes=0 decMs=0
[RA] watch 84008: state=2 unlocked=1786116799 flags[4B4]=00 flags[4A1]=00 word4=0x00000000 setbits=35 map=1/36
[CHNK] n=4 s0=-1,6,st3 s1=0,6,st3 s2=0,0,st0 s3=0,0,st0
[FT] avgMs=17 worstMs=52 gameMs=6 drawMs=11 swapWait=0ms draws=121 decodes=0 decMs=0
[FT] avgMs=16 worstMs=47 gameMs=5 drawMs=11 swapWait=0ms draws=110 decodes=0 decMs=0
[FT] avgMs=16 worstMs=42 gameMs=5 drawMs=11 swapWait=0ms draws=100 decodes=0 decMs=0
[SH-XBOX] vblank 16800
[MEM] tick: free=2776KB (694 pages)
[FT] avgMs=16 worstMs=49 gameMs=5 drawMs=11 swapWait=0ms draws=117 decodes=0 decMs=0
[FT] avgMs=16 worstMs=45 gameMs=5 drawMs=11 swapWait=1ms draws=121 decodes=0 decMs=0
[CHNK] n=4 s0=-1,6,st3 s1=0,6,st3 s2=0,0,st0 s3=0,0,st0
[FT] avgMs=17 worstMs=52 gameMs=6 drawMs=11 swapWait=0ms draws=121 decodes=0 decMs=0
[FT] avgMs=16 worstMs=48 gameMs=5 drawMs=11 swapWait=0ms draws=110 decodes=0 decMs=0
[FT] avgMs=16 worstMs=43 gameMs=5 drawMs=11 swapWait=0ms draws=101 decodes=0 decMs=0
[SH-XBOX] vblank 17400
[MEM] tick: free=2776KB (694 pages)
[FT] avgMs=16 worstMs=51 gameMs=5 drawMs=11 swapWait=0ms draws=113 decodes=0 decMs=0
[FT] avgMs=16 worstMs=46 gameMs=5 drawMs=11 swapWait=0ms draws=120 decodes=0 decMs=0
[CHNK] n=4 s0=-1,6,st3 s1=0,6,st3 s2=0,0,st0 s3=0,0,st0
[FT] avgMs=17 worstMs=53 gameMs=6 drawMs=11 swapWait=0ms draws=124 decodes=0 decMs=0
[FT] avgMs=16 worstMs=49 gameMs=5 drawMs=11 swapWait=0ms draws=113 decodes=0 decMs=0
[FT] avgMs=16 worstMs=44 gameMs=5 drawMs=11 swapWait=0ms draws=102 decodes=0 decMs=0
[SH-XBOX] vblank 18000
[MEM] tick: free=2776KB (694 pages)
[FT] avgMs=16 worstMs=52 gameMs=5 drawMs=11 swapWait=0ms draws=108 decodes=0 decMs=0
[FT] avgMs=16 worstMs=47 gameMs=5 drawMs=11 swapWait=0ms draws=118 decodes=0 decMs=0
[RA] watch 84008: state=2 unlocked=1786116799 flags[4B4]=00 flags[4A1]=00 word4=0x00000000 setbits=35 map=1/36
[CHNK] n=4 s0=-1,6,st3 s1=0,6,st3 s2=0,0,st0 s3=0,0,st0
[FT] avgMs=17 worstMs=52 gameMs=6 drawMs=11 swapWait=1ms draws=125 decodes=0 decMs=0
[FT] avgMs=16 worstMs=50 gameMs=5 drawMs=11 swapWait=0ms draws=114 decodes=0 decMs=0
[FT] avgMs=16 worstMs=45 gameMs=5 drawMs=11 swapWait=0ms draws=102 decodes=0 decMs=0
[SH-XBOX] vblank 18600
[MEM] tick: free=2776KB (694 pages)
[FT] avgMs=16 worstMs=52 gameMs=5 drawMs=11 swapWait=0ms draws=106 decodes=0 decMs=0
[FT] avgMs=16 worstMs=48 gameMs=5 drawMs=11 swapWait=0ms draws=119 decodes=0 decMs=0
[CHNK] n=4 s0=-1,6,st3 s1=0,6,st3 s2=0,0,st0 s3=0,0,st0
[FT] avgMs=17 worstMs=53 gameMs=6 drawMs=11 swapWait=0ms draws=123 decodes=0 decMs=0
[FT] avgMs=16 worstMs=51 gameMs=5 drawMs=11 swapWait=0ms draws=116 decodes=0 decMs=0
[FT] avgMs=16 worstMs=47 gameMs=5 drawMs=11 swapWait=0ms draws=106 decodes=0 decMs=0
[SH-XBOX] vblank 19200
[MEM] tick: free=2776KB (694 pages)
[FT] avgMs=16 worstMs=17 gameMs=5 drawMs=11 swapWait=0ms draws=105 decodes=0 decMs=0
[FT] avgMs=16 worstMs=49 gameMs=5 drawMs=11 swapWait=0ms draws=116 decodes=0 decMs=0
[CHNK] n=4 s0=-1,6,st3 s1=0,6,st3 s2=0,0,st0 s3=0,0,st0
[FT] avgMs=17 worstMs=45 gameMs=5 drawMs=11 swapWait=0ms draws=129 decodes=2 decMs=0
[STP] tpage=0x2c clut=0x1930 zero=12 stp1=4
[STP] tpage=0x28 clut=0x0 zero=0 stp1=16
[STP] tpage=0x2c clut=0x1970 zero=12 stp1=4
[STP] tpage=0x39 clut=0x147 zero=0 stp1=16
[STP] tpage=0x28 clut=0x80 zero=0 stp1=16
[STP] tpage=0x2c clut=0x19b0 zero=12 stp1=4
[STP] tpage=0x2c clut=0x8c zero=8 stp1=0
[STP] tpage=0x39 clut=0x387 zero=0 stp1=16
[STP] tpage=0x39 clut=0x347 zero=0 stp1=16
[STP] tpage=0x28 clut=0x100 zero=0 stp1=16
[STP] tpage=0x38 clut=0xc6 zero=0 stp1=16
[STP] tpage=0x36 clut=0x44 zero=0 stp1=16
[VRAM] out of slots -> GPU drain #1 (alloc=42 worstPerFrame=1 totalMs=0)
[VRAM] decode #512
[VRAM] out of slots -> GPU drain #65 (alloc=42 worstPerFrame=1 totalMs=3)
[WALLANIM] pathB kf=44 travel=201 intended=474 runStepSfx=11 spdProp=14336 pos=(18814,1124365)
[FT] avgMs=29 worstMs=67 gameMs=6 drawMs=23 swapWait=1ms draws=472 decodes=670 decMs=380
[VRAM] out of slots -> GPU drain #129 (alloc=42 worstPerFrame=1 totalMs=17)
[GP-STATE-TXN] Gameplay -> sysState=10 (param=2)
[VRAM] decode #1024
[SYSSTATE] dispatch sysState=10 mapEventData=0x5968e8
[ITEMPICK] unique-item link: id=0x41 nobj=1 obj=ok
[ITEMPICK] unique-item link: id=0x41 nobj=1 obj=ok
[ITEMPICK] draw SKIPPED: slot=9 reason=scale 0 (arg2=2)
[FREEZE] capture 1280x720 in 0ms (gpu, was 165ms cpu)
[FT] avgMs=27 worstMs=61 gameMs=10 drawMs=17 swapWait=0ms draws=335 decodes=310 decMs=190
[SH-XBOX] vblank 19800
[MEM] tick: free=2776KB (694 pages)
[FT] avgMs=16 worstMs=43 gameMs=13 drawMs=3 swapWait=0ms draws=24 decodes=0 decMs=0
[SFX] Sd_PlaySfx: sfxId=1307 (Sfx_Base+27) vol=64
[GP-STATE-TXN] Gameplay -> sysState=10 (param=6)
[ITEMPICK] unique-item link: id=0x41 nobj=1 obj=ok
[ITEMPICK] unique-item link: id=0x41 nobj=1 obj=ok
[ITEMPICK] draw SKIPPED: slot=9 reason=scale 0 (arg2=2)
[FREEZE] capture 1280x720 in 0ms (gpu, was 165ms cpu)
[FT] avgMs=20 worstMs=66 gameMs=12 drawMs=8 swapWait=0ms draws=141 decodes=103 decMs=54
[SFX] Sd_PlaySfx: sfxId=1307 (Sfx_Base+27) vol=64
[VRAM] out of slots -> GPU drain #193 (alloc=42 worstPerFrame=1 totalMs=19)
[FT] avgMs=29 worstMs=61 gameMs=9 drawMs=19 swapWait=0ms draws=421 decodes=361 decMs=214
[GP-STATE-TXN] Gameplay -> sysState=10 (param=5)
[SFX] Sd_PlaySfx: sfxId=1321 (Sfx_Base+41) vol=0
[SFX] Sd_PlaySfx: sfxId=1322 (Sfx_Base+42) vol=0
[VRAM] decode #1536
[VRAM] decode #2048
[XA] Play xaIdx=42 file=1 sector=1889 sectors=21 stereo 37800Hz bits=4 filter=(6,1)
[XA] primed ring=20481 frames
[VRAM] out of slots -> GPU drain #257 (alloc=42 worstPerFrame=1 totalMs=20)
[XA] channel ended early xaIdx=42 (remaining=1/21)
[VRAM] decode #2560
[XA] finished xaIdx=42 (drained)
[FT] avgMs=43 worstMs=143 gameMs=11 drawMs=31 swapWait=0ms draws=567 decodes=1213 decMs=684
[VRAM] decode #3072
[VRAM] decode #3584
[XA] Play xaIdx=4 file=1 sector=3 sectors=78 stereo 37800Hz bits=4 filter=(1,3)
[XA] primed ring=20481 frames
[VRAM] out of slots -> GPU drain #321 (alloc=42 worstPerFrame=1 totalMs=20)
[VRAM] decode #4096
[VRAM] decode #4608
[VRAM] decode #5120
[VRAM] decode #5632
[XA] channel ended early xaIdx=4 (remaining=1/78)
[XA] finished xaIdx=4 (drained)
[VRAM] out of slots -> GPU drain #385 (alloc=42 worstPerFrame=1 totalMs=20)
[VRAM] decode #6144
[FT] avgMs=62 worstMs=182 gameMs=8 drawMs=54 swapWait=0ms draws=782 decodes=3676 decMs=2035
[CHNK] n=4 s0=-1,6,st3 s1=0,6,st3 s2=0,0,st0 s3=0,0,st0
[VRAM] decode #6656
[VRAM] decode #7168
[VRAM] decode #7680
[VRAM] out of slots -> GPU drain #449 (alloc=42 worstPerFrame=1 totalMs=20)
[VRAM] decode #8192
[VRAM] decode #8704
[WOBJ] resolved 'OUT1_HID' lmIdx=3
[WOBJ] resolved 'OUT_BLD_' lmIdx=3
[SH-XBOX] vblank 20400
[MEM] tick: free=2776KB (694 pages)
[FT] avgMs=45 worstMs=65 gameMs=8 drawMs=36 swapWait=0ms draws=674 decodes=2416 decMs=1333
[VRAM] decode #9216
[VRAM] decode #9728
[VRAM] out of slots -> GPU drain #513 (alloc=42 worstPerFrame=1 totalMs=20)
[VRAM] decode #10240
[VRAM] decode #10752
[SFX] Sd_PlaySfx: sfxId=1373 (Sfx_Base+93) vol=127
[FT] avgMs=43 worstMs=113 gameMs=9 drawMs=34 swapWait=0ms draws=627 decodes=2129 decMs=1197
[COLL-MISS] cell(0,0) pos(0,0) activeCount=4
[COLL-MISS]   slot cell(-1,6) qIdx=21 loadState=2 isLoaded=1
[COLL-MISS]   slot cell(0,6) qIdx=22 loadState=2 isLoaded=1
[COLL-MISS]   slot cell(0,0) qIdx=-1 loadState=0 isLoaded=0
[COLL-MISS]   slot cell(0,0) qIdx=-1 loadState=0 isLoaded=0
[COLL-MISS] cell(0,0) pos(0,0) activeCount=4
[COLL-MISS]   slot cell(-1,6) qIdx=21 loadState=2 isLoaded=1
[COLL-MISS]   slot cell(0,6) qIdx=22 loadState=2 isLoaded=1
[COLL-MISS]   slot cell(0,0) qIdx=-1 loadState=0 isLoaded=0
[COLL-MISS]   slot cell(0,0) qIdx=-1 loadState=0 isLoaded=0
[COLL-MISS] cell(0,-1) pos(0,-1) activeCount=4
[COLL-MISS]   slot cell(-1,6) qIdx=21 loadState=2 isLoaded=1
[COLL-MISS]   slot cell(0,6) qIdx=22 loadState=2 isLoaded=1
[COLL-MISS]   slot cell(0,0) qIdx=-1 loadState=0 isLoaded=0
[COLL-MISS]   slot cell(0,0) qIdx=-1 loadState=0 isLoaded=0
[VRAM] decode #11264
[COLL-MISS] cell(0,0) pos(0,0) activeCount=4
[COLL-MISS]   slot cell(-1,6) qIdx=21 loadState=2 isLoaded=1
[COLL-MISS]   slot cell(0,6) qIdx=22 loadState=2 isLoaded=1
[COLL-MISS]   slot cell(0,0) qIdx=-1 loadState=0 isLoaded=0
[COLL-MISS]   slot cell(0,0) qIdx=-1 loadState=0 isLoaded=0
[COLL-MISS] cell(0,0) pos(0,0) activeCount=4
[COLL-MISS]   slot cell(-1,6) qIdx=21 loadState=2 isLoaded=1
[COLL-MISS]   slot cell(0,6) qIdx=22 loadState=2 isLoaded=1
[COLL-MISS]   slot cell(0,0) qIdx=-1 loadState=0 isLoaded=0
[COLL-MISS]   slot cell(0,0) qIdx=-1 loadState=0 isLoaded=0
[COLL-MISS] cell(0,-1) pos(0,-1) activeCount=4
[COLL-MISS]   slot cell(-1,6) qIdx=21 loadState=2 isLoaded=1
[COLL-MISS]   slot cell(0,6) qIdx=22 loadState=2 isLoaded=1
[COLL-MISS]   slot cell(0,0) qIdx=-1 loadState=0 isLoaded=0
[COLL-MISS]   slot cell(0,0) qIdx=-1 loadState=0 isLoaded=0
[VRAM] decode #11776
[VRAM] out of slots -> GPU drain #577 (alloc=42 worstPerFrame=1 totalMs=21)
[VRAM] decode #12288
[SFX] Sd_PlaySfx: sfxId=1374 (Sfx_Base+94) vol=184
[SFX] Sd_PlaySfx: sfxId=1375 (Sfx_Base+95) vol=184
[COLL-MISS] cell(0,-1) pos(0,-1) activeCount=4
[COLL-MISS]   slot cell(-1,6) qIdx=21 loadState=2 isLoaded=1
[COLL-MISS]   slot cell(0,6) qIdx=22 loadState=2 isLoaded=1
[COLL-MISS]   slot cell(0,0) qIdx=-1 loadState=0 isLoaded=0
[COLL-MISS]   slot cell(0,0) qIdx=-1 loadState=0 isLoaded=0
[COLL-MISS] cell(0,-1) pos(0,-1) activeCount=4
[COLL-MISS]   slot cell(-1,6) qIdx=21 loadState=2 isLoaded=1
[COLL-MISS]   slot cell(0,6) qIdx=22 loadState=2 isLoaded=1
[COLL-MISS]   slot cell(0,0) qIdx=-1 loadState=0 isLoaded=0
[COLL-MISS]   slot cell(0,0) qIdx=-1 loadState=0 isLoaded=0
[VRAM] decode #12800
[COLL-MISS] cell(0,-1) pos(0,-1) activeCount=4
[COLL-MISS]   slot cell(-1,6) qIdx=21 loadState=2 isLoaded=1
[COLL-MISS]   slot cell(0,6) qIdx=22 loadState=2 isLoaded=1
[COLL-MISS]   slot cell(0,0) qIdx=-1 loadState=0 isLoaded=0
[COLL-MISS]   slot cell(0,0) qIdx=-1 loadState=0 isLoaded=0
[COLL-MISS] cell(0,-1) pos(0,-1) activeCount=4
[COLL-MISS]   slot cell(-1,6) qIdx=21 loadState=2 isLoaded=1
[COLL-MISS]   slot cell(0,6) qIdx=22 loadState=2 isLoaded=1
[COLL-MISS]   slot cell(0,0) qIdx=-1 loadState=0 isLoaded=0
[COLL-MISS]   slot cell(0,0) qIdx=-1 loadState=0 isLoaded=0
[COLL-MISS] cell(0,-1) pos(0,-1) activeCount=4
[COLL-MISS]   slot cell(-1,6) qIdx=21 loadState=2 isLoaded=1
[COLL-MISS]   slot cell(0,6) qIdx=22 loadState=2 isLoaded=1
[COLL-MISS]   slot cell(0,0) qIdx=-1 loadState=0 isLoaded=0
[COLL-MISS]   slot cell(0,0) qIdx=-1 loadState=0 isLoaded=0
[SFX] Sd_PlaySfx: sfxId=1382 (Sfx_Base+102) vol=0
[COLL-MISS] cell(0,-1) pos(1,-1) activeCount=4
[COLL-MISS]   slot cell(-1,6) qIdx=21 loadState=2 isLoaded=1
[COLL-MISS]   slot cell(0,6) qIdx=22 loadState=2 isLoaded=1
[COLL-MISS]   slot cell(0,0) qIdx=-1 loadState=0 isLoaded=0
[COLL-MISS]   slot cell(0,0) qIdx=-1 loadState=0 isLoaded=0
[WOBJ] resolved 'BRK_BLD1' lmIdx=4
[WOBJ] resolved 'BRK_GLS1' lmIdx=4
[WOBJ] resolved 'BRK_GLS2' lmIdx=4
[BGM] ChannelSet bgmIdx=30 cmd=798
[SFX] Sd_PlaySfx: sfxId=1317 (Sfx_Base+37) vol=191
[COLL-MISS] cell(0,-1) pos(1,-1) activeCount=4
[COLL-MISS]   slot cell(-1,6) qIdx=21 loadState=2 isLoaded=1
[COLL-MISS]   slot cell(0,6) qIdx=22 loadState=2 isLoaded=1
[COLL-MISS]   slot cell(0,0) qIdx=-1 loadState=0 isLoaded=0
[COLL-MISS]   slot cell(0,0) qIdx=-1 loadState=0 isLoaded=0
[SH_DRIP] key_on song=0 ch=1 prog=0 note=63 bank=127 vabId=3 tones=1 match=1 vab2match=1
[SH_DRIP] key_on song=0 ch=2 prog=1 note=70 bank=127 vabId=3 tones=1 match=1 vab2match=0
[SH_DRIP] key_on song=0 ch=3 prog=4 note=60 bank=127 vabId=3 tones=1 match=1 vab2match=0
[SH_DRIP] key_on song=0 ch=5 prog=2 note=55 bank=127 vabId=3 tones=1 match=1 vab2match=1
[SFX] Sd_PlaySfx: sfxId=1379 (Sfx_Base+99) vol=44
[COLL-MISS] cell(0,0) pos(0,0) activeCount=4
[COLL-MISS]   slot cell(-1,6) qIdx=21 loadState=2 isLoaded=1
[COLL-MISS]   slot cell(0,6) qIdx=22 loadState=2 isLoaded=1
[COLL-MISS]   slot cell(0,0) qIdx=-1 loadState=0 isLoaded=0
[COLL-MISS]   slot cell(0,0) qIdx=-1 loadState=0 isLoaded=0
[SH_DRIP] key_on song=0 ch=6 prog=1 note=70 bank=127 vabId=3 tones=1 match=1 vab2match=0
[VRAM] decode #13312
[COLL-MISS] cell(0,0) pos(2,0) activeCount=4
[COLL-MISS]   slot cell(-1,6) qIdx=21 loadState=2 isLoaded=1
[COLL-MISS]   slot cell(0,6) qIdx=22 loadState=2 isLoaded=1
[COLL-MISS]   slot cell(0,0) qIdx=-1 loadState=0 isLoaded=0
[COLL-MISS]   slot cell(0,0) qIdx=-1 loadState=0 isLoaded=0
[COLL-MISS] cell(0,-1) pos(1,-1) activeCount=4
[COLL-MISS]   slot cell(-1,6) qIdx=21 loadState=2 isLoaded=1
[COLL-MISS]   slot cell(0,6) qIdx=22 loadState=2 isLoaded=1
[COLL-MISS]   slot cell(0,0) qIdx=-1 loadState=0 isLoaded=0
[COLL-MISS]   slot cell(0,0) qIdx=-1 loadState=0 isLoaded=0
[SFX] Sd_PlaySfx: sfxId=1381 (Sfx_Base+101) vol=62
[VRAM] decode #13824
[VRAM] out of slots -> GPU drain #641 (alloc=42 worstPerFrame=3 totalMs=24)
[SFX] Sd_PlaySfx: sfxId=1381 (Sfx_Base+101) vol=94
[VRAM] decode #14336
[SFX] Sd_PlaySfx: sfxId=1381 (Sfx_Base+101) vol=90
[FT] avgMs=61 worstMs=121 gameMs=9 drawMs=51 swapWait=0ms draws=792 decodes=3810 decMs=2079
[VRAM] decode #14848
[SFX] Sd_PlaySfx: sfxId=1381 (Sfx_Base+101) vol=87
[VRAM] decode #15360
[SFX] Sd_PlaySfx: sfxId=1381 (Sfx_Base+101) vol=93
[VRAM] decode #15872
[VRAM] out of slots -> GPU drain #705 (alloc=42 worstPerFrame=3 totalMs=25)
[SFX] Sd_PlaySfx: sfxId=1381 (Sfx_Base+101) vol=97
[VRAM] decode #16384
[SFX] Sd_PlaySfx: sfxId=1381 (Sfx_Base+101) vol=95
[VRAM] decode #16896
[SFX] Sd_PlaySfx: sfxId=1381 (Sfx_Base+101) vol=95
[VRAM] decode #17408
[SYSSTATE] dispatch sysState=2 mapEventData=0
[FOGST-GPU] clear=0xff000000
[SH-XBOX] GameState -> 19 (step 0)
[BOOT0/TIM] PostLoadTim file=1485 'HEROPIC2.TIM' ss=0x5bb6 img.u=12 img.v=103 tPage=1,31 clutX=224 clutY=13
[BOOT0/TIM] post ReadTIM: prect=0xfac94c caddr=0xfac748 paddr=0xfac954 mode=9
[BOOT0/TIM] pre pixel LoadImage rect=(972,359 52x152)
[BOOT0/TIM] pre CLUT LoadImage rect=(224,13 256x1)
[BOOT0/TIM] PostLoadTim done
[SH-XBOX] GameState -> 14 (step 0)
[ITEMPICK] map-pack link: slot=3 loadableIdx=0 nobj=34 obj=ok
[ITEMPICK] map-pack link: slot=4 loadableIdx=8 nobj=34 obj=ok
[ITEMPICK] map-pack link: slot=5 loadableIdx=3 nobj=34 obj=ok
[ITEMPICK] map-pack link: slot=6 loadableIdx=15 nobj=34 obj=ok
[FT] avgMs=52 worstMs=137 gameMs=9 drawMs=42 swapWait=0ms draws=558 decodes=2889 decMs=1629
[SFX] Sd_PlaySfx: sfxId=1305 (Sfx_Base+25) vol=64
[RA] http POST http://retroachievements.org/dorequest.php
[NET] POST retroachievements.org -> 200 (16 bytes)
[RA] http -> status=200 bodyLen=16 body='{"Success":true}'
[SFX] Sd_PlaySfx: sfxId=1305 (Sfx_Base+25) vol=64
[SFX] Sd_PlaySfx: sfxId=1305 (Sfx_Base+25) vol=64
[FT] avgMs=21 worstMs=454 gameMs=7 drawMs=13 swapWait=0ms draws=98 decodes=0 decMs=0
[SFX] Sd_PlaySfx: sfxId=1307 (Sfx_Base+27) vol=64
[SFX] Sd_PlaySfx: sfxId=1307 (Sfx_Base+27) vol=64
[ITEMPICK] map-pack link: slot=7 loadableIdx=8 nobj=34 obj=ok
[SFX] Sd_PlaySfx: sfxId=1306 (Sfx_Base+26) vol=64
[SFX] Sd_PlaySfx: sfxId=1306 (Sfx_Base+26) vol=64
[WEP_DBG] handgun pre-copy D_800AFBF4[6]: sfx0=1283 sfx2=1284 sfx4=1285 aim6=66 att7=72 hold8=61 f9=37 fA=37 fB=0 sizeof=12
[WEP_DBG] handgun post-copy g_Player_EquippedWeaponInfo: sfx0=1283 sfx2=1284 sfx4=1285 aim6=66 att7=72 hold8=61 f9=37 fA=37 fB=0 sizeof=12
[RELOAD_KF] weap=32 blendStart=-1 blendEnd=605 activeEnd=658
[WEP_LOAD] weaponAttack=32 FS_BUFFER_12=0xeea2e8 — queuing weapon ANM
[WEP_LOAD] post-load FS_BUFFER_12 first 16 bytes: 00 fa 00 7f ff fd 01 7f fe 03 02 7f 7f 01 01 ff
[WEP_LOAD] HARRY_BASE_ANIM_INFOS[56] status=56 hasVar=0 link=57 sk=-1 ek=570
[WEP_LOAD] HARRY_BASE_ANIM_INFOS[57] status=57 hasVar=0 link=57 sk=570 ek=579
[WEP_LOAD] g_Player_EquippedWeaponInfo: attackSfx=1283 animStop=66 animAttack=72 animHold=61 sizeof=12
[SH-XBOX] vblank 21000
[MEM] tick: free=2584KB (646 pages)
[FT] avgMs=17 worstMs=51 gameMs=7 drawMs=10 swapWait=0ms draws=84 decodes=0 decMs=0
[SH-XBOX] GameState -> 11 (step 0)
[SFX] Sd_PlaySfx: sfxId=1321 (Sfx_Base+41) vol=0
[SFX] Sd_PlaySfx: sfxId=1322 (Sfx_Base+42) vol=0
[SFX] Sd_PlaySfx: sfxId=1378 (Sfx_Base+98) vol=95
[SFX] Sd_PlaySfx: sfxId=1381 (Sfx_Base+101) vol=93
[VRAM] decode #17920
[SFX] Sd_PlaySfx: sfxId=1283 (Sfx_Base+3) vol=0
[SFX] Sd_PlaySfx: sfxId=1286 (Sfx_Base+6) vol=0
[MUZZLE] depth150=1796 size160=1 f158=0 f2C=224 xy=(13,-37) rgb=(62,249,18) fieldB=0
[MUZZLE] depth150=1790 size160=2 f158=0 f2C=224 xy=(13,-37) rgb=(45,48,51) fieldB=1
[MUZZLE] depth150=1795 size160=1 f158=0 f2C=224 xy=(12,-36) rgb=(45,48,51) fieldB=2
[SFX] Sd_PlaySfx: sfxId=1377 (Sfx_Base+97) vol=0
[MUZZLE] depth150=1796 size160=2 f158=127 f2C=224 xy=(14,-36) rgb=(62,249,18) fieldB=0
[MUZZLE] depth150=1790 size160=2 f158=120 f2C=224 xy=(14,-36) rgb=(82,87,93) fieldB=1
[MUZZLE] depth150=1795 size160=2 f158=130 f2C=224 xy=(13,-36) rgb=(80,85,91) fieldB=2
[MUZZLE] depth150=1796 size160=2 f158=282 f2C=224 xy=(15,-36) rgb=(134,246,63) fieldB=0
[MUZZLE] depth150=1790 size160=2 f158=261 f2C=224 xy=(15,-36) rgb=(94,100,107) fieldB=1
[MUZZLE] depth150=1795 size160=2 f158=258 f2C=224 xy=(14,-35) rgb=(95,101,108) fieldB=2
[MUZZLE] depth150=1796 size160=2 f158=401 f2C=224 xy=(16,-35) rgb=(20,0,234) fieldB=0
[MUZZLE] depth150=1792 size160=2 f158=394 f2C=224 xy=(16,-36) rgb=(86,91,98) fieldB=1
[MUZZLE] depth150=1797 size160=2 f158=414 f2C=224 xy=(15,-35) rgb=(86,92,99) fieldB=2
[SFX] Sd_PlaySfx: sfxId=1377 (Sfx_Base+97) vol=0
[MUZZLE] depth150=1795 size160=2 f158=545 f2C=224 xy=(16,-35) rgb=(21,0,234) fieldB=0
[MUZZLE] depth150=1793 size160=2 f158=529 f2C=224 xy=(16,-36) rgb=(76,81,87) fieldB=1
[MUZZLE] depth150=1797 size160=2 f158=560 f2C=224 xy=(15,-35) rgb=(77,82,88) fieldB=2
[MUZZLE] depth150=1794 size160=3 f158=672 f2C=224 xy=(16,-35) rgb=(22,0,234) fieldB=0
[VRAM] out of slots -> GPU drain #769 (alloc=42 worstPerFrame=3 totalMs=25)
[VRAM] decode #18432
[SFX] Sd_PlaySfx: sfxId=1381 (Sfx_Base+101) vol=60
[ATTACK-DONE] st=61 lookupSt=61 kf=604 -> pcAttackDone
[FOGST-GPU] clear=0xff6c6474
[ATTACK-DONE] st=61 lookupSt=61 kf=604 -> pcAttackDone
[ATTACK-DONE] st=61 lookupSt=61 kf=604 -> pcAttackDone
[VRAM] decode #18944
[SFX] Sd_PlaySfx: sfxId=1283 (Sfx_Base+3) vol=0
[SFX] Sd_PlaySfx: sfxId=1286 (Sfx_Base+6) vol=0
[RA] watch 84008: state=2 unlocked=1786116799 flags[4B4]=00 flags[4A1]=00 word4=0x00000000 setbits=43 map=1/36
[VRAM] decode #19456
[SFX] Sd_PlaySfx: sfxId=1381 (Sfx_Base+101) vol=47
[ATTACK-DONE] st=61 lookupSt=61 kf=604 -> pcAttackDone
[ATTACK-DONE] st=61 lookupSt=61 kf=604 -> pcAttackDone
[SFX] Sd_PlaySfx: sfxId=1283 (Sfx_Base+3) vol=0
[SFX] Sd_PlaySfx: sfxId=1286 (Sfx_Base+6) vol=0
[SFX] Sd_PlaySfx: sfxId=1377 (Sfx_Base+97) vol=0
[SFX] Sd_PlaySfx: sfxId=1377 (Sfx_Base+97) vol=0
[VRAM] decode #19968
[SFX] Sd_PlaySfx: sfxId=1381 (Sfx_Base+101) vol=69
[ATTACK-DONE] st=61 lookupSt=61 kf=604 -> pcAttackDone
[SFX] Sd_PlaySfx: sfxId=1283 (Sfx_Base+3) vol=0
[SFX] Sd_PlaySfx: sfxId=1286 (Sfx_Base+6) vol=0
[VRAM] decode #20480
[VRAM] out of slots -> GPU drain #833 (alloc=42 worstPerFrame=3 totalMs=26)
[ATTACK-DONE] st=61 lookupSt=61 kf=604 -> pcAttackDone
[VRAM] decode #20992
[SFX] Sd_PlaySfx: sfxId=1283 (Sfx_Base+3) vol=0
[SFX] Sd_PlaySfx: sfxId=1286 (Sfx_Base+6) vol=14
[SFX] Sd_SfxStop: sfxId=1376 (Sfx_Base+96)
[SFX] Sd_PlaySfx: sfxId=1380 (Sfx_Base+100) vol=0
[SFX] Sd_PlaySfx: sfxId=1381 (Sfx_Base+101) vol=87
[VRAM] decode #21504
[ATTACK-DONE] st=61 lookupSt=61 kf=604 -> pcAttackDone
[SFX] Sd_PlaySfx: sfxId=1381 (Sfx_Base+101) vol=65
[FT] avgMs=64 worstMs=98 gameMs=8 drawMs=56 swapWait=0ms draws=735 decodes=4340 decMs=2399
[VRAM] decode #22016
[SFX] Sd_PlaySfx: sfxId=1316 (Sfx_Base+36) vol=0
[VRAM] decode #22528
[VRAM] decode #23040
[VRAM] out of slots -> GPU drain #897 (alloc=42 worstPerFrame=3 totalMs=26)
[GP-STATE-TXN] Gameplay -> sysState=10 (param=11)
[SYSSTATE] dispatch sysState=10 mapEventData=0x596924
[XA] Play xaIdx=5 file=1 sector=4 sectors=77 stereo 37800Hz bits=4 filter=(1,4)
[XA] primed ring=20481 frames
[CHNK] n=4 s0=-1,6,st3 s1=0,6,st3 s2=0,0,st0 s3=0,0,st0
[VRAM] decode #23552
[VRAM] decode #24064
[VRAM] out of slots -> GPU drain #961 (alloc=42 worstPerFrame=3 totalMs=26)
[XA] channel ended early xaIdx=5 (remaining=1/77)
[VRAM] decode #24576
[XA] finished xaIdx=5 (drained)
[FT] avgMs=62 worstMs=171 gameMs=9 drawMs=52 swapWait=0ms draws=722 decodes=3007 decMs=1672
[VRAM] decode #25088
[SYSSTATE] dispatch sysState=2 mapEventData=0
[FOGST-GPU] clear=0xff000000
[SH-XBOX] GameState -> 19 (step 0)
[BOOT0/TIM] PostLoadTim file=1485 'HEROPIC2.TIM' ss=0x5bb6 img.u=12 img.v=103 tPage=1,31 clutX=224 clutY=13
[BOOT0/TIM] post ReadTIM: prect=0xfac94c caddr=0xfac748 paddr=0xfac954 mode=9
[BOOT0/TIM] pre pixel LoadImage rect=(972,359 52x152)
[BOOT0/TIM] pre CLUT LoadImage rect=(224,13 256x1)
[BOOT0/TIM] PostLoadTim done
[SH-XBOX] GameState -> 14 (step 0)
[ITEMPICK] map-pack link: slot=2 loadableIdx=0 nobj=34 obj=ok
[ITEMPICK] map-pack link: slot=3 loadableIdx=8 nobj=34 obj=ok
[ITEMPICK] map-pack link: slot=4 loadableIdx=3 nobj=34 obj=ok
[ITEMPICK] map-pack link: slot=5 loadableIdx=15 nobj=34 obj=ok
[ITEMPICK] map-pack link: slot=7 loadableIdx=8 nobj=34 obj=ok
[SFX] Sd_PlaySfx: sfxId=1305 (Sfx_Base+25) vol=64
[SFX] Sd_PlaySfx: sfxId=1305 (Sfx_Base+25) vol=64
[FT] avgMs=22 worstMs=129 gameMs=9 drawMs=12 swapWait=0ms draws=172 decodes=223 decMs=95
[SFX] Sd_PlaySfx: sfxId=1307 (Sfx_Base+27) vol=64
[BOOT0/TIM] PostLoadTim file=1919 'OPTION.TIM' ss=0x8a38 img.u=0 img.v=16 tPage=1,5 clutX=224 clutY=14
[BOOT0/TIM] post ReadTIM: prect=0xfac94c caddr=0xfac748 paddr=0xfac954 mode=9
[BOOT0/TIM] pre pixel LoadImage rect=(320,16 160x240)
[BOOT0/TIM] pre CLUT LoadImage rect=(224,14 256x1)
[BOOT0/TIM] PostLoadTim done
[SH-XBOX] GameState -> 18 (step 0)
[SFX] Sd_PlaySfx: sfxId=1305 (Sfx_Base+25) vol=64
[SFX] Sd_PlaySfx: sfxId=1305 (Sfx_Base+25) vol=64
[SFX] Sd_PlaySfx: sfxId=1305 (Sfx_Base+25) vol=64
[FT] avgMs=18 worstMs=136 gameMs=12 drawMs=6 swapWait=0ms draws=63 decodes=2 decMs=1
[SFX] Sd_PlaySfx: sfxId=1307 (Sfx_Base+27) vol=64
[SFX] Sd_PlaySfx: sfxId=1305 (Sfx_Base+25) vol=64
[SFX] Sd_PlaySfx: sfxId=1305 (Sfx_Base+25) vol=64
[SFX] Sd_PlaySfx: sfxId=1305 (Sfx_Base+25) vol=64
[SFX] Sd_PlaySfx: sfxId=1305 (Sfx_Base+25) vol=64
[SH-XBOX] vblank 21600
[MEM] tick: free=2584KB (646 pages)
[SFX] Sd_PlaySfx: sfxId=1305 (Sfx_Base+25) vol=64
[FT] avgMs=17 worstMs=50 gameMs=12 drawMs=4 swapWait=0ms draws=90 decodes=0 decMs=0
[SFX] Sd_PlaySfx: sfxId=1305 (Sfx_Base+25) vol=64
[SFX] Sd_PlaySfx: sfxId=1305 (Sfx_Base+25) vol=64
[SFX] Sd_PlaySfx: sfxId=1305 (Sfx_Base+25) vol=64
[SFX] Sd_PlaySfx: sfxId=1305 (Sfx_Base+25) vol=64
[EXITMENU] pressed gameStatePrev=14 gameState=18
[SFX] Sd_PlaySfx: sfxId=1307 (Sfx_Base+27) vol=64
[XA] SetVolume L=0 R=0
[SH_AMB] Sd_AmbientSfxSet idx=1 -> loadCmd=162
[BOOT0/TIM] PostLoadTim file=1980 'TITLE_E.TIM' ss=0x90b7 img.u=32 img.v=0 tPage=1,13 clutX=224 clutY=15
[BOOT0/TIM] post ReadTIM: prect=0xf7c94c caddr=0xf7c748 paddr=0xf7c954 mode=9
[BOOT0/TIM] pre pixel LoadImage rect=(864,0 160x480)
[BOOT0/TIM] pre CLUT LoadImage rect=(224,15 256x1)
[BOOT0/TIM] PostLoadTim done
[SH-XBOX] GameState -> 7 (step 0)
[BOOT-STEP] GameStartup step=0 qlen=0
[TRANSITION] GameStartup step=0: processFlags=0x20 (BootDemo) sizeof(s_WorldGfxWork)=11708
[BOOT-STEP] GameStartup step=1 qlen=0
[FT] avgMs=18 worstMs=110 gameMs=13 drawMs=4 swapWait=0ms draws=64 decodes=10 decMs=8
[SFX] Sd_PlaySfx: sfxId=1305 (Sfx_Base+25) vol=0
[SFX] Sd_PlaySfx: sfxId=1305 (Sfx_Base+25) vol=0
[SFX] Sd_PlaySfx: sfxId=1305 (Sfx_Base+25) vol=0
[FT] avgMs=17 worstMs=87 gameMs=12 drawMs=4 swapWait=0ms draws=21 decodes=0 decMs=0
[SFX] Sd_PlaySfx: sfxId=1305 (Sfx_Base+25) vol=0
[SFX] Sd_PlaySfx: sfxId=1305 (Sfx_Base+25) vol=0
[SFX] Sd_PlaySfx: sfxId=1305 (Sfx_Base+25) vol=0
[SFX] Sd_PlaySfx: sfxId=1305 (Sfx_Base+25) vol=0
[SFX] Sd_PlaySfx: sfxId=1305 (Sfx_Base+25) vol=0
[SFX] Sd_PlaySfx: sfxId=1305 (Sfx_Base+25) vol=0
[SFX] Sd_PlaySfx: sfxId=1305 (Sfx_Base+25) vol=0
[SFX] Sd_PlaySfx: sfxId=1305 (Sfx_Base+25) vol=0
[SFX] Sd_PlaySfx: sfxId=1305 (Sfx_Base+25) vol=0
[FT] avgMs=16 worstMs=46 gameMs=12 drawMs=4 swapWait=0ms draws=21 decodes=0 decMs=0
[SFX] Sd_PlaySfx: sfxId=1305 (Sfx_Base+25) vol=0
[SFX] Sd_PlaySfx: sfxId=1305 (Sfx_Base+25) vol=0
[SFX] Sd_PlaySfx: sfxId=1281 (Sfx_Base+1) vol=0
[BOOT0/TIM] PostLoadTim file=1939 'SAVELOAD.TIM' ss=0x8ced img.u=0 img.v=16 tPage=1,5 clutX=224 clutY=14
[BOOT0/TIM] post ReadTIM: prect=0xfac94c caddr=0xfac748 paddr=0xfac954 mode=9
[BOOT0/TIM] pre pixel LoadImage rect=(320,16 160x240)
[BOOT0/TIM] pre CLUT LoadImage rect=(224,14 256x1)
[BOOT0/TIM] PostLoadTim done
[FT] avgMs=17 worstMs=71 gameMs=12 drawMs=5 swapWait=0ms draws=21 decodes=0 decMs=0
[SH-XBOX] GameState -> 8 (step 0)
[SH-XBOX] vblank 22200
[MEM] tick: free=2584KB (646 pages)
[FT] avgMs=17 worstMs=137 gameMs=12 drawMs=4 swapWait=0ms draws=76 decodes=2 decMs=2
[SFX] Sd_PlaySfx: sfxId=1306 (Sfx_Base+26) vol=0
[SH-XBOX] GameState -> 7 (step 0)
[BOOT-STEP] GameStartup step=0 qlen=0
[TRANSITION] GameStartup step=0: processFlags=0x20 (BootDemo) sizeof(s_WorldGfxWork)=11708
[BOOT-STEP] GameStartup step=1 qlen=0
[SFX] Sd_PlaySfx: sfxId=1305 (Sfx_Base+25) vol=0
[FT] avgMs=16 worstMs=45 gameMs=12 drawMs=4 swapWait=0ms draws=61 decodes=0 decMs=0
[SFX] Sd_PlaySfx: sfxId=1305 (Sfx_Base+25) vol=0
[SFX] Sd_PlaySfx: sfxId=1305 (Sfx_Base+25) vol=0
[SFX] Sd_PlaySfx: sfxId=1305 (Sfx_Base+25) vol=0
